🧪 Tests (unit)
failed 25 minutes ago in 29s
Search logs
1s
0s
2s
9s
15s
Run npm run test:unit

> vite_react_shadcn_ts@0.0.0 test:unit
> vitest run --coverage

[baseline-browser-mapping] The data in this module is over two months old.  To ensure accurate Baseline data, please update: `npm i baseline-browser-mapping@latest -D`

 RUN  v3.2.4 /home/runner/work/FLOWBills/FLOWBills
      Coverage enabled with v8

 ✓ src/__tests__/lib/pricing.test.ts (18 tests) 28ms
 ✓ src/__tests__/e-invoicing/golden-tests.test.ts (13 tests) 14ms
stderr | src/__tests__/integration/app-functionality.test.tsx > Application Integration Tests > should render application without crashing
stdout | src/__tests__/integration/app-functionality.test.tsx > Application Integration Tests > should render application without crashing
⚠️ React Router Future Flag Warning: React Router will begin wrapping state updates in `React.startTransition` in v7. You can use the `v7_startTransition` future flag to opt-in early. For more information, see https://reactrouter.com/v6/upgrading/future#v7_starttransition.
⚠️ React Router Future Flag Warning: Relative route resolution within Splat routes is changing in v7. You can use the `v7_relativeSplatPath` future flag to opt-in early. For more information, see https://reactrouter.com/v6/upgrading/future#v7_relativesplatpath.

[Auth] State changed: INITIAL_SESSION User: undefined

stdout | src/__tests__/integration/app-functionality.test.tsx > Application Integration Tests > should render application without crashing
[Auth] State changed: INITIAL_SESSION User: undefined

stderr | src/__tests__/integration/app-functionality.test.tsx > Application Integration Tests > should render application without crashing
react-i18next:: useTranslation: You will need to pass in an i18next instance by using initReactI18next { code: 'NO_I18NEXT_INSTANCE' }

stderr | src/__tests__/integration/app-functionality.test.tsx > Application Integration Tests > should handle errors gracefully with ErrorBoundary
stdout | src/__tests__/integration/app-functionality.test.tsx > Application Integration Tests > should handle errors gracefully with ErrorBoundary
[Auth] State changed: INITIAL_SESSION User: undefined

Error: Test error
    at ThrowError (/home/runner/work/FLOWBills/FLOWBills/src/__tests__/integration/app-functionality.test.tsx:115:13)
    at renderWithHooks (/home/runner/work/FLOWBills/FLOWBills/node_modules/react-dom/cjs/react-dom.development.js:15486:18)
    at mountIndeterminateComponent (/home/runner/work/FLOWBills/FLOWBills/node_modules/react-dom/cjs/react-dom.development.js:20103:13)
    at beginWork (/home/runner/work/FLOWBills/FLOWBills/node_modules/react-dom/cjs/react-dom.development.js:21626:16)
    at HTMLUnknownElement.callCallback (/home/runner/work/FLOWBills/FLOWBills/node_modules/react-dom/cjs/react-dom.development.js:4164:14)
    at HTMLUnknownElement.callTheUserObjectsOperation (/home/runner/work/FLOWBills/FLOWBills/node_modules/jsdom/lib/jsdom/living/generated/EventListener.js:26:30)
    at innerInvokeEventListeners (/home/runner/work/FLOWBills/FLOWBills/node_modules/jsdom/lib/jsdom/living/events/EventTarget-impl.js:360:16)
    at invokeEventListeners (/home/runner/work/FLOWBills/FLOWBills/node_modules/jsdom/lib/jsdom/living/events/EventTarget-impl.js:296:3)
    at HTMLUnknownElementImpl._dispatch (/home/runner/work/FLOWBills/FLOWBills/node_modules/jsdom/lib/jsdom/living/events/EventTarget-impl.js:243:9)
    at HTMLUnknownElementImpl.dispatchEvent (/home/runner/work/FLOWBills/FLOWBills/node_modules/jsdom/lib/jsdom/living/events/EventTarget-impl.js:114:17)
Error: Test error
    at ThrowError (/home/runner/work/FLOWBills/FLOWBills/src/__tests__/integration/app-functionality.test.tsx:115:13)
    at renderWithHooks (/home/runner/work/FLOWBills/FLOWBills/node_modules/react-dom/cjs/react-dom.development.js:15486:18)
    at mountIndeterminateComponent (/home/runner/work/FLOWBills/FLOWBills/node_modules/react-dom/cjs/react-dom.development.js:20103:13)
    at beginWork (/home/runner/work/FLOWBills/FLOWBills/node_modules/react-dom/cjs/react-dom.development.js:21626:16)
    at HTMLUnknownElement.callCallback (/home/runner/work/FLOWBills/FLOWBills/node_modules/react-dom/cjs/react-dom.development.js:4164:14)
    at HTMLUnknownElement.callTheUserObjectsOperation (/home/runner/work/FLOWBills/FLOWBills/node_modules/jsdom/lib/jsdom/living/generated/EventListener.js:26:30)
    at innerInvokeEventListeners (/home/runner/work/FLOWBills/FLOWBills/node_modules/jsdom/lib/jsdom/living/events/EventTarget-impl.js:360:16)
    at invokeEventListeners (/home/runner/work/FLOWBills/FLOWBills/node_modules/jsdom/lib/jsdom/living/events/EventTarget-impl.js:296:3)
    at HTMLUnknownElementImpl._dispatch (/home/runner/work/FLOWBills/FLOWBills/node_modules/jsdom/lib/jsdom/living/events/EventTarget-impl.js:243:9)
    at HTMLUnknownElementImpl.dispatchEvent (/home/runner/work/FLOWBills/FLOWBills/node_modules/jsdom/lib/jsdom/living/events/EventTarget-impl.js:114:17)
The above error occurred in the <ThrowError> component:

    at ThrowError (/home/runner/work/FLOWBills/FLOWBills/src/__tests__/integration/app-functionality.test.tsx:161:19)
    at ErrorBoundary (/home/runner/work/FLOWBills/FLOWBills/src/components/error-boundary/ErrorBoundary.tsx:210:5)
    at AuthProvider (/home/runner/work/FLOWBills/FLOWBills/src/hooks/useAuth.tsx:10:25)
    at Router (/home/runner/work/FLOWBills/FLOWBills/node_modules/react-router/dist/umd/react-router.development.js:1207:17)
    at MemoryRouter (/home/runner/work/FLOWBills/FLOWBills/node_modules/react-router/dist/umd/react-router.development.js:1101:7)
    at Provider (file:///home/runner/work/FLOWBills/FLOWBills/node_modules/@radix-ui/react-context/dist/index.mjs:27:15)
    at TooltipProvider (file:///home/runner/work/FLOWBills/FLOWBills/node_modules/@radix-ui/react-tooltip/dist/index.mjs:29:5)
    at QueryClientProvider (file:///home/runner/work/FLOWBills/FLOWBills/node_modules/@tanstack/react-query/build/modern/QueryClientProvider.js:20:3)

React will try to recreate this component tree from scratch using the error boundary you provided, ErrorBoundary.
============================================
[FlowBills ErrorBoundary] Caught an error!
Error: Error: Test error
    at ThrowError (/home/runner/work/FLOWBills/FLOWBills/src/__tests__/integration/app-functionality.test.tsx:115:13)
    at renderWithHooks (/home/runner/work/FLOWBills/FLOWBills/node_modules/react-dom/cjs/react-dom.development.js:15486:18)
    at mountIndeterminateComponent (/home/runner/work/FLOWBills/FLOWBills/node_modules/react-dom/cjs/react-dom.development.js:20103:13)
    at beginWork (/home/runner/work/FLOWBills/FLOWBills/node_modules/react-dom/cjs/react-dom.development.js:21626:16)
    at beginWork$1 (/home/runner/work/FLOWBills/FLOWBills/node_modules/react-dom/cjs/react-dom.development.js:27465:14)
    at performUnitOfWork (/home/runner/work/FLOWBills/FLOWBills/node_modules/react-dom/cjs/react-dom.development.js:26599:12)
    at workLoopSync (/home/runner/work/FLOWBills/FLOWBills/node_modules/react-dom/cjs/react-dom.development.js:26505:5)
    at renderRootSync (/home/runner/work/FLOWBills/FLOWBills/node_modules/react-dom/cjs/react-dom.development.js:26473:7)
    at recoverFromConcurrentError (/home/runner/work/FLOWBills/FLOWBills/node_modules/react-dom/cjs/react-dom.development.js:25889:20)
    at performConcurrentWorkOnRoot (/home/runner/work/FLOWBills/FLOWBills/node_modules/react-dom/cjs/react-dom.development.js:25789:22)
Error name: Error
Error message: Test error
Error stack: Error: Test error
    at ThrowError (/home/runner/work/FLOWBills/FLOWBills/src/__tests__/integration/app-functionality.test.tsx:115:13)
    at renderWithHooks (/home/runner/work/FLOWBills/FLOWBills/node_modules/react-dom/cjs/react-dom.development.js:15486:18)
    at mountIndeterminateComponent (/home/runner/work/FLOWBills/FLOWBills/node_modules/react-dom/cjs/react-dom.development.js:20103:13)
    at beginWork (/home/runner/work/FLOWBills/FLOWBills/node_modules/react-dom/cjs/react-dom.development.js:21626:16)
    at beginWork$1 (/home/runner/work/FLOWBills/FLOWBills/node_modules/react-dom/cjs/react-dom.development.js:27465:14)
    at performUnitOfWork (/home/runner/work/FLOWBills/FLOWBills/node_modules/react-dom/cjs/react-dom.development.js:26599:12)
    at workLoopSync (/home/runner/work/FLOWBills/FLOWBills/node_modules/react-dom/cjs/react-dom.development.js:26505:5)
    at renderRootSync (/home/runner/work/FLOWBills/FLOWBills/node_modules/react-dom/cjs/react-dom.development.js:26473:7)
    at recoverFromConcurrentError (/home/runner/work/FLOWBills/FLOWBills/node_modules/react-dom/cjs/react-dom.development.js:25889:20)
    at performConcurrentWorkOnRoot (/home/runner/work/FLOWBills/FLOWBills/node_modules/react-dom/cjs/react-dom.development.js:25789:22)
Component stack: 
    at ThrowError (/home/runner/work/FLOWBills/FLOWBills/src/__tests__/integration/app-functionality.test.tsx:161:19)
    at ErrorBoundary (/home/runner/work/FLOWBills/FLOWBills/src/components/error-boundary/ErrorBoundary.tsx:210:5)
    at AuthProvider (/home/runner/work/FLOWBills/FLOWBills/src/hooks/useAuth.tsx:10:25)
    at Router (/home/runner/work/FLOWBills/FLOWBills/node_modules/react-router/dist/umd/react-router.development.js:1207:17)
    at MemoryRouter (/home/runner/work/FLOWBills/FLOWBills/node_modules/react-router/dist/umd/react-router.development.js:1101:7)
    at Provider (file:///home/runner/work/FLOWBills/FLOWBills/node_modules/@radix-ui/react-context/dist/index.mjs:27:15)
    at TooltipProvider (file:///home/runner/work/FLOWBills/FLOWBills/node_modules/@radix-ui/react-tooltip/dist/index.mjs:29:5)
    at QueryClientProvider (file:///home/runner/work/FLOWBills/FLOWBills/node_modules/@tanstack/react-query/build/modern/QueryClientProvider.js:20:3)
Timestamp: 2026-01-13T04:46:29.049Z
URL: http://localhost:3000/
User agent: Mozilla/5.0 (linux) AppleWebKit/537.36 (KHTML, like Gecko) jsdom/27.0.0
============================================

stderr | src/__tests__/integration/app-functionality.test.tsx > Application Integration Tests > should handle errors gracefully with ErrorBoundary
Warning: An update to AuthProvider inside a test was not wrapped in act(...).

When testing, code that causes React state updates should be wrapped into act(...):

act(() => {
  /* fire events that update state */
});
/* assert on the output */

This ensures that you're testing the behavior the user would see in the browser. Learn more at https://reactjs.org/link/wrap-tests-with-act
    at AuthProvider (/home/runner/work/FLOWBills/FLOWBills/src/hooks/useAuth.tsx:10:25)
    at Router (/home/runner/work/FLOWBills/FLOWBills/node_modules/react-router/dist/umd/react-router.development.js:1207:17)
    at MemoryRouter (/home/runner/work/FLOWBills/FLOWBills/node_modules/react-router/dist/umd/react-router.development.js:1101:7)
    at Provider (file:///home/runner/work/FLOWBills/FLOWBills/node_modules/@radix-ui/react-context/dist/index.mjs:27:15)
    at TooltipProvider (file:///home/runner/work/FLOWBills/FLOWBills/node_modules/@radix-ui/react-tooltip/dist/index.mjs:29:5)
    at QueryClientProvider (file:///home/runner/work/FLOWBills/FLOWBills/node_modules/@tanstack/react-query/build/modern/QueryClientProvider.js:20:3)
Warning: An update to AuthProvider inside a test was not wrapped in act(...).

When testing, code that causes React state updates should be wrapped into act(...):

act(() => {
  /* fire events that update state */
});
/* assert on the output */

This ensures that you're testing the behavior the user would see in the browser. Learn more at https://reactjs.org/link/wrap-tests-with-act
    at AuthProvider (/home/runner/work/FLOWBills/FLOWBills/src/hooks/useAuth.tsx:10:25)
    at Router (/home/runner/work/FLOWBills/FLOWBills/node_modules/react-router/dist/umd/react-router.development.js:1207:17)
    at MemoryRouter (/home/runner/work/FLOWBills/FLOWBills/node_modules/react-router/dist/umd/react-router.development.js:1101:7)
    at Provider (file:///home/runner/work/FLOWBills/FLOWBills/node_modules/@radix-ui/react-context/dist/index.mjs:27:15)
    at TooltipProvider (file:///home/runner/work/FLOWBills/FLOWBills/node_modules/@radix-ui/react-tooltip/dist/index.mjs:29:5)
    at QueryClientProvider (file:///home/runner/work/FLOWBills/FLOWBills/node_modules/@tanstack/react-query/build/modern/QueryClientProvider.js:20:3)
Warning: An update to AuthProvider inside a test was not wrapped in act(...).

When testing, code that causes React state updates should be wrapped into act(...):

act(() => {
  /* fire events that update state */
});
/* assert on the output */

This ensures that you're testing the behavior the user would see in the browser. Learn more at https://reactjs.org/link/wrap-tests-with-act
    at AuthProvider (/home/runner/work/FLOWBills/FLOWBills/src/hooks/useAuth.tsx:10:25)
    at Router (/home/runner/work/FLOWBills/FLOWBills/node_modules/react-router/dist/umd/react-router.development.js:1207:17)
    at MemoryRouter (/home/runner/work/FLOWBills/FLOWBills/node_modules/react-router/dist/umd/react-router.development.js:1101:7)
    at Provider (file:///home/runner/work/FLOWBills/FLOWBills/node_modules/@radix-ui/react-context/dist/index.mjs:27:15)
    at TooltipProvider (file:///home/runner/work/FLOWBills/FLOWBills/node_modules/@radix-ui/react-tooltip/dist/index.mjs:29:5)
    at QueryClientProvider (file:///home/runner/work/FLOWBills/FLOWBills/node_modules/@tanstack/react-query/build/modern/QueryClientProvider.js:20:3)

stdout | src/__tests__/integration/app-functionality.test.tsx > Application Integration Tests > should initialize health monitoring every 5 minutes
[Auth] State changed: INITIAL_SESSION User: undefined

stderr | src/__tests__/integration/app-functionality.test.tsx > Application Integration Tests > should initialize health monitoring every 5 minutes
Warning: An update to AuthProvider inside a test was not wrapped in act(...).

When testing, code that causes React state updates should be wrapped into act(...):

act(() => {
  /* fire events that update state */
});
/* assert on the output */

This ensures that you're testing the behavior the user would see in the browser. Learn more at https://reactjs.org/link/wrap-tests-with-act
    at AuthProvider (/home/runner/work/FLOWBills/FLOWBills/src/hooks/useAuth.tsx:10:25)
    at BrowserRouter (/home/runner/work/FLOWBills/FLOWBills/src/__tests__/integration/app-functionality.test.tsx:7:27)
    at ErrorBoundary (/home/runner/work/FLOWBills/FLOWBills/src/components/error-boundary/ErrorBoundary.tsx:210:5)
    at Provider (file:///home/runner/work/FLOWBills/FLOWBills/node_modules/@radix-ui/react-context/dist/index.mjs:27:15)
    at TooltipProvider (file:///home/runner/work/FLOWBills/FLOWBills/node_modules/@radix-ui/react-tooltip/dist/index.mjs:29:5)
    at G (/home/runner/work/FLOWBills/FLOWBills/node_modules/next-themes/dist/index.js:1:947)
    at B (/home/runner/work/FLOWBills/FLOWBills/node_modules/next-themes/dist/index.js:1:861)
    at QueryClientProvider (file:///home/runner/work/FLOWBills/FLOWBills/node_modules/@tanstack/react-query/build/modern/QueryClientProvider.js:20:3)
    at App (/home/runner/work/FLOWBills/FLOWBills/src/App.tsx:701:27)
    at ErrorBoundary (/home/runner/work/FLOWBills/FLOWBills/src/components/error-boundary/ErrorBoundary.tsx:210:5)
    at AuthProvider (/home/runner/work/FLOWBills/FLOWBills/src/hooks/useAuth.tsx:10:25)
    at Router (/home/runner/work/FLOWBills/FLOWBills/node_modules/react-router/dist/umd/react-router.development.js:1207:17)
    at MemoryRouter (/home/runner/work/FLOWBills/FLOWBills/node_modules/react-router/dist/umd/react-router.development.js:1101:7)
    at Provider (file:///home/runner/work/FLOWBills/FLOWBills/node_modules/@radix-ui/react-context/dist/index.mjs:27:15)
    at TooltipProvider (file:///home/runner/work/FLOWBills/FLOWBills/node_modules/@radix-ui/react-tooltip/dist/index.mjs:29:5)
    at QueryClientProvider (file:///home/runner/work/FLOWBills/FLOWBills/node_modules/@tanstack/react-query/build/modern/QueryClientProvider.js:20:3)
Warning: An update to AuthProvider inside a test was not wrapped in act(...).

When testing, code that causes React state updates should be wrapped into act(...):

act(() => {
  /* fire events that update state */
});
/* assert on the output */

This ensures that you're testing the behavior the user would see in the browser. Learn more at https://reactjs.org/link/wrap-tests-with-act
    at AuthProvider (/home/runner/work/FLOWBills/FLOWBills/src/hooks/useAuth.tsx:10:25)
    at BrowserRouter (/home/runner/work/FLOWBills/FLOWBills/src/__tests__/integration/app-functionality.test.tsx:7:27)
    at ErrorBoundary (/home/runner/work/FLOWBills/FLOWBills/src/components/error-boundary/ErrorBoundary.tsx:210:5)
    at Provider (file:///home/runner/work/FLOWBills/FLOWBills/node_modules/@radix-ui/react-context/dist/index.mjs:27:15)
    at TooltipProvider (file:///home/runner/work/FLOWBills/FLOWBills/node_modules/@radix-ui/react-tooltip/dist/index.mjs:29:5)
    at G (/home/runner/work/FLOWBills/FLOWBills/node_modules/next-themes/dist/index.js:1:947)
    at B (/home/runner/work/FLOWBills/FLOWBills/node_modules/next-themes/dist/index.js:1:861)
    at QueryClientProvider (file:///home/runner/work/FLOWBills/FLOWBills/node_modules/@tanstack/react-query/build/modern/QueryClientProvider.js:20:3)
    at App (/home/runner/work/FLOWBills/FLOWBills/src/App.tsx:701:27)
    at ErrorBoundary (/home/runner/work/FLOWBills/FLOWBills/src/components/error-boundary/ErrorBoundary.tsx:210:5)
    at AuthProvider (/home/runner/work/FLOWBills/FLOWBills/src/hooks/useAuth.tsx:10:25)
    at Router (/home/runner/work/FLOWBills/FLOWBills/node_modules/react-router/dist/umd/react-router.development.js:1207:17)
    at MemoryRouter (/home/runner/work/FLOWBills/FLOWBills/node_modules/react-router/dist/umd/react-router.development.js:1101:7)
    at Provider (file:///home/runner/work/FLOWBills/FLOWBills/node_modules/@radix-ui/react-context/dist/index.mjs:27:15)
    at TooltipProvider (file:///home/runner/work/FLOWBills/FLOWBills/node_modules/@radix-ui/react-tooltip/dist/index.mjs:29:5)
    at QueryClientProvider (file:///home/runner/work/FLOWBills/FLOWBills/node_modules/@tanstack/react-query/build/modern/QueryClientProvider.js:20:3)
Warning: An update to AuthProvider inside a test was not wrapped in act(...).

When testing, code that causes React state updates should be wrapped into act(...):

act(() => {
  /* fire events that update state */
});
/* assert on the output */

This ensures that you're testing the behavior the user would see in the browser. Learn more at https://reactjs.org/link/wrap-tests-with-act
    at AuthProvider (/home/runner/work/FLOWBills/FLOWBills/src/hooks/useAuth.tsx:10:25)
    at BrowserRouter (/home/runner/work/FLOWBills/FLOWBills/src/__tests__/integration/app-functionality.test.tsx:7:27)
    at ErrorBoundary (/home/runner/work/FLOWBills/FLOWBills/src/components/error-boundary/ErrorBoundary.tsx:210:5)
    at Provider (file:///home/runner/work/FLOWBills/FLOWBills/node_modules/@radix-ui/react-context/dist/index.mjs:27:15)
    at TooltipProvider (file:///home/runner/work/FLOWBills/FLOWBills/node_modules/@radix-ui/react-tooltip/dist/index.mjs:29:5)
    at G (/home/runner/work/FLOWBills/FLOWBills/node_modules/next-themes/dist/index.js:1:947)
    at B (/home/runner/work/FLOWBills/FLOWBills/node_modules/next-themes/dist/index.js:1:861)
    at QueryClientProvider (file:///home/runner/work/FLOWBills/FLOWBills/node_modules/@tanstack/react-query/build/modern/QueryClientProvider.js:20:3)
    at App (/home/runner/work/FLOWBills/FLOWBills/src/App.tsx:701:27)
    at ErrorBoundary (/home/runner/work/FLOWBills/FLOWBills/src/components/error-boundary/ErrorBoundary.tsx:210:5)
    at AuthProvider (/home/runner/work/FLOWBills/FLOWBills/src/hooks/useAuth.tsx:10:25)
    at Router (/home/runner/work/FLOWBills/FLOWBills/node_modules/react-router/dist/umd/react-router.development.js:1207:17)
    at MemoryRouter (/home/runner/work/FLOWBills/FLOWBills/node_modules/react-router/dist/umd/react-router.development.js:1101:7)
    at Provider (file:///home/runner/work/FLOWBills/FLOWBills/node_modules/@radix-ui/react-context/dist/index.mjs:27:15)
    at TooltipProvider (file:///home/runner/work/FLOWBills/FLOWBills/node_modules/@radix-ui/react-tooltip/dist/index.mjs:29:5)
    at QueryClientProvider (file:///home/runner/work/FLOWBills/FLOWBills/node_modules/@tanstack/react-query/build/modern/QueryClientProvider.js:20:3)

 ✓ src/__tests__/integration/app-functionality.test.tsx (4 tests) 437ms
   ✓ Application Integration Tests > should render application without crashing  331ms
 ✓ src/__tests__/lib/logger.test.ts (3 tests) 10ms
 ✓ src/__tests__/lib/performance-monitor.test.ts (7 tests) 12ms
stderr | src/__tests__/components/dashboard/DashboardHeader.test.tsx > DashboardHeader > renders dashboard header with user greeting
⚠️ React Router Future Flag Warning: React Router will begin wrapping state updates in `React.startTransition` in v7. You can use the `v7_startTransition` future flag to opt-in early. For more information, see https://reactrouter.com/v6/upgrading/future#v7_starttransition.
⚠️ React Router Future Flag Warning: Relative route resolution within Splat routes is changing in v7. You can use the `v7_relativeSplatPath` future flag to opt-in early. For more information, see https://reactrouter.com/v6/upgrading/future#v7_relativesplatpath.

stdout | src/__tests__/components/dashboard/DashboardHeader.test.tsx > DashboardHeader > renders dashboard header with user greeting
[Auth] State changed: INITIAL_SESSION User: undefined

stderr | src/__tests__/components/dashboard/DashboardHeader.test.tsx > DashboardHeader > renders dashboard header with user greeting
Warning: An update to AuthProvider inside a test was not wrapped in act(...).

When testing, code that causes React state updates should be wrapped into act(...):

act(() => {
  /* fire events that update state */
});
/* assert on the output */

This ensures that you're testing the behavior the user would see in the browser. Learn more at https://reactjs.org/link/wrap-tests-with-act
    at AuthProvider (/home/runner/work/FLOWBills/FLOWBills/src/hooks/useAuth.tsx:10:25)
    at Provider (file:///home/runner/work/FLOWBills/FLOWBills/node_modules/@radix-ui/react-context/dist/index.mjs:27:15)
    at TooltipProvider (file:///home/runner/work/FLOWBills/FLOWBills/node_modules/@radix-ui/react-tooltip/dist/index.mjs:29:5)
    at Router (/home/runner/work/FLOWBills/FLOWBills/node_modules/react-router/dist/umd/react-router.development.js:1207:17)
    at MemoryRouter (/home/runner/work/FLOWBills/FLOWBills/node_modules/react-router/dist/umd/react-router.development.js:1101:7)
    at QueryClientProvider (file:///home/runner/work/FLOWBills/FLOWBills/node_modules/@tanstack/react-query/build/modern/QueryClientProvider.js:20:3)
    at Wrapper (/home/runner/work/FLOWBills/FLOWBills/src/lib/test-utils.tsx:60:24)
Warning: An update to AuthProvider inside a test was not wrapped in act(...).

When testing, code that causes React state updates should be wrapped into act(...):

act(() => {
  /* fire events that update state */
});
/* assert on the output */

This ensures that you're testing the behavior the user would see in the browser. Learn more at https://reactjs.org/link/wrap-tests-with-act
    at AuthProvider (/home/runner/work/FLOWBills/FLOWBills/src/hooks/useAuth.tsx:10:25)
    at Provider (file:///home/runner/work/FLOWBills/FLOWBills/node_modules/@radix-ui/react-context/dist/index.mjs:27:15)
    at TooltipProvider (file:///home/runner/work/FLOWBills/FLOWBills/node_modules/@radix-ui/react-tooltip/dist/index.mjs:29:5)
    at Router (/home/runner/work/FLOWBills/FLOWBills/node_modules/react-router/dist/umd/react-router.development.js:1207:17)
    at MemoryRouter (/home/runner/work/FLOWBills/FLOWBills/node_modules/react-router/dist/umd/react-router.development.js:1101:7)
    at QueryClientProvider (file:///home/runner/work/FLOWBills/FLOWBills/node_modules/@tanstack/react-query/build/modern/QueryClientProvider.js:20:3)
    at Wrapper (/home/runner/work/FLOWBills/FLOWBills/src/lib/test-utils.tsx:60:24)
Warning: An update to AuthProvider inside a test was not wrapped in act(...).

When testing, code that causes React state updates should be wrapped into act(...):

act(() => {
  /* fire events that update state */
});
/* assert on the output */

This ensures that you're testing the behavior the user would see in the browser. Learn more at https://reactjs.org/link/wrap-tests-with-act
    at AuthProvider (/home/runner/work/FLOWBills/FLOWBills/src/hooks/useAuth.tsx:10:25)
    at Provider (file:///home/runner/work/FLOWBills/FLOWBills/node_modules/@radix-ui/react-context/dist/index.mjs:27:15)
    at TooltipProvider (file:///home/runner/work/FLOWBills/FLOWBills/node_modules/@radix-ui/react-tooltip/dist/index.mjs:29:5)
    at Router (/home/runner/work/FLOWBills/FLOWBills/node_modules/react-router/dist/umd/react-router.development.js:1207:17)
    at MemoryRouter (/home/runner/work/FLOWBills/FLOWBills/node_modules/react-router/dist/umd/react-router.development.js:1101:7)
    at QueryClientProvider (file:///home/runner/work/FLOWBills/FLOWBills/node_modules/@tanstack/react-query/build/modern/QueryClientProvider.js:20:3)
    at Wrapper (/home/runner/work/FLOWBills/FLOWBills/src/lib/test-utils.tsx:60:24)

 ✓ src/__tests__/lib/health-check.test.ts (5 tests) 8ms
stdout | src/__tests__/components/dashboard/DashboardHeader.test.tsx > DashboardHeader > opens user menu on click
[Auth] State changed: INITIAL_SESSION User: undefined

stderr | src/__tests__/components/invoices/InvoiceList.test.tsx > InvoiceList > renders list of invoices
stdout | src/__tests__/components/invoices/InvoiceList.test.tsx > InvoiceList > renders list of invoices
⚠️ React Router Future Flag Warning: React Router will begin wrapping state updates in `React.startTransition` in v7. You can use the `v7_startTransition` future flag to opt-in early. For more information, see https://reactrouter.com/v6/upgrading/future#v7_starttransition.
⚠️ React Router Future Flag Warning: Relative route resolution within Splat routes is changing in v7. You can use the `v7_relativeSplatPath` future flag to opt-in early. For more information, see https://reactrouter.com/v6/upgrading/future#v7_relativesplatpath.

[Auth] State changed: INITIAL_SESSION User: undefined

stdout | src/__tests__/components/invoices/InvoiceList.test.tsx > InvoiceList > displays invoice amounts correctly
[Auth] State changed: INITIAL_SESSION User: undefined

stdout | src/__tests__/components/invoices/InvoiceList.test.tsx > InvoiceList > shows loading state
stderr | src/__tests__/components/invoices/InvoiceList.test.tsx > InvoiceList > shows loading state
Warning: An update to AuthProvider inside a test was not wrapped in act(...).

When testing, code that causes React state updates should be wrapped into act(...):

act(() => {
  /* fire events that update state */
});
/* assert on the output */

This ensures that you're testing the behavior the user would see in the browser. Learn more at https://reactjs.org/link/wrap-tests-with-act
    at AuthProvider (/home/runner/work/FLOWBills/FLOWBills/src/hooks/useAuth.tsx:10:25)
    at Provider (file:///home/runner/work/FLOWBills/FLOWBills/node_modules/@radix-ui/react-context/dist/index.mjs:27:15)
    at TooltipProvider (file:///home/runner/work/FLOWBills/FLOWBills/node_modules/@radix-ui/react-tooltip/dist/index.mjs:29:5)
    at Router (/home/runner/work/FLOWBills/FLOWBills/node_modules/react-router/dist/umd/react-router.development.js:1207:17)
    at MemoryRouter (/home/runner/work/FLOWBills/FLOWBills/node_modules/react-router/dist/umd/react-router.development.js:1101:7)
    at QueryClientProvider (file:///home/runner/work/FLOWBills/FLOWBills/node_modules/@tanstack/react-query/build/modern/QueryClientProvider.js:20:3)
    at Wrapper (/home/runner/work/FLOWBills/FLOWBills/src/lib/test-utils.tsx:60:24)
Warning: An update to AuthProvider inside a test was not wrapped in act(...).

When testing, code that causes React state updates should be wrapped into act(...):

act(() => {
  /* fire events that update state */
});
/* assert on the output */

This ensures that you're testing the behavior the user would see in the browser. Learn more at https://reactjs.org/link/wrap-tests-with-act
    at AuthProvider (/home/runner/work/FLOWBills/FLOWBills/src/hooks/useAuth.tsx:10:25)
    at Provider (file:///home/runner/work/FLOWBills/FLOWBills/node_modules/@radix-ui/react-context/dist/index.mjs:27:15)
    at TooltipProvider (file:///home/runner/work/FLOWBills/FLOWBills/node_modules/@radix-ui/react-tooltip/dist/index.mjs:29:5)
    at Router (/home/runner/work/FLOWBills/FLOWBills/node_modules/react-router/dist/umd/react-router.development.js:1207:17)
    at MemoryRouter (/home/runner/work/FLOWBills/FLOWBills/node_modules/react-router/dist/umd/react-router.development.js:1101:7)
    at QueryClientProvider (file:///home/runner/work/FLOWBills/FLOWBills/node_modules/@tanstack/react-query/build/modern/QueryClientProvider.js:20:3)
    at Wrapper (/home/runner/work/FLOWBills/FLOWBills/src/lib/test-utils.tsx:60:24)
Warning: An update to AuthProvider inside a test was not wrapped in act(...).

When testing, code that causes React state updates should be wrapped into act(...):

act(() => {
  /* fire events that update state */
});
/* assert on the output */

This ensures that you're testing the behavior the user would see in the browser. Learn more at https://reactjs.org/link/wrap-tests-with-act
    at AuthProvider (/home/runner/work/FLOWBills/FLOWBills/src/hooks/useAuth.tsx:10:25)
    at Provider (file:///home/runner/work/FLOWBills/FLOWBills/node_modules/@radix-ui/react-context/dist/index.mjs:27:15)
    at TooltipProvider (file:///home/runner/work/FLOWBills/FLOWBills/node_modules/@radix-ui/react-tooltip/dist/index.mjs:29:5)
    at Router (/home/runner/work/FLOWBills/FLOWBills/node_modules/react-router/dist/umd/react-router.development.js:1207:17)
    at MemoryRouter (/home/runner/work/FLOWBills/FLOWBills/node_modules/react-router/dist/umd/react-router.development.js:1101:7)
    at QueryClientProvider (file:///home/runner/work/FLOWBills/FLOWBills/node_modules/@tanstack/react-query/build/modern/QueryClientProvider.js:20:3)
    at Wrapper (/home/runner/work/FLOWBills/FLOWBills/src/lib/test-utils.tsx:60:24)

[Auth] State changed: INITIAL_SESSION User: undefined

stdout | src/__tests__/components/invoices/InvoiceList.test.tsx > InvoiceList > shows empty state when no invoices exist
[Auth] State changed: INITIAL_SESSION User: undefined

stderr | src/__tests__/components/invoices/InvoiceList.test.tsx > InvoiceList > shows empty state when no invoices exist
Warning: An update to AuthProvider inside a test was not wrapped in act(...).

When testing, code that causes React state updates should be wrapped into act(...):

act(() => {
  /* fire events that update state */
});
/* assert on the output */

This ensures that you're testing the behavior the user would see in the browser. Learn more at https://reactjs.org/link/wrap-tests-with-act
    at AuthProvider (/home/runner/work/FLOWBills/FLOWBills/src/hooks/useAuth.tsx:10:25)
    at Provider (file:///home/runner/work/FLOWBills/FLOWBills/node_modules/@radix-ui/react-context/dist/index.mjs:27:15)
    at TooltipProvider (file:///home/runner/work/FLOWBills/FLOWBills/node_modules/@radix-ui/react-tooltip/dist/index.mjs:29:5)
    at Router (/home/runner/work/FLOWBills/FLOWBills/node_modules/react-router/dist/umd/react-router.development.js:1207:17)
    at MemoryRouter (/home/runner/work/FLOWBills/FLOWBills/node_modules/react-router/dist/umd/react-router.development.js:1101:7)
    at QueryClientProvider (file:///home/runner/work/FLOWBills/FLOWBills/node_modules/@tanstack/react-query/build/modern/QueryClientProvider.js:20:3)
    at Wrapper (/home/runner/work/FLOWBills/FLOWBills/src/lib/test-utils.tsx:60:24)
Warning: An update to AuthProvider inside a test was not wrapped in act(...).

When testing, code that causes React state updates should be wrapped into act(...):

act(() => {
  /* fire events that update state */
});
/* assert on the output */

This ensures that you're testing the behavior the user would see in the browser. Learn more at https://reactjs.org/link/wrap-tests-with-act
    at AuthProvider (/home/runner/work/FLOWBills/FLOWBills/src/hooks/useAuth.tsx:10:25)
    at Provider (file:///home/runner/work/FLOWBills/FLOWBills/node_modules/@radix-ui/react-context/dist/index.mjs:27:15)
    at TooltipProvider (file:///home/runner/work/FLOWBills/FLOWBills/node_modules/@radix-ui/react-tooltip/dist/index.mjs:29:5)
    at Router (/home/runner/work/FLOWBills/FLOWBills/node_modules/react-router/dist/umd/react-router.development.js:1207:17)
    at MemoryRouter (/home/runner/work/FLOWBills/FLOWBills/node_modules/react-router/dist/umd/react-router.development.js:1101:7)
    at QueryClientProvider (file:///home/runner/work/FLOWBills/FLOWBills/node_modules/@tanstack/react-query/build/modern/QueryClientProvider.js:20:3)
    at Wrapper (/home/runner/work/FLOWBills/FLOWBills/src/lib/test-utils.tsx:60:24)
Warning: An update to AuthProvider inside a test was not wrapped in act(...).

When testing, code that causes React state updates should be wrapped into act(...):

act(() => {
  /* fire events that update state */
});
/* assert on the output */

This ensures that you're testing the behavior the user would see in the browser. Learn more at https://reactjs.org/link/wrap-tests-with-act
    at AuthProvider (/home/runner/work/FLOWBills/FLOWBills/src/hooks/useAuth.tsx:10:25)
    at Provider (file:///home/runner/work/FLOWBills/FLOWBills/node_modules/@radix-ui/react-context/dist/index.mjs:27:15)
    at TooltipProvider (file:///home/runner/work/FLOWBills/FLOWBills/node_modules/@radix-ui/react-tooltip/dist/index.mjs:29:5)
    at Router (/home/runner/work/FLOWBills/FLOWBills/node_modules/react-router/dist/umd/react-router.development.js:1207:17)
    at MemoryRouter (/home/runner/work/FLOWBills/FLOWBills/node_modules/react-router/dist/umd/react-router.development.js:1101:7)
    at QueryClientProvider (file:///home/runner/work/FLOWBills/FLOWBills/node_modules/@tanstack/react-query/build/modern/QueryClientProvider.js:20:3)
    at Wrapper (/home/runner/work/FLOWBills/FLOWBills/src/lib/test-utils.tsx:60:24)

stdout | src/__tests__/components/dashboard/DashboardHeader.test.tsx > DashboardHeader > calls signOut when logout is clicked
[Auth] State changed: INITIAL_SESSION User: undefined

 ✓ src/__tests__/components/invoices/InvoiceList.test.tsx (4 tests) 417ms
stderr | src/__tests__/components/dashboard/DashboardHeader.test.tsx > DashboardHeader > displays search functionality
Warning: An update to AuthProvider inside a test was not wrapped in act(...).

When testing, code that causes React state updates should be wrapped into act(...):

act(() => {
  /* fire events that update state */
});
/* assert on the output */

This ensures that you're testing the behavior the user would see in the browser. Learn more at https://reactjs.org/link/wrap-tests-with-act
    at AuthProvider (/home/runner/work/FLOWBills/FLOWBills/src/hooks/useAuth.tsx:10:25)
    at Provider (file:///home/runner/work/FLOWBills/FLOWBills/node_modules/@radix-ui/react-context/dist/index.mjs:27:15)
    at TooltipProvider (file:///home/runner/work/FLOWBills/FLOWBills/node_modules/@radix-ui/react-tooltip/dist/index.mjs:29:5)
    at Router (/home/runner/work/FLOWBills/FLOWBills/node_modules/react-router/dist/umd/react-router.development.js:1207:17)
    at MemoryRouter (/home/runner/work/FLOWBills/FLOWBills/node_modules/react-router/dist/umd/react-router.development.js:1101:7)
    at QueryClientProvider (file:///home/runner/work/FLOWBills/FLOWBills/node_modules/@tanstack/react-query/build/modern/QueryClientProvider.js:20:3)
    at Wrapper (/home/runner/work/FLOWBills/FLOWBills/src/lib/test-utils.tsx:60:24)
Warning: An update to AuthProvider inside a test was not wrapped in act(...).

When testing, code that causes React state updates should be wrapped into act(...):

act(() => {
  /* fire events that update state */
});
/* assert on the output */

This ensures that you're testing the behavior the user would see in the browser. Learn more at https://reactjs.org/link/wrap-tests-with-act
    at AuthProvider (/home/runner/work/FLOWBills/FLOWBills/src/hooks/useAuth.tsx:10:25)
    at Provider (file:///home/runner/work/FLOWBills/FLOWBills/node_modules/@radix-ui/react-context/dist/index.mjs:27:15)
    at TooltipProvider (file:///home/runner/work/FLOWBills/FLOWBills/node_modules/@radix-ui/react-tooltip/dist/index.mjs:29:5)
    at Router (/home/runner/work/FLOWBills/FLOWBills/node_modules/react-router/dist/umd/react-router.development.js:1207:17)
    at MemoryRouter (/home/runner/work/FLOWBills/FLOWBills/node_modules/react-router/dist/umd/react-router.development.js:1101:7)
    at QueryClientProvider (file:///home/runner/work/FLOWBills/FLOWBills/node_modules/@tanstack/react-query/build/modern/QueryClientProvider.js:20:3)
    at Wrapper (/home/runner/work/FLOWBills/FLOWBills/src/lib/test-utils.tsx:60:24)
Warning: An update to AuthProvider inside a test was not wrapped in act(...).

When testing, code that causes React state updates should be wrapped into act(...):

act(() => {
  /* fire events that update state */
});
/* assert on the output */

This ensures that you're testing the behavior the user would see in the browser. Learn more at https://reactjs.org/link/wrap-tests-with-act
    at AuthProvider (/home/runner/work/FLOWBills/FLOWBills/src/hooks/useAuth.tsx:10:25)
    at Provider (file:///home/runner/work/FLOWBills/FLOWBills/node_modules/@radix-ui/react-context/dist/index.mjs:27:15)
    at TooltipProvider (file:///home/runner/work/FLOWBills/FLOWBills/node_modules/@radix-ui/react-tooltip/dist/index.mjs:29:5)
    at Router (/home/runner/work/FLOWBills/FLOWBills/node_modules/react-router/dist/umd/react-router.development.js:1207:17)
    at MemoryRouter (/home/runner/work/FLOWBills/FLOWBills/node_modules/react-router/dist/umd/react-router.development.js:1101:7)
    at QueryClientProvider (file:///home/runner/work/FLOWBills/FLOWBills/node_modules/@tanstack/react-query/build/modern/QueryClientProvider.js:20:3)
    at Wrapper (/home/runner/work/FLOWBills/FLOWBills/src/lib/test-utils.tsx:60:24)
Warning: An update to AuthProvider inside a test was not wrapped in act(...).

When testing, code that causes React state updates should be wrapped into act(...):

act(() => {
  /* fire events that update state */
});
/* assert on the output */

This ensures that you're testing the behavior the user would see in the browser. Learn more at https://reactjs.org/link/wrap-tests-with-act
    at AuthProvider (/home/runner/work/FLOWBills/FLOWBills/src/hooks/useAuth.tsx:10:25)
    at Provider (file:///home/runner/work/FLOWBills/FLOWBills/node_modules/@radix-ui/react-context/dist/index.mjs:27:15)
    at TooltipProvider (file:///home/runner/work/FLOWBills/FLOWBills/node_modules/@radix-ui/react-tooltip/dist/index.mjs:29:5)
    at Router (/home/runner/work/FLOWBills/FLOWBills/node_modules/react-router/dist/umd/react-router.development.js:1207:17)
    at MemoryRouter (/home/runner/work/FLOWBills/FLOWBills/node_modules/react-router/dist/umd/react-router.development.js:1101:7)
    at QueryClientProvider (file:///home/runner/work/FLOWBills/FLOWBills/node_modules/@tanstack/react-query/build/modern/QueryClientProvider.js:20:3)
    at Wrapper (/home/runner/work/FLOWBills/FLOWBills/src/lib/test-utils.tsx:60:24)

stdout | src/__tests__/components/dashboard/DashboardHeader.test.tsx > DashboardHeader > displays search functionality
[Auth] State changed: INITIAL_SESSION User: undefined

stdout | src/__tests__/components/dashboard/DashboardHeader.test.tsx > DashboardHeader > handles search input changes
[Auth] State changed: INITIAL_SESSION User: undefined

 ✓ src/__tests__/components/dashboard/DashboardHeader.test.tsx (6 tests) 1801ms
   ✓ DashboardHeader > displays user menu when user is authenticated  346ms
   ✓ DashboardHeader > opens user menu on click  563ms
   ✓ DashboardHeader > calls signOut when logout is clicked  548ms
stderr | src/__tests__/hooks/useAuth.test.tsx > useAuth > returns expected hook interface
⚠️ React Router Future Flag Warning: React Router will begin wrapping state updates in `React.startTransition` in v7. You can use the `v7_startTransition` future flag to opt-in early. For more information, see https://reactrouter.com/v6/upgrading/future#v7_starttransition.
⚠️ React Router Future Flag Warning: Relative route resolution within Splat routes is changing in v7. You can use the `v7_relativeSplatPath` future flag to opt-in early. For more information, see https://reactrouter.com/v6/upgrading/future#v7_relativesplatpath.

stdout | src/__tests__/hooks/useAuth.test.tsx > useAuth > returns expected hook interface
stderr | src/__tests__/hooks/useAuth.test.tsx > useAuth > returns expected hook interface
[Auth] State changed: INITIAL_SESSION User: undefined
Warning: An update to AuthProvider inside a test was not wrapped in act(...).


When testing, code that causes React state updates should be wrapped into act(...):

act(() => {
  /* fire events that update state */
});
/* assert on the output */

This ensures that you're testing the behavior the user would see in the browser. Learn more at https://reactjs.org/link/wrap-tests-with-act
    at AuthProvider (/home/runner/work/FLOWBills/FLOWBills/src/hooks/useAuth.tsx:10:25)
    at Provider (file:///home/runner/work/FLOWBills/FLOWBills/node_modules/@radix-ui/react-context/dist/index.mjs:27:15)
    at TooltipProvider (file:///home/runner/work/FLOWBills/FLOWBills/node_modules/@radix-ui/react-tooltip/dist/index.mjs:29:5)
    at Router (/home/runner/work/FLOWBills/FLOWBills/node_modules/react-router/dist/umd/react-router.development.js:1207:17)
    at MemoryRouter (/home/runner/work/FLOWBills/FLOWBills/node_modules/react-router/dist/umd/react-router.development.js:1101:7)
    at QueryClientProvider (file:///home/runner/work/FLOWBills/FLOWBills/node_modules/@tanstack/react-query/build/modern/QueryClientProvider.js:20:3)
    at Wrapper (/home/runner/work/FLOWBills/FLOWBills/src/lib/test-utils.tsx:98:24)
Warning: An update to AuthProvider inside a test was not wrapped in act(...).

When testing, code that causes React state updates should be wrapped into act(...):

act(() => {
  /* fire events that update state */
});
/* assert on the output */

This ensures that you're testing the behavior the user would see in the browser. Learn more at https://reactjs.org/link/wrap-tests-with-act
    at AuthProvider (/home/runner/work/FLOWBills/FLOWBills/src/hooks/useAuth.tsx:10:25)
    at Provider (file:///home/runner/work/FLOWBills/FLOWBills/node_modules/@radix-ui/react-context/dist/index.mjs:27:15)
    at TooltipProvider (file:///home/runner/work/FLOWBills/FLOWBills/node_modules/@radix-ui/react-tooltip/dist/index.mjs:29:5)
    at Router (/home/runner/work/FLOWBills/FLOWBills/node_modules/react-router/dist/umd/react-router.development.js:1207:17)
    at MemoryRouter (/home/runner/work/FLOWBills/FLOWBills/node_modules/react-router/dist/umd/react-router.development.js:1101:7)
    at QueryClientProvider (file:///home/runner/work/FLOWBills/FLOWBills/node_modules/@tanstack/react-query/build/modern/QueryClientProvider.js:20:3)
    at Wrapper (/home/runner/work/FLOWBills/FLOWBills/src/lib/test-utils.tsx:98:24)
Warning: An update to AuthProvider inside a test was not wrapped in act(...).

When testing, code that causes React state updates should be wrapped into act(...):

act(() => {
  /* fire events that update state */
});
/* assert on the output */

This ensures that you're testing the behavior the user would see in the browser. Learn more at https://reactjs.org/link/wrap-tests-with-act
    at AuthProvider (/home/runner/work/FLOWBills/FLOWBills/src/hooks/useAuth.tsx:10:25)
    at Provider (file:///home/runner/work/FLOWBills/FLOWBills/node_modules/@radix-ui/react-context/dist/index.mjs:27:15)
    at TooltipProvider (file:///home/runner/work/FLOWBills/FLOWBills/node_modules/@radix-ui/react-tooltip/dist/index.mjs:29:5)
    at Router (/home/runner/work/FLOWBills/FLOWBills/node_modules/react-router/dist/umd/react-router.development.js:1207:17)
    at MemoryRouter (/home/runner/work/FLOWBills/FLOWBills/node_modules/react-router/dist/umd/react-router.development.js:1101:7)
    at QueryClientProvider (file:///home/runner/work/FLOWBills/FLOWBills/node_modules/@tanstack/react-query/build/modern/QueryClientProvider.js:20:3)
    at Wrapper (/home/runner/work/FLOWBills/FLOWBills/src/lib/test-utils.tsx:98:24)

stdout | src/__tests__/hooks/useAuth.test.tsx > useAuth > hasRole returns boolean
[Auth] State changed: INITIAL_SESSION User: undefined
stderr | src/__tests__/hooks/useAuth.test.tsx > useAuth > hasRole returns boolean

Warning: An update to AuthProvider inside a test was not wrapped in act(...).

When testing, code that causes React state updates should be wrapped into act(...):

act(() => {
  /* fire events that update state */
});
/* assert on the output */

This ensures that you're testing the behavior the user would see in the browser. Learn more at https://reactjs.org/link/wrap-tests-with-act
    at AuthProvider (/home/runner/work/FLOWBills/FLOWBills/src/hooks/useAuth.tsx:10:25)
    at Provider (file:///home/runner/work/FLOWBills/FLOWBills/node_modules/@radix-ui/react-context/dist/index.mjs:27:15)
    at TooltipProvider (file:///home/runner/work/FLOWBills/FLOWBills/node_modules/@radix-ui/react-tooltip/dist/index.mjs:29:5)
    at Router (/home/runner/work/FLOWBills/FLOWBills/node_modules/react-router/dist/umd/react-router.development.js:1207:17)
    at MemoryRouter (/home/runner/work/FLOWBills/FLOWBills/node_modules/react-router/dist/umd/react-router.development.js:1101:7)
    at QueryClientProvider (file:///home/runner/work/FLOWBills/FLOWBills/node_modules/@tanstack/react-query/build/modern/QueryClientProvider.js:20:3)
    at Wrapper (/home/runner/work/FLOWBills/FLOWBills/src/lib/test-utils.tsx:98:24)
Warning: An update to AuthProvider inside a test was not wrapped in act(...).

When testing, code that causes React state updates should be wrapped into act(...):

act(() => {
  /* fire events that update state */
});
/* assert on the output */

This ensures that you're testing the behavior the user would see in the browser. Learn more at https://reactjs.org/link/wrap-tests-with-act
    at AuthProvider (/home/runner/work/FLOWBills/FLOWBills/src/hooks/useAuth.tsx:10:25)
    at Provider (file:///home/runner/work/FLOWBills/FLOWBills/node_modules/@radix-ui/react-context/dist/index.mjs:27:15)
    at TooltipProvider (file:///home/runner/work/FLOWBills/FLOWBills/node_modules/@radix-ui/react-tooltip/dist/index.mjs:29:5)
    at Router (/home/runner/work/FLOWBills/FLOWBills/node_modules/react-router/dist/umd/react-router.development.js:1207:17)
    at MemoryRouter (/home/runner/work/FLOWBills/FLOWBills/node_modules/react-router/dist/umd/react-router.development.js:1101:7)
    at QueryClientProvider (file:///home/runner/work/FLOWBills/FLOWBills/node_modules/@tanstack/react-query/build/modern/QueryClientProvider.js:20:3)
    at Wrapper (/home/runner/work/FLOWBills/FLOWBills/src/lib/test-utils.tsx:98:24)
Warning: An update to AuthProvider inside a test was not wrapped in act(...).

When testing, code that causes React state updates should be wrapped into act(...):

act(() => {
  /* fire events that update state */
});
/* assert on the output */

This ensures that you're testing the behavior the user would see in the browser. Learn more at https://reactjs.org/link/wrap-tests-with-act
    at AuthProvider (/home/runner/work/FLOWBills/FLOWBills/src/hooks/useAuth.tsx:10:25)
    at Provider (file:///home/runner/work/FLOWBills/FLOWBills/node_modules/@radix-ui/react-context/dist/index.mjs:27:15)
    at TooltipProvider (file:///home/runner/work/FLOWBills/FLOWBills/node_modules/@radix-ui/react-tooltip/dist/index.mjs:29:5)
    at Router (/home/runner/work/FLOWBills/FLOWBills/node_modules/react-router/dist/umd/react-router.development.js:1207:17)
    at MemoryRouter (/home/runner/work/FLOWBills/FLOWBills/node_modules/react-router/dist/umd/react-router.development.js:1101:7)
    at QueryClientProvider (file:///home/runner/work/FLOWBills/FLOWBills/node_modules/@tanstack/react-query/build/modern/QueryClientProvider.js:20:3)
    at Wrapper (/home/runner/work/FLOWBills/FLOWBills/src/lib/test-utils.tsx:98:24)

stderr | src/__tests__/hooks/useAuth.test.tsx > useAuth > signOut is callable
Warning: An update to AuthProvider inside a test was not wrapped in act(...).

When testing, code that causes React state updates should be wrapped into act(...):

act(() => {
  /* fire events that update state */
});
/* assert on the output */

This ensures that you're testing the behavior the user would see in the browser. Learn more at https://reactjs.org/link/wrap-tests-with-act
    at AuthProvider (/home/runner/work/FLOWBills/FLOWBills/src/hooks/useAuth.tsx:10:25)
    at Provider (file:///home/runner/work/FLOWBills/FLOWBills/node_modules/@radix-ui/react-context/dist/index.mjs:27:15)
    at TooltipProvider (file:///home/runner/work/FLOWBills/FLOWBills/node_modules/@radix-ui/react-tooltip/dist/index.mjs:29:5)
    at Router (/home/runner/work/FLOWBills/FLOWBills/node_modules/react-router/dist/umd/react-router.development.js:1207:17)
    at MemoryRouter (/home/runner/work/FLOWBills/FLOWBills/node_modules/react-router/dist/umd/react-router.development.js:1101:7)
    at QueryClientProvider (file:///home/runner/work/FLOWBills/FLOWBills/node_modules/@tanstack/react-query/build/modern/QueryClientProvider.js:20:3)
    at Wrapper (/home/runner/work/FLOWBills/FLOWBills/src/lib/test-utils.tsx:98:24)
Warning: An update to AuthProvider inside a test was not wrapped in act(...).

When testing, code that causes React state updates should be wrapped into act(...):

act(() => {
  /* fire events that update state */
});
/* assert on the output */

This ensures that you're testing the behavior the user would see in the browser. Learn more at https://reactjs.org/link/wrap-tests-with-act
    at AuthProvider (/home/runner/work/FLOWBills/FLOWBills/src/hooks/useAuth.tsx:10:25)
    at Provider (file:///home/runner/work/FLOWBills/FLOWBills/node_modules/@radix-ui/react-context/dist/index.mjs:27:15)
    at TooltipProvider (file:///home/runner/work/FLOWBills/FLOWBills/node_modules/@radix-ui/react-tooltip/dist/index.mjs:29:5)
    at Router (/home/runner/work/FLOWBills/FLOWBills/node_modules/react-router/dist/umd/react-router.development.js:1207:17)
    at MemoryRouter (/home/runner/work/FLOWBills/FLOWBills/node_modules/react-router/dist/umd/react-router.development.js:1101:7)
    at QueryClientProvider (file:///home/runner/work/FLOWBills/FLOWBills/node_modules/@tanstack/react-query/build/modern/QueryClientProvider.js:20:3)
    at Wrapper (/home/runner/work/FLOWBills/FLOWBills/src/lib/test-utils.tsx:98:24)
Warning: An update to AuthProvider inside a test was not wrapped in act(...).

When testing, code that causes React state updates should be wrapped into act(...):

act(() => {
  /* fire events that update state */
});
/* assert on the output */

This ensures that you're testing the behavior the user would see in the browser. Learn more at https://reactjs.org/link/wrap-tests-with-act
    at AuthProvider (/home/runner/work/FLOWBills/FLOWBills/src/hooks/useAuth.tsx:10:25)
    at Provider (file:///home/runner/work/FLOWBills/FLOWBills/node_modules/@radix-ui/react-context/dist/index.mjs:27:15)
    at TooltipProvider (file:///home/runner/work/FLOWBills/FLOWBills/node_modules/@radix-ui/react-tooltip/dist/index.mjs:29:5)
    at Router (/home/runner/work/FLOWBills/FLOWBills/node_modules/react-router/dist/umd/react-router.development.js:1207:17)
    at MemoryRouter (/home/runner/work/FLOWBills/FLOWBills/node_modules/react-router/dist/umd/react-router.development.js:1101:7)
    at QueryClientProvider (file:///home/runner/work/FLOWBills/FLOWBills/node_modules/@tanstack/react-query/build/modern/QueryClientProvider.js:20:3)
    at Wrapper (/home/runner/work/FLOWBills/FLOWBills/src/lib/test-utils.tsx:98:24)

stderr | src/__tests__/hooks/useAuth.test.tsx > useAuth > signOut is callable
Warning: An update to AuthProvider inside a test was not wrapped in act(...).

When testing, code that causes React state updates should be wrapped into act(...):

act(() => {
  /* fire events that update state */
});
/* assert on the output */

This ensures that you're testing the behavior the user would see in the browser. Learn more at https://reactjs.org/link/wrap-tests-with-act
    at AuthProvider (/home/runner/work/FLOWBills/FLOWBills/src/hooks/useAuth.tsx:10:25)
    at Provider (file:///home/runner/work/FLOWBills/FLOWBills/node_modules/@radix-ui/react-context/dist/index.mjs:27:15)
    at TooltipProvider (file:///home/runner/work/FLOWBills/FLOWBills/node_modules/@radix-ui/react-tooltip/dist/index.mjs:29:5)
    at Router (/home/runner/work/FLOWBills/FLOWBills/node_modules/react-router/dist/umd/react-router.development.js:1207:17)
    at MemoryRouter (/home/runner/work/FLOWBills/FLOWBills/node_modules/react-router/dist/umd/react-router.development.js:1101:7)
    at QueryClientProvider (file:///home/runner/work/FLOWBills/FLOWBills/node_modules/@tanstack/react-query/build/modern/QueryClientProvider.js:20:3)
    at Wrapper (/home/runner/work/FLOWBills/FLOWBills/src/lib/test-utils.tsx:98:24)
Warning: An update to AuthProvider inside a test was not wrapped in act(...).

When testing, code that causes React state updates should be wrapped into act(...):

act(() => {
  /* fire events that update state */
});
/* assert on the output */

This ensures that you're testing the behavior the user would see in the browser. Learn more at https://reactjs.org/link/wrap-tests-with-act
    at AuthProvider (/home/runner/work/FLOWBills/FLOWBills/src/hooks/useAuth.tsx:10:25)
    at Provider (file:///home/runner/work/FLOWBills/FLOWBills/node_modules/@radix-ui/react-context/dist/index.mjs:27:15)
    at TooltipProvider (file:///home/runner/work/FLOWBills/FLOWBills/node_modules/@radix-ui/react-tooltip/dist/index.mjs:29:5)
    at Router (/home/runner/work/FLOWBills/FLOWBills/node_modules/react-router/dist/umd/react-router.development.js:1207:17)
    at MemoryRouter (/home/runner/work/FLOWBills/FLOWBills/node_modules/react-router/dist/umd/react-router.development.js:1101:7)
    at QueryClientProvider (file:///home/runner/work/FLOWBills/FLOWBills/node_modules/@tanstack/react-query/build/modern/QueryClientProvider.js:20:3)
    at Wrapper (/home/runner/work/FLOWBills/FLOWBills/src/lib/test-utils.tsx:98:24)
Warning: An update to AuthProvider inside a test was not wrapped in act(...).

When testing, code that causes React state updates should be wrapped into act(...):

act(() => {
  /* fire events that update state */
});
/* assert on the output */

This ensures that you're testing the behavior the user would see in the browser. Learn more at https://reactjs.org/link/wrap-tests-with-act
    at AuthProvider (/home/runner/work/FLOWBills/FLOWBills/src/hooks/useAuth.tsx:10:25)
    at Provider (file:///home/runner/work/FLOWBills/FLOWBills/node_modules/@radix-ui/react-context/dist/index.mjs:27:15)
    at TooltipProvider (file:///home/runner/work/FLOWBills/FLOWBills/node_modules/@radix-ui/react-tooltip/dist/index.mjs:29:5)
    at Router (/home/runner/work/FLOWBills/FLOWBills/node_modules/react-router/dist/umd/react-router.development.js:1207:17)
    at MemoryRouter (/home/runner/work/FLOWBills/FLOWBills/node_modules/react-router/dist/umd/react-router.development.js:1101:7)
    at QueryClientProvider (file:///home/runner/work/FLOWBills/FLOWBills/node_modules/@tanstack/react-query/build/modern/QueryClientProvider.js:20:3)
    at Wrapper (/home/runner/work/FLOWBills/FLOWBills/src/lib/test-utils.tsx:98:24)
Warning: An update to AuthProvider inside a test was not wrapped in act(...).

When testing, code that causes React state updates should be wrapped into act(...):

act(() => {
  /* fire events that update state */
});
/* assert on the output */

This ensures that you're testing the behavior the user would see in the browser. Learn more at https://reactjs.org/link/wrap-tests-with-act
    at AuthProvider (/home/runner/work/FLOWBills/FLOWBills/src/hooks/useAuth.tsx:10:25)
    at Provider (file:///home/runner/work/FLOWBills/FLOWBills/node_modules/@radix-ui/react-context/dist/index.mjs:27:15)
    at TooltipProvider (file:///home/runner/work/FLOWBills/FLOWBills/node_modules/@radix-ui/react-tooltip/dist/index.mjs:29:5)
    at Router (/home/runner/work/FLOWBills/FLOWBills/node_modules/react-router/dist/umd/react-router.development.js:1207:17)
    at MemoryRouter (/home/runner/work/FLOWBills/FLOWBills/node_modules/react-router/dist/umd/react-router.development.js:1101:7)
    at QueryClientProvider (file:///home/runner/work/FLOWBills/FLOWBills/node_modules/@tanstack/react-query/build/modern/QueryClientProvider.js:20:3)
    at Wrapper (/home/runner/work/FLOWBills/FLOWBills/src/lib/test-utils.tsx:98:24)

stderr | src/__tests__/hooks/useAuth.test.tsx > useAuth > signOut is callable
Warning: An update to AuthProvider inside a test was not wrapped in act(...).

When testing, code that causes React state updates should be wrapped into act(...):

act(() => {
  /* fire events that update state */
});
/* assert on the output */

This ensures that you're testing the behavior the user would see in the browser. Learn more at https://reactjs.org/link/wrap-tests-with-act
    at AuthProvider (/home/runner/work/FLOWBills/FLOWBills/src/hooks/useAuth.tsx:10:25)
    at Provider (file:///home/runner/work/FLOWBills/FLOWBills/node_modules/@radix-ui/react-context/dist/index.mjs:27:15)
    at TooltipProvider (file:///home/runner/work/FLOWBills/FLOWBills/node_modules/@radix-ui/react-tooltip/dist/index.mjs:29:5)
    at Router (/home/runner/work/FLOWBills/FLOWBills/node_modules/react-router/dist/umd/react-router.development.js:1207:17)
    at MemoryRouter (/home/runner/work/FLOWBills/FLOWBills/node_modules/react-router/dist/umd/react-router.development.js:1101:7)
    at QueryClientProvider (file:///home/runner/work/FLOWBills/FLOWBills/node_modules/@tanstack/react-query/build/modern/QueryClientProvider.js:20:3)
    at Wrapper (/home/runner/work/FLOWBills/FLOWBills/src/lib/test-utils.tsx:98:24)
Warning: An update to AuthProvider inside a test was not wrapped in act(...).

When testing, code that causes React state updates should be wrapped into act(...):

act(() => {
  /* fire events that update state */
});
/* assert on the output */

This ensures that you're testing the behavior the user would see in the browser. Learn more at https://reactjs.org/link/wrap-tests-with-act
    at AuthProvider (/home/runner/work/FLOWBills/FLOWBills/src/hooks/useAuth.tsx:10:25)
    at Provider (file:///home/runner/work/FLOWBills/FLOWBills/node_modules/@radix-ui/react-context/dist/index.mjs:27:15)
    at TooltipProvider (file:///home/runner/work/FLOWBills/FLOWBills/node_modules/@radix-ui/react-tooltip/dist/index.mjs:29:5)
    at Router (/home/runner/work/FLOWBills/FLOWBills/node_modules/react-router/dist/umd/react-router.development.js:1207:17)
    at MemoryRouter (/home/runner/work/FLOWBills/FLOWBills/node_modules/react-router/dist/umd/react-router.development.js:1101:7)
    at QueryClientProvider (file:///home/runner/work/FLOWBills/FLOWBills/node_modules/@tanstack/react-query/build/modern/QueryClientProvider.js:20:3)
    at Wrapper (/home/runner/work/FLOWBills/FLOWBills/src/lib/test-utils.tsx:98:24)
Warning: An update to AuthProvider inside a test was not wrapped in act(...).

When testing, code that causes React state updates should be wrapped into act(...):

act(() => {
  /* fire events that update state */
});
/* assert on the output */

This ensures that you're testing the behavior the user would see in the browser. Learn more at https://reactjs.org/link/wrap-tests-with-act
    at AuthProvider (/home/runner/work/FLOWBills/FLOWBills/src/hooks/useAuth.tsx:10:25)
    at Provider (file:///home/runner/work/FLOWBills/FLOWBills/node_modules/@radix-ui/react-context/dist/index.mjs:27:15)
    at TooltipProvider (file:///home/runner/work/FLOWBills/FLOWBills/node_modules/@radix-ui/react-tooltip/dist/index.mjs:29:5)
    at Router (/home/runner/work/FLOWBills/FLOWBills/node_modules/react-router/dist/umd/react-router.development.js:1207:17)
    at MemoryRouter (/home/runner/work/FLOWBills/FLOWBills/node_modules/react-router/dist/umd/react-router.development.js:1101:7)
    at QueryClientProvider (file:///home/runner/work/FLOWBills/FLOWBills/node_modules/@tanstack/react-query/build/modern/QueryClientProvider.js:20:3)
    at Wrapper (/home/runner/work/FLOWBills/FLOWBills/src/lib/test-utils.tsx:98:24)
Warning: An update to AuthProvider inside a test was not wrapped in act(...).

When testing, code that causes React state updates should be wrapped into act(...):

act(() => {
  /* fire events that update state */
});
/* assert on the output */

This ensures that you're testing the behavior the user would see in the browser. Learn more at https://reactjs.org/link/wrap-tests-with-act
    at AuthProvider (/home/runner/work/FLOWBills/FLOWBills/src/hooks/useAuth.tsx:10:25)
    at Provider (file:///home/runner/work/FLOWBills/FLOWBills/node_modules/@radix-ui/react-context/dist/index.mjs:27:15)
    at TooltipProvider (file:///home/runner/work/FLOWBills/FLOWBills/node_modules/@radix-ui/react-tooltip/dist/index.mjs:29:5)
    at Router (/home/runner/work/FLOWBills/FLOWBills/node_modules/react-router/dist/umd/react-router.development.js:1207:17)
    at MemoryRouter (/home/runner/work/FLOWBills/FLOWBills/node_modules/react-router/dist/umd/react-router.development.js:1101:7)
    at QueryClientProvider (file:///home/runner/work/FLOWBills/FLOWBills/node_modules/@tanstack/react-query/build/modern/QueryClientProvider.js:20:3)
    at Wrapper (/home/runner/work/FLOWBills/FLOWBills/src/lib/test-utils.tsx:98:24)
Warning: An update to AuthProvider inside a test was not wrapped in act(...).

When testing, code that causes React state updates should be wrapped into act(...):

act(() => {
  /* fire events that update state */
});
/* assert on the output */

This ensures that you're testing the behavior the user would see in the browser. Learn more at https://reactjs.org/link/wrap-tests-with-act
    at AuthProvider (/home/runner/work/FLOWBills/FLOWBills/src/hooks/useAuth.tsx:10:25)
    at Provider (file:///home/runner/work/FLOWBills/FLOWBills/node_modules/@radix-ui/react-context/dist/index.mjs:27:15)
    at TooltipProvider (file:///home/runner/work/FLOWBills/FLOWBills/node_modules/@radix-ui/react-tooltip/dist/index.mjs:29:5)
    at Router (/home/runner/work/FLOWBills/FLOWBills/node_modules/react-router/dist/umd/react-router.development.js:1207:17)
    at MemoryRouter (/home/runner/work/FLOWBills/FLOWBills/node_modules/react-router/dist/umd/react-router.development.js:1101:7)
    at QueryClientProvider (file:///home/runner/work/FLOWBills/FLOWBills/node_modules/@tanstack/react-query/build/modern/QueryClientProvider.js:20:3)
    at Wrapper (/home/runner/work/FLOWBills/FLOWBills/src/lib/test-utils.tsx:98:24)

stderr | src/__tests__/hooks/useAuth.test.tsx > useAuth > signOut is callable
Warning: An update to AuthProvider inside a test was not wrapped in act(...).

When testing, code that causes React state updates should be wrapped into act(...):
stdout | src/__tests__/hooks/useAuth.test.tsx > useAuth > signOut is callable
[Auth] State changed: INITIAL_SESSION User: undefined

stdout | src/__tests__/hooks/useAuth.test.tsx > useAuth > signOut is callable
[Auth] State changed: SIGNED_OUT User: undefined


act(() => {
  /* fire events that update state */
});
/* assert on the output */

This ensures that you're testing the behavior the user would see in the browser. Learn more at https://reactjs.org/link/wrap-tests-with-act
    at AuthProvider (/home/runner/work/FLOWBills/FLOWBills/src/hooks/useAuth.tsx:10:25)
    at Provider (file:///home/runner/work/FLOWBills/FLOWBills/node_modules/@radix-ui/react-context/dist/index.mjs:27:15)
    at TooltipProvider (file:///home/runner/work/FLOWBills/FLOWBills/node_modules/@radix-ui/react-tooltip/dist/index.mjs:29:5)
    at Router (/home/runner/work/FLOWBills/FLOWBills/node_modules/react-router/dist/umd/react-router.development.js:1207:17)
    at MemoryRouter (/home/runner/work/FLOWBills/FLOWBills/node_modules/react-router/dist/umd/react-router.development.js:1101:7)
    at QueryClientProvider (file:///home/runner/work/FLOWBills/FLOWBills/node_modules/@tanstack/react-query/build/modern/QueryClientProvider.js:20:3)
    at Wrapper (/home/runner/work/FLOWBills/FLOWBills/src/lib/test-utils.tsx:98:24)
Warning: An update to AuthProvider inside a test was not wrapped in act(...).

When testing, code that causes React state updates should be wrapped into act(...):

act(() => {
  /* fire events that update state */
});
/* assert on the output */

This ensures that you're testing the behavior the user would see in the browser. Learn more at https://reactjs.org/link/wrap-tests-with-act
    at AuthProvider (/home/runner/work/FLOWBills/FLOWBills/src/hooks/useAuth.tsx:10:25)
    at Provider (file:///home/runner/work/FLOWBills/FLOWBills/node_modules/@radix-ui/react-context/dist/index.mjs:27:15)
    at TooltipProvider (file:///home/runner/work/FLOWBills/FLOWBills/node_modules/@radix-ui/react-tooltip/dist/index.mjs:29:5)
    at Router (/home/runner/work/FLOWBills/FLOWBills/node_modules/react-router/dist/umd/react-router.development.js:1207:17)
    at MemoryRouter (/home/runner/work/FLOWBills/FLOWBills/node_modules/react-router/dist/umd/react-router.development.js:1101:7)
    at QueryClientProvider (file:///home/runner/work/FLOWBills/FLOWBills/node_modules/@tanstack/react-query/build/modern/QueryClientProvider.js:20:3)
    at Wrapper (/home/runner/work/FLOWBills/FLOWBills/src/lib/test-utils.tsx:98:24)
Warning: An update to AuthProvider inside a test was not wrapped in act(...).

When testing, code that causes React state updates should be wrapped into act(...):

act(() => {
  /* fire events that update state */
});
/* assert on the output */

This ensures that you're testing the behavior the user would see in the browser. Learn more at https://reactjs.org/link/wrap-tests-with-act
    at AuthProvider (/home/runner/work/FLOWBills/FLOWBills/src/hooks/useAuth.tsx:10:25)
    at Provider (file:///home/runner/work/FLOWBills/FLOWBills/node_modules/@radix-ui/react-context/dist/index.mjs:27:15)
    at TooltipProvider (file:///home/runner/work/FLOWBills/FLOWBills/node_modules/@radix-ui/react-tooltip/dist/index.mjs:29:5)
    at Router (/home/runner/work/FLOWBills/FLOWBills/node_modules/react-router/dist/umd/react-router.development.js:1207:17)
    at MemoryRouter (/home/runner/work/FLOWBills/FLOWBills/node_modules/react-router/dist/umd/react-router.development.js:1101:7)
    at QueryClientProvider (file:///home/runner/work/FLOWBills/FLOWBills/node_modules/@tanstack/react-query/build/modern/QueryClientProvider.js:20:3)
    at Wrapper (/home/runner/work/FLOWBills/FLOWBills/src/lib/test-utils.tsx:98:24)
Warning: An update to MemoryRouter inside a test was not wrapped in act(...).

When testing, code that causes React state updates should be wrapped into act(...):

act(() => {
  /* fire events that update state */
});
/* assert on the output */

This ensures that you're testing the behavior the user would see in the browser. Learn more at https://reactjs.org/link/wrap-tests-with-act
    at MemoryRouter (/home/runner/work/FLOWBills/FLOWBills/node_modules/react-router/dist/umd/react-router.development.js:1101:7)
    at QueryClientProvider (file:///home/runner/work/FLOWBills/FLOWBills/node_modules/@tanstack/react-query/build/modern/QueryClientProvider.js:20:3)
    at Wrapper (/home/runner/work/FLOWBills/FLOWBills/src/lib/test-utils.tsx:98:24)

 ✓ src/__tests__/hooks/useAuth.test.tsx (3 tests) 53ms
 ✓ src/__tests__/components/error-boundary/ErrorBoundary.test.tsx (3 tests) 107ms
 ✓ src/__tests__/lib/api-client.test.ts (3 tests) 5ms
stderr | src/__tests__/navigation.test.tsx > Navigation Pages > renders Features page
⚠️ React Router Future Flag Warning: React Router will begin wrapping state updates in `React.startTransition` in v7. You can use the `v7_startTransition` future flag to opt-in early. For more information, see https://reactrouter.com/v6/upgrading/future#v7_starttransition.
⚠️ React Router Future Flag Warning: Relative route resolution within Splat routes is changing in v7. You can use the `v7_relativeSplatPath` future flag to opt-in early. For more information, see https://reactrouter.com/v6/upgrading/future#v7_relativesplatpath.

stdout | src/__tests__/navigation.test.tsx > Navigation Pages > renders Features page
[Auth] State changed: INITIAL_SESSION User: undefined

stderr | src/__tests__/navigation.test.tsx > Navigation Pages > renders Features page
Warning: An update to AuthProvider inside a test was not wrapped in act(...).

When testing, code that causes React state updates should be wrapped into act(...):

act(() => {
  /* fire events that update state */
});
/* assert on the output */

This ensures that you're testing the behavior the user would see in the browser. Learn more at https://reactjs.org/link/wrap-tests-with-act
    at AuthProvider (/home/runner/work/FLOWBills/FLOWBills/src/hooks/useAuth.tsx:10:25)
    at Provider (file:///home/runner/work/FLOWBills/FLOWBills/node_modules/@radix-ui/react-context/dist/index.mjs:27:15)
    at TooltipProvider (file:///home/runner/work/FLOWBills/FLOWBills/node_modules/@radix-ui/react-tooltip/dist/index.mjs:29:5)
    at Router (/home/runner/work/FLOWBills/FLOWBills/node_modules/react-router/dist/umd/react-router.development.js:1207:17)
    at MemoryRouter (/home/runner/work/FLOWBills/FLOWBills/node_modules/react-router/dist/umd/react-router.development.js:1101:7)
    at QueryClientProvider (file:///home/runner/work/FLOWBills/FLOWBills/node_modules/@tanstack/react-query/build/modern/QueryClientProvider.js:20:3)
    at Wrapper (/home/runner/work/FLOWBills/FLOWBills/src/lib/test-utils.tsx:60:24)
Warning: An update to AuthProvider inside a test was not wrapped in act(...).

When testing, code that causes React state updates should be wrapped into act(...):

act(() => {
  /* fire events that update state */
});
/* assert on the output */

This ensures that you're testing the behavior the user would see in the browser. Learn more at https://reactjs.org/link/wrap-tests-with-act
    at AuthProvider (/home/runner/work/FLOWBills/FLOWBills/src/hooks/useAuth.tsx:10:25)
    at Provider (file:///home/runner/work/FLOWBills/FLOWBills/node_modules/@radix-ui/react-context/dist/index.mjs:27:15)
    at TooltipProvider (file:///home/runner/work/FLOWBills/FLOWBills/node_modules/@radix-ui/react-tooltip/dist/index.mjs:29:5)
    at Router (/home/runner/work/FLOWBills/FLOWBills/node_modules/react-router/dist/umd/react-router.development.js:1207:17)
    at MemoryRouter (/home/runner/work/FLOWBills/FLOWBills/node_modules/react-router/dist/umd/react-router.development.js:1101:7)
    at QueryClientProvider (file:///home/runner/work/FLOWBills/FLOWBills/node_modules/@tanstack/react-query/build/modern/QueryClientProvider.js:20:3)
    at Wrapper (/home/runner/work/FLOWBills/FLOWBills/src/lib/test-utils.tsx:60:24)
Warning: An update to AuthProvider inside a test was not wrapped in act(...).

When testing, code that causes React state updates should be wrapped into act(...):

act(() => {
  /* fire events that update state */
});
/* assert on the output */

This ensures that you're testing the behavior the user would see in the browser. Learn more at https://reactjs.org/link/wrap-tests-with-act
    at AuthProvider (/home/runner/work/FLOWBills/FLOWBills/src/hooks/useAuth.tsx:10:25)
    at Provider (file:///home/runner/work/FLOWBills/FLOWBills/node_modules/@radix-ui/react-context/dist/index.mjs:27:15)
    at TooltipProvider (file:///home/runner/work/FLOWBills/FLOWBills/node_modules/@radix-ui/react-tooltip/dist/index.mjs:29:5)
    at Router (/home/runner/work/FLOWBills/FLOWBills/node_modules/react-router/dist/umd/react-router.development.js:1207:17)
    at MemoryRouter (/home/runner/work/FLOWBills/FLOWBills/node_modules/react-router/dist/umd/react-router.development.js:1101:7)
    at QueryClientProvider (file:///home/runner/work/FLOWBills/FLOWBills/node_modules/@tanstack/react-query/build/modern/QueryClientProvider.js:20:3)
    at Wrapper (/home/runner/work/FLOWBills/FLOWBills/src/lib/test-utils.tsx:60:24)

stdout | src/__tests__/navigation.test.tsx > Navigation Pages > renders Pricing page
[Auth] State changed: INITIAL_SESSION User: undefined

stderr | src/__tests__/navigation.test.tsx > Navigation Pages > renders Pricing page
Warning: An update to AuthProvider inside a test was not wrapped in act(...).

When testing, code that causes React state updates should be wrapped into act(...):

act(() => {
  /* fire events that update state */
});
/* assert on the output */

This ensures that you're testing the behavior the user would see in the browser. Learn more at https://reactjs.org/link/wrap-tests-with-act
    at AuthProvider (/home/runner/work/FLOWBills/FLOWBills/src/hooks/useAuth.tsx:10:25)
    at Provider (file:///home/runner/work/FLOWBills/FLOWBills/node_modules/@radix-ui/react-context/dist/index.mjs:27:15)
    at TooltipProvider (file:///home/runner/work/FLOWBills/FLOWBills/node_modules/@radix-ui/react-tooltip/dist/index.mjs:29:5)
    at Router (/home/runner/work/FLOWBills/FLOWBills/node_modules/react-router/dist/umd/react-router.development.js:1207:17)
    at MemoryRouter (/home/runner/work/FLOWBills/FLOWBills/node_modules/react-router/dist/umd/react-router.development.js:1101:7)
    at QueryClientProvider (file:///home/runner/work/FLOWBills/FLOWBills/node_modules/@tanstack/react-query/build/modern/QueryClientProvider.js:20:3)
    at Wrapper (/home/runner/work/FLOWBills/FLOWBills/src/lib/test-utils.tsx:60:24)
Warning: An update to AuthProvider inside a test was not wrapped in act(...).

When testing, code that causes React state updates should be wrapped into act(...):

act(() => {
  /* fire events that update state */
});
/* assert on the output */

This ensures that you're testing the behavior the user would see in the browser. Learn more at https://reactjs.org/link/wrap-tests-with-act
    at AuthProvider (/home/runner/work/FLOWBills/FLOWBills/src/hooks/useAuth.tsx:10:25)
    at Provider (file:///home/runner/work/FLOWBills/FLOWBills/node_modules/@radix-ui/react-context/dist/index.mjs:27:15)
    at TooltipProvider (file:///home/runner/work/FLOWBills/FLOWBills/node_modules/@radix-ui/react-tooltip/dist/index.mjs:29:5)
    at Router (/home/runner/work/FLOWBills/FLOWBills/node_modules/react-router/dist/umd/react-router.development.js:1207:17)
    at MemoryRouter (/home/runner/work/FLOWBills/FLOWBills/node_modules/react-router/dist/umd/react-router.development.js:1101:7)
    at QueryClientProvider (file:///home/runner/work/FLOWBills/FLOWBills/node_modules/@tanstack/react-query/build/modern/QueryClientProvider.js:20:3)
    at Wrapper (/home/runner/work/FLOWBills/FLOWBills/src/lib/test-utils.tsx:60:24)
Warning: An update to AuthProvider inside a test was not wrapped in act(...).

When testing, code that causes React state updates should be wrapped into act(...):

act(() => {
  /* fire events that update state */
});
/* assert on the output */

This ensures that you're testing the behavior the user would see in the browser. Learn more at https://reactjs.org/link/wrap-tests-with-act
    at AuthProvider (/home/runner/work/FLOWBills/FLOWBills/src/hooks/useAuth.tsx:10:25)
    at Provider (file:///home/runner/work/FLOWBills/FLOWBills/node_modules/@radix-ui/react-context/dist/index.mjs:27:15)
    at TooltipProvider (file:///home/runner/work/FLOWBills/FLOWBills/node_modules/@radix-ui/react-tooltip/dist/index.mjs:29:5)
    at Router (/home/runner/work/FLOWBills/FLOWBills/node_modules/react-router/dist/umd/react-router.development.js:1207:17)
    at MemoryRouter (/home/runner/work/FLOWBills/FLOWBills/node_modules/react-router/dist/umd/react-router.development.js:1101:7)
    at QueryClientProvider (file:///home/runner/work/FLOWBills/FLOWBills/node_modules/@tanstack/react-query/build/modern/QueryClientProvider.js:20:3)
    at Wrapper (/home/runner/work/FLOWBills/FLOWBills/src/lib/test-utils.tsx:60:24)

stdout | src/__tests__/navigation.test.tsx > Navigation Pages > renders API page
[Auth] State changed: INITIAL_SESSION User: undefined

stderr | src/__tests__/navigation.test.tsx > Navigation Pages > renders API page
Warning: An update to AuthProvider inside a test was not wrapped in act(...).

When testing, code that causes React state updates should be wrapped into act(...):

act(() => {
  /* fire events that update state */
});
/* assert on the output */

This ensures that you're testing the behavior the user would see in the browser. Learn more at https://reactjs.org/link/wrap-tests-with-act
    at AuthProvider (/home/runner/work/FLOWBills/FLOWBills/src/hooks/useAuth.tsx:10:25)
    at Provider (file:///home/runner/work/FLOWBills/FLOWBills/node_modules/@radix-ui/react-context/dist/index.mjs:27:15)
    at TooltipProvider (file:///home/runner/work/FLOWBills/FLOWBills/node_modules/@radix-ui/react-tooltip/dist/index.mjs:29:5)
    at Router (/home/runner/work/FLOWBills/FLOWBills/node_modules/react-router/dist/umd/react-router.development.js:1207:17)
    at MemoryRouter (/home/runner/work/FLOWBills/FLOWBills/node_modules/react-router/dist/umd/react-router.development.js:1101:7)
    at QueryClientProvider (file:///home/runner/work/FLOWBills/FLOWBills/node_modules/@tanstack/react-query/build/modern/QueryClientProvider.js:20:3)
    at Wrapper (/home/runner/work/FLOWBills/FLOWBills/src/lib/test-utils.tsx:60:24)
Warning: An update to AuthProvider inside a test was not wrapped in act(...).

When testing, code that causes React state updates should be wrapped into act(...):

act(() => {
  /* fire events that update state */
});
/* assert on the output */

This ensures that you're testing the behavior the user would see in the browser. Learn more at https://reactjs.org/link/wrap-tests-with-act
    at AuthProvider (/home/runner/work/FLOWBills/FLOWBills/src/hooks/useAuth.tsx:10:25)
    at Provider (file:///home/runner/work/FLOWBills/FLOWBills/node_modules/@radix-ui/react-context/dist/index.mjs:27:15)
    at TooltipProvider (file:///home/runner/work/FLOWBills/FLOWBills/node_modules/@radix-ui/react-tooltip/dist/index.mjs:29:5)
    at Router (/home/runner/work/FLOWBills/FLOWBills/node_modules/react-router/dist/umd/react-router.development.js:1207:17)
    at MemoryRouter (/home/runner/work/FLOWBills/FLOWBills/node_modules/react-router/dist/umd/react-router.development.js:1101:7)
    at QueryClientProvider (file:///home/runner/work/FLOWBills/FLOWBills/node_modules/@tanstack/react-query/build/modern/QueryClientProvider.js:20:3)
    at Wrapper (/home/runner/work/FLOWBills/FLOWBills/src/lib/test-utils.tsx:60:24)
Warning: An update to AuthProvider inside a test was not wrapped in act(...).

When testing, code that causes React state updates should be wrapped into act(...):

act(() => {
  /* fire events that update state */
});
/* assert on the output */

This ensures that you're testing the behavior the user would see in the browser. Learn more at https://reactjs.org/link/wrap-tests-with-act
    at AuthProvider (/home/runner/work/FLOWBills/FLOWBills/src/hooks/useAuth.tsx:10:25)
    at Provider (file:///home/runner/work/FLOWBills/FLOWBills/node_modules/@radix-ui/react-context/dist/index.mjs:27:15)
    at TooltipProvider (file:///home/runner/work/FLOWBills/FLOWBills/node_modules/@radix-ui/react-tooltip/dist/index.mjs:29:5)
    at Router (/home/runner/work/FLOWBills/FLOWBills/node_modules/react-router/dist/umd/react-router.development.js:1207:17)
    at MemoryRouter (/home/runner/work/FLOWBills/FLOWBills/node_modules/react-router/dist/umd/react-router.development.js:1101:7)
    at QueryClientProvider (file:///home/runner/work/FLOWBills/FLOWBills/node_modules/@tanstack/react-query/build/modern/QueryClientProvider.js:20:3)
    at Wrapper (/home/runner/work/FLOWBills/FLOWBills/src/lib/test-utils.tsx:60:24)

stdout | src/__tests__/navigation.test.tsx > Navigation Pages > renders About page
[Auth] State changed: INITIAL_SESSION User: undefined

stderr | src/__tests__/navigation.test.tsx > Navigation Pages > renders About page
Warning: An update to AuthProvider inside a test was not wrapped in act(...).

When testing, code that causes React state updates should be wrapped into act(...):

act(() => {
  /* fire events that update state */
});
/* assert on the output */

This ensures that you're testing the behavior the user would see in the browser. Learn more at https://reactjs.org/link/wrap-tests-with-act
    at AuthProvider (/home/runner/work/FLOWBills/FLOWBills/src/hooks/useAuth.tsx:10:25)
    at Provider (file:///home/runner/work/FLOWBills/FLOWBills/node_modules/@radix-ui/react-context/dist/index.mjs:27:15)
    at TooltipProvider (file:///home/runner/work/FLOWBills/FLOWBills/node_modules/@radix-ui/react-tooltip/dist/index.mjs:29:5)
    at Router (/home/runner/work/FLOWBills/FLOWBills/node_modules/react-router/dist/umd/react-router.development.js:1207:17)
    at MemoryRouter (/home/runner/work/FLOWBills/FLOWBills/node_modules/react-router/dist/umd/react-router.development.js:1101:7)
    at QueryClientProvider (file:///home/runner/work/FLOWBills/FLOWBills/node_modules/@tanstack/react-query/build/modern/QueryClientProvider.js:20:3)
    at Wrapper (/home/runner/work/FLOWBills/FLOWBills/src/lib/test-utils.tsx:60:24)
Warning: An update to AuthProvider inside a test was not wrapped in act(...).

When testing, code that causes React state updates should be wrapped into act(...):

act(() => {
  /* fire events that update state */
});
/* assert on the output */

This ensures that you're testing the behavior the user would see in the browser. Learn more at https://reactjs.org/link/wrap-tests-with-act
    at AuthProvider (/home/runner/work/FLOWBills/FLOWBills/src/hooks/useAuth.tsx:10:25)
    at Provider (file:///home/runner/work/FLOWBills/FLOWBills/node_modules/@radix-ui/react-context/dist/index.mjs:27:15)
    at TooltipProvider (file:///home/runner/work/FLOWBills/FLOWBills/node_modules/@radix-ui/react-tooltip/dist/index.mjs:29:5)
    at Router (/home/runner/work/FLOWBills/FLOWBills/node_modules/react-router/dist/umd/react-router.development.js:1207:17)
    at MemoryRouter (/home/runner/work/FLOWBills/FLOWBills/node_modules/react-router/dist/umd/react-router.development.js:1101:7)
    at QueryClientProvider (file:///home/runner/work/FLOWBills/FLOWBills/node_modules/@tanstack/react-query/build/modern/QueryClientProvider.js:20:3)
    at Wrapper (/home/runner/work/FLOWBills/FLOWBills/src/lib/test-utils.tsx:60:24)
Warning: An update to AuthProvider inside a test was not wrapped in act(...).

When testing, code that causes React state updates should be wrapped into act(...):

act(() => {
  /* fire events that update state */
});
/* assert on the output */

This ensures that you're testing the behavior the user would see in the browser. Learn more at https://reactjs.org/link/wrap-tests-with-act
    at AuthProvider (/home/runner/work/FLOWBills/FLOWBills/src/hooks/useAuth.tsx:10:25)
    at Provider (file:///home/runner/work/FLOWBills/FLOWBills/node_modules/@radix-ui/react-context/dist/index.mjs:27:15)
    at TooltipProvider (file:///home/runner/work/FLOWBills/FLOWBills/node_modules/@radix-ui/react-tooltip/dist/index.mjs:29:5)
    at Router (/home/runner/work/FLOWBills/FLOWBills/node_modules/react-router/dist/umd/react-router.development.js:1207:17)
    at MemoryRouter (/home/runner/work/FLOWBills/FLOWBills/node_modules/react-router/dist/umd/react-router.development.js:1101:7)
    at QueryClientProvider (file:///home/runner/work/FLOWBills/FLOWBills/node_modules/@tanstack/react-query/build/modern/QueryClientProvider.js:20:3)
    at Wrapper (/home/runner/work/FLOWBills/FLOWBills/src/lib/test-utils.tsx:60:24)

stderr | src/__tests__/navigation.test.tsx > Navigation Pages > renders Contact page
stdout | src/__tests__/navigation.test.tsx > Navigation Pages > renders Contact page
[Auth] State changed: INITIAL_SESSION User: undefined

react-i18next:: useTranslation: You will need to pass in an i18next instance by using initReactI18next { code: 'NO_I18NEXT_INSTANCE' }

stderr | src/__tests__/navigation.test.tsx > Navigation Pages > renders Contact page
Warning: An update to AuthProvider inside a test was not wrapped in act(...).

When testing, code that causes React state updates should be wrapped into act(...):

act(() => {
  /* fire events that update state */
});
/* assert on the output */

This ensures that you're testing the behavior the user would see in the browser. Learn more at https://reactjs.org/link/wrap-tests-with-act
    at AuthProvider (/home/runner/work/FLOWBills/FLOWBills/src/hooks/useAuth.tsx:10:25)
    at Provider (file:///home/runner/work/FLOWBills/FLOWBills/node_modules/@radix-ui/react-context/dist/index.mjs:27:15)
    at TooltipProvider (file:///home/runner/work/FLOWBills/FLOWBills/node_modules/@radix-ui/react-tooltip/dist/index.mjs:29:5)
    at Router (/home/runner/work/FLOWBills/FLOWBills/node_modules/react-router/dist/umd/react-router.development.js:1207:17)
    at MemoryRouter (/home/runner/work/FLOWBills/FLOWBills/node_modules/react-router/dist/umd/react-router.development.js:1101:7)
    at QueryClientProvider (file:///home/runner/work/FLOWBills/FLOWBills/node_modules/@tanstack/react-query/build/modern/QueryClientProvider.js:20:3)
    at Wrapper (/home/runner/work/FLOWBills/FLOWBills/src/lib/test-utils.tsx:60:24)
Warning: An update to AuthProvider inside a test was not wrapped in act(...).

When testing, code that causes React state updates should be wrapped into act(...):

act(() => {
  /* fire events that update state */
});
/* assert on the output */

This ensures that you're testing the behavior the user would see in the browser. Learn more at https://reactjs.org/link/wrap-tests-with-act
    at AuthProvider (/home/runner/work/FLOWBills/FLOWBills/src/hooks/useAuth.tsx:10:25)
    at Provider (file:///home/runner/work/FLOWBills/FLOWBills/node_modules/@radix-ui/react-context/dist/index.mjs:27:15)
    at TooltipProvider (file:///home/runner/work/FLOWBills/FLOWBills/node_modules/@radix-ui/react-tooltip/dist/index.mjs:29:5)
    at Router (/home/runner/work/FLOWBills/FLOWBills/node_modules/react-router/dist/umd/react-router.development.js:1207:17)
    at MemoryRouter (/home/runner/work/FLOWBills/FLOWBills/node_modules/react-router/dist/umd/react-router.development.js:1101:7)
    at QueryClientProvider (file:///home/runner/work/FLOWBills/FLOWBills/node_modules/@tanstack/react-query/build/modern/QueryClientProvider.js:20:3)
    at Wrapper (/home/runner/work/FLOWBills/FLOWBills/src/lib/test-utils.tsx:60:24)
Warning: An update to AuthProvider inside a test was not wrapped in act(...).

When testing, code that causes React state updates should be wrapped into act(...):

act(() => {
  /* fire events that update state */
});
/* assert on the output */

This ensures that you're testing the behavior the user would see in the browser. Learn more at https://reactjs.org/link/wrap-tests-with-act
    at AuthProvider (/home/runner/work/FLOWBills/FLOWBills/src/hooks/useAuth.tsx:10:25)
    at Provider (file:///home/runner/work/FLOWBills/FLOWBills/node_modules/@radix-ui/react-context/dist/index.mjs:27:15)
    at TooltipProvider (file:///home/runner/work/FLOWBills/FLOWBills/node_modules/@radix-ui/react-tooltip/dist/index.mjs:29:5)
    at Router (/home/runner/work/FLOWBills/FLOWBills/node_modules/react-router/dist/umd/react-router.development.js:1207:17)
    at MemoryRouter (/home/runner/work/FLOWBills/FLOWBills/node_modules/react-router/dist/umd/react-router.development.js:1101:7)
    at QueryClientProvider (file:///home/runner/work/FLOWBills/FLOWBills/node_modules/@tanstack/react-query/build/modern/QueryClientProvider.js:20:3)
    at Wrapper (/home/runner/work/FLOWBills/FLOWBills/src/lib/test-utils.tsx:60:24)

stderr | src/__tests__/navigation.test.tsx > Navigation Pages > renders Security page
Warning: An update to AuthProvider inside a test was not wrapped in act(...).

When testing, code that causes React state updates should be wrapped into act(...):

act(() => {
  /* fire events that update state */
});
/* assert on the output */

This ensures that you're testing the behavior the user would see in the browser. Learn more at https://reactjs.org/link/wrap-tests-with-act
    at AuthProvider (/home/runner/work/FLOWBills/FLOWBills/src/hooks/useAuth.tsx:10:25)
    at Provider (file:///home/runner/work/FLOWBills/FLOWBills/node_modules/@radix-ui/react-context/dist/index.mjs:27:15)
    at TooltipProvider (file:///home/runner/work/FLOWBills/FLOWBills/node_modules/@radix-ui/react-tooltip/dist/index.mjs:29:5)
    at Router (/home/runner/work/FLOWBills/FLOWBills/node_modules/react-router/dist/umd/react-router.development.js:1207:17)
    at MemoryRouter (/home/runner/work/FLOWBills/FLOWBills/node_modules/react-router/dist/umd/react-router.development.js:1101:7)
    at QueryClientProvider (file:///home/runner/work/FLOWBills/FLOWBills/node_modules/@tanstack/react-query/build/modern/QueryClientProvider.js:20:3)
    at Wrapper (/home/runner/work/FLOWBills/FLOWBills/src/lib/test-utils.tsx:60:24)
Warning: An update to AuthProvider inside a test was not wrapped in act(...).
stdout | src/__tests__/navigation.test.tsx > Navigation Pages > renders Security page

When testing, code that causes React state updates should be wrapped into act(...):

act(() => {
  /* fire events that update state */
});
/* assert on the output */

This ensures that you're testing the behavior the user would see in the browser. Learn more at https://reactjs.org/link/wrap-tests-with-act
    at AuthProvider (/home/runner/work/FLOWBills/FLOWBills/src/hooks/useAuth.tsx:10:25)
    at Provider (file:///home/runner/work/FLOWBills/FLOWBills/node_modules/@radix-ui/react-context/dist/index.mjs:27:15)
    at TooltipProvider (file:///home/runner/work/FLOWBills/FLOWBills/node_modules/@radix-ui/react-tooltip/dist/index.mjs:29:5)
    at Router (/home/runner/work/FLOWBills/FLOWBills/node_modules/react-router/dist/umd/react-router.development.js:1207:17)
    at MemoryRouter (/home/runner/work/FLOWBills/FLOWBills/node_modules/react-router/dist/umd/react-router.development.js:1101:7)
    at QueryClientProvider (file:///home/runner/work/FLOWBills/FLOWBills/node_modules/@tanstack/react-query/build/modern/QueryClientProvider.js:20:3)
    at Wrapper (/home/runner/work/FLOWBills/FLOWBills/src/lib/test-utils.tsx:60:24)
Warning: An update to AuthProvider inside a test was not wrapped in act(...).

When testing, code that causes React state updates should be wrapped into act(...):

act(() => {
  /* fire events that update state */
});
/* assert on the output */

This ensures that you're testing the behavior the user would see in the browser. Learn more at https://reactjs.org/link/wrap-tests-with-act
    at AuthProvider (/home/runner/work/FLOWBills/FLOWBills/src/hooks/useAuth.tsx:10:25)
    at Provider (file:///home/runner/work/FLOWBills/FLOWBills/node_modules/@radix-ui/react-context/dist/index.mjs:27:15)
    at TooltipProvider (file:///home/runner/work/FLOWBills/FLOWBills/node_modules/@radix-ui/react-tooltip/dist/index.mjs:29:5)
    at Router (/home/runner/work/FLOWBills/FLOWBills/node_modules/react-router/dist/umd/react-router.development.js:1207:17)
    at MemoryRouter (/home/runner/work/FLOWBills/FLOWBills/node_modules/react-router/dist/umd/react-router.development.js:1101:7)
    at QueryClientProvider (file:///home/runner/work/FLOWBills/FLOWBills/node_modules/@tanstack/react-query/build/modern/QueryClientProvider.js:20:3)
    at Wrapper (/home/runner/work/FLOWBills/FLOWBills/src/lib/test-utils.tsx:60:24)

[Auth] State changed: INITIAL_SESSION User: undefined

stdout | src/__tests__/navigation.test.tsx > Navigation Pages > renders Privacy page
stderr | src/__tests__/navigation.test.tsx > Navigation Pages > renders Privacy page
Warning: An update to AuthProvider inside a test was not wrapped in act(...).

When testing, code that causes React state updates should be wrapped into act(...):

act(() => {
  /* fire events that update state */
});
/* assert on the output */

This ensures that you're testing the behavior the user would see in the browser. Learn more at https://reactjs.org/link/wrap-tests-with-act
    at AuthProvider (/home/runner/work/FLOWBills/FLOWBills/src/hooks/useAuth.tsx:10:25)
    at Provider (file:///home/runner/work/FLOWBills/FLOWBills/node_modules/@radix-ui/react-context/dist/index.mjs:27:15)
    at TooltipProvider (file:///home/runner/work/FLOWBills/FLOWBills/node_modules/@radix-ui/react-tooltip/dist/index.mjs:29:5)
    at Router (/home/runner/work/FLOWBills/FLOWBills/node_modules/react-router/dist/umd/react-router.development.js:1207:17)
    at MemoryRouter (/home/runner/work/FLOWBills/FLOWBills/node_modules/react-router/dist/umd/react-router.development.js:1101:7)
    at QueryClientProvider (file:///home/runner/work/FLOWBills/FLOWBills/node_modules/@tanstack/react-query/build/modern/QueryClientProvider.js:20:3)
    at Wrapper (/home/runner/work/FLOWBills/FLOWBills/src/lib/test-utils.tsx:60:24)
Warning: An update to AuthProvider inside a test was not wrapped in act(...).

When testing, code that causes React state updates should be wrapped into act(...):

act(() => {
  /* fire events that update state */
});
/* assert on the output */

This ensures that you're testing the behavior the user would see in the browser. Learn more at https://reactjs.org/link/wrap-tests-with-act
    at AuthProvider (/home/runner/work/FLOWBills/FLOWBills/src/hooks/useAuth.tsx:10:25)
    at Provider (file:///home/runner/work/FLOWBills/FLOWBills/node_modules/@radix-ui/react-context/dist/index.mjs:27:15)
    at TooltipProvider (file:///home/runner/work/FLOWBills/FLOWBills/node_modules/@radix-ui/react-tooltip/dist/index.mjs:29:5)
    at Router (/home/runner/work/FLOWBills/FLOWBills/node_modules/react-router/dist/umd/react-router.development.js:1207:17)
    at MemoryRouter (/home/runner/work/FLOWBills/FLOWBills/node_modules/react-router/dist/umd/react-router.development.js:1101:7)
    at QueryClientProvider (file:///home/runner/work/FLOWBills/FLOWBills/node_modules/@tanstack/react-query/build/modern/QueryClientProvider.js:20:3)
    at Wrapper (/home/runner/work/FLOWBills/FLOWBills/src/lib/test-utils.tsx:60:24)
Warning: An update to AuthProvider inside a test was not wrapped in act(...).

When testing, code that causes React state updates should be wrapped into act(...):

act(() => {
  /* fire events that update state */
});
/* assert on the output */

This ensures that you're testing the behavior the user would see in the browser. Learn more at https://reactjs.org/link/wrap-tests-with-act
    at AuthProvider (/home/runner/work/FLOWBills/FLOWBills/src/hooks/useAuth.tsx:10:25)
    at Provider (file:///home/runner/work/FLOWBills/FLOWBills/node_modules/@radix-ui/react-context/dist/index.mjs:27:15)
    at TooltipProvider (file:///home/runner/work/FLOWBills/FLOWBills/node_modules/@radix-ui/react-tooltip/dist/index.mjs:29:5)
    at Router (/home/runner/work/FLOWBills/FLOWBills/node_modules/react-router/dist/umd/react-router.development.js:1207:17)
    at MemoryRouter (/home/runner/work/FLOWBills/FLOWBills/node_modules/react-router/dist/umd/react-router.development.js:1101:7)
    at QueryClientProvider (file:///home/runner/work/FLOWBills/FLOWBills/node_modules/@tanstack/react-query/build/modern/QueryClientProvider.js:20:3)
    at Wrapper (/home/runner/work/FLOWBills/FLOWBills/src/lib/test-utils.tsx:60:24)

[Auth] State changed: INITIAL_SESSION User: undefined

stderr | src/__tests__/navigation.test.tsx > Navigation Pages > renders Terms page
stdout | src/__tests__/navigation.test.tsx > Navigation Pages > renders Terms page
Warning: An update to AuthProvider inside a test was not wrapped in act(...).

When testing, code that causes React state updates should be wrapped into act(...):

act(() => {
  /* fire events that update state */
});
/* assert on the output */

This ensures that you're testing the behavior the user would see in the browser. Learn more at https://reactjs.org/link/wrap-tests-with-act
    at AuthProvider (/home/runner/work/FLOWBills/FLOWBills/src/hooks/useAuth.tsx:10:25)
    at Provider (file:///home/runner/work/FLOWBills/FLOWBills/node_modules/@radix-ui/react-context/dist/index.mjs:27:15)
    at TooltipProvider (file:///home/runner/work/FLOWBills/FLOWBills/node_modules/@radix-ui/react-tooltip/dist/index.mjs:29:5)
    at Router (/home/runner/work/FLOWBills/FLOWBills/node_modules/react-router/dist/umd/react-router.development.js:1207:17)
    at MemoryRouter (/home/runner/work/FLOWBills/FLOWBills/node_modules/react-router/dist/umd/react-router.development.js:1101:7)
    at QueryClientProvider (file:///home/runner/work/FLOWBills/FLOWBills/node_modules/@tanstack/react-query/build/modern/QueryClientProvider.js:20:3)
    at Wrapper (/home/runner/work/FLOWBills/FLOWBills/src/lib/test-utils.tsx:60:24)
Warning: An update to AuthProvider inside a test was not wrapped in act(...).

When testing, code that causes React state updates should be wrapped into act(...):

act(() => {
  /* fire events that update state */
});
/* assert on the output */

This ensures that you're testing the behavior the user would see in the browser. Learn more at https://reactjs.org/link/wrap-tests-with-act
    at AuthProvider (/home/runner/work/FLOWBills/FLOWBills/src/hooks/useAuth.tsx:10:25)
    at Provider (file:///home/runner/work/FLOWBills/FLOWBills/node_modules/@radix-ui/react-context/dist/index.mjs:27:15)
    at TooltipProvider (file:///home/runner/work/FLOWBills/FLOWBills/node_modules/@radix-ui/react-tooltip/dist/index.mjs:29:5)
    at Router (/home/runner/work/FLOWBills/FLOWBills/node_modules/react-router/dist/umd/react-router.development.js:1207:17)
    at MemoryRouter (/home/runner/work/FLOWBills/FLOWBills/node_modules/react-router/dist/umd/react-router.development.js:1101:7)
    at QueryClientProvider (file:///home/runner/work/FLOWBills/FLOWBills/node_modules/@tanstack/react-query/build/modern/QueryClientProvider.js:20:3)
    at Wrapper (/home/runner/work/FLOWBills/FLOWBills/src/lib/test-utils.tsx:60:24)
Warning: An update to AuthProvider inside a test was not wrapped in act(...).

When testing, code that causes React state updates should be wrapped into act(...):

act(() => {
  /* fire events that update state */
});
/* assert on the output */

This ensures that you're testing the behavior the user would see in the browser. Learn more at https://reactjs.org/link/wrap-tests-with-act
    at AuthProvider (/home/runner/work/FLOWBills/FLOWBills/src/hooks/useAuth.tsx:10:25)
    at Provider (file:///home/runner/work/FLOWBills/FLOWBills/node_modules/@radix-ui/react-context/dist/index.mjs:27:15)
    at TooltipProvider (file:///home/runner/work/FLOWBills/FLOWBills/node_modules/@radix-ui/react-tooltip/dist/index.mjs:29:5)
    at Router (/home/runner/work/FLOWBills/FLOWBills/node_modules/react-router/dist/umd/react-router.development.js:1207:17)
    at MemoryRouter (/home/runner/work/FLOWBills/FLOWBills/node_modules/react-router/dist/umd/react-router.development.js:1101:7)
    at QueryClientProvider (file:///home/runner/work/FLOWBills/FLOWBills/node_modules/@tanstack/react-query/build/modern/QueryClientProvider.js:20:3)
    at Wrapper (/home/runner/work/FLOWBills/FLOWBills/src/lib/test-utils.tsx:60:24)

[Auth] State changed: INITIAL_SESSION User: undefined

 ✓ src/__tests__/navigation.test.tsx (8 tests) 758ms

⎯⎯⎯⎯⎯⎯ Failed Suites 2 ⎯⎯⎯⎯⎯⎯⎯

 FAIL  tests/e2e/smoke.spec.ts [ tests/e2e/smoke.spec.ts ]
Error: Playwright Test did not expect test.describe() to be called here.
Most common reasons include:
- You are calling test.describe() in a configuration file.
- You are calling test.describe() in a file that is imported by the configuration file.
- You have two different versions of @playwright/test. This usually happens
  when one of the dependencies in your package.json depends on @playwright/test.
 ❯ TestTypeImpl._currentSuite node_modules/playwright/lib/common/testType.js:75:13
 ❯ TestTypeImpl._describe node_modules/playwright/lib/common/testType.js:115:24
 ❯ Function.describe node_modules/playwright/lib/transform/transform.js:275:12
 ❯ tests/e2e/smoke.spec.ts:7:6
      5|  * These tests ensure the app renders and is functional.
      6|  */
      7| test.describe('Production Smoke Tests', () => {
       |      ^
      8|   const baseURL = process.env.PLAYWRIGHT_TEST_BASE_URL || 'http://loca…
      9| 

⎯⎯⎯⎯⎯⎯⎯⎯⎯⎯⎯⎯⎯⎯⎯⎯⎯⎯⎯⎯⎯⎯⎯⎯[1/2]⎯

 FAIL  supabase/functions/oil-gas-assistant/battery.test.ts [ supabase/functions/oil-gas-assistant/battery.test.ts ]
Error: Only URLs with a scheme in: file, data, and node are supported by the default ESM loader. Received protocol 'https:'
⎯⎯⎯⎯⎯⎯⎯⎯⎯⎯⎯⎯⎯⎯⎯⎯⎯⎯⎯⎯⎯⎯⎯⎯[2/2]⎯


 Test Files  2 failed | 12 passed (14)
      Tests  77 passed (77)
   Start at  04:46:23
   Duration  14.42s (transform 1.01s, setup 7.90s, collect 2.72s, tests 3.65s, environment 10.78s, prepare 1.69s)


Error: Error: Playwright Test did not expect test.describe() to be called here.
Most common reasons include:
- You are calling test.describe() in a configuration file.
- You are calling test.describe() in a file that is imported by the configuration file.
- You have two different versions of @playwright/test. This usually happens
  when one of the dependencies in your package.json depends on @playwright/test.
 ❯ TestTypeImpl._currentSuite node_modules/playwright/lib/common/testType.js:75:13
 ❯ TestTypeImpl._describe node_modules/playwright/lib/common/testType.js:115:24
 ❯ Function.describe node_modules/playwright/lib/transform/transform.js:275:12
 ❯ tests/e2e/smoke.spec.ts:7:6


Error: Process completed with exit code 1.
0s
0s
0s
1s
0s
Cleaning up orphan processes



============================================================================================================================================================================================




🧪 Tests (unit)
failed 26 minutes ago in 29s
Search logs
1s
0s
2s
9s
15s
Run npm run test:unit

> vite_react_shadcn_ts@0.0.0 test:unit
> vitest run --coverage

[baseline-browser-mapping] The data in this module is over two months old.  To ensure accurate Baseline data, please update: `npm i baseline-browser-mapping@latest -D`

 RUN  v3.2.4 /home/runner/work/FLOWBills/FLOWBills
      Coverage enabled with v8

 ✓ src/__tests__/lib/pricing.test.ts (18 tests) 28ms
 ✓ src/__tests__/e-invoicing/golden-tests.test.ts (13 tests) 14ms
stderr | src/__tests__/integration/app-functionality.test.tsx > Application Integration Tests > should render application without crashing
stdout | src/__tests__/integration/app-functionality.test.tsx > Application Integration Tests > should render application without crashing
⚠️ React Router Future Flag Warning: React Router will begin wrapping state updates in `React.startTransition` in v7. You can use the `v7_startTransition` future flag to opt-in early. For more information, see https://reactrouter.com/v6/upgrading/future#v7_starttransition.
⚠️ React Router Future Flag Warning: Relative route resolution within Splat routes is changing in v7. You can use the `v7_relativeSplatPath` future flag to opt-in early. For more information, see https://reactrouter.com/v6/upgrading/future#v7_relativesplatpath.

[Auth] State changed: INITIAL_SESSION User: undefined

stdout | src/__tests__/integration/app-functionality.test.tsx > Application Integration Tests > should render application without crashing
[Auth] State changed: INITIAL_SESSION User: undefined

stderr | src/__tests__/integration/app-functionality.test.tsx > Application Integration Tests > should render application without crashing
react-i18next:: useTranslation: You will need to pass in an i18next instance by using initReactI18next { code: 'NO_I18NEXT_INSTANCE' }

stderr | src/__tests__/integration/app-functionality.test.tsx > Application Integration Tests > should handle errors gracefully with ErrorBoundary
stdout | src/__tests__/integration/app-functionality.test.tsx > Application Integration Tests > should handle errors gracefully with ErrorBoundary
[Auth] State changed: INITIAL_SESSION User: undefined

Error: Test error
    at ThrowError (/home/runner/work/FLOWBills/FLOWBills/src/__tests__/integration/app-functionality.test.tsx:115:13)
    at renderWithHooks (/home/runner/work/FLOWBills/FLOWBills/node_modules/react-dom/cjs/react-dom.development.js:15486:18)
    at mountIndeterminateComponent (/home/runner/work/FLOWBills/FLOWBills/node_modules/react-dom/cjs/react-dom.development.js:20103:13)
    at beginWork (/home/runner/work/FLOWBills/FLOWBills/node_modules/react-dom/cjs/react-dom.development.js:21626:16)
    at HTMLUnknownElement.callCallback (/home/runner/work/FLOWBills/FLOWBills/node_modules/react-dom/cjs/react-dom.development.js:4164:14)
    at HTMLUnknownElement.callTheUserObjectsOperation (/home/runner/work/FLOWBills/FLOWBills/node_modules/jsdom/lib/jsdom/living/generated/EventListener.js:26:30)
    at innerInvokeEventListeners (/home/runner/work/FLOWBills/FLOWBills/node_modules/jsdom/lib/jsdom/living/events/EventTarget-impl.js:360:16)
    at invokeEventListeners (/home/runner/work/FLOWBills/FLOWBills/node_modules/jsdom/lib/jsdom/living/events/EventTarget-impl.js:296:3)
    at HTMLUnknownElementImpl._dispatch (/home/runner/work/FLOWBills/FLOWBills/node_modules/jsdom/lib/jsdom/living/events/EventTarget-impl.js:243:9)
    at HTMLUnknownElementImpl.dispatchEvent (/home/runner/work/FLOWBills/FLOWBills/node_modules/jsdom/lib/jsdom/living/events/EventTarget-impl.js:114:17)
Error: Test error
    at ThrowError (/home/runner/work/FLOWBills/FLOWBills/src/__tests__/integration/app-functionality.test.tsx:115:13)
    at renderWithHooks (/home/runner/work/FLOWBills/FLOWBills/node_modules/react-dom/cjs/react-dom.development.js:15486:18)
    at mountIndeterminateComponent (/home/runner/work/FLOWBills/FLOWBills/node_modules/react-dom/cjs/react-dom.development.js:20103:13)
    at beginWork (/home/runner/work/FLOWBills/FLOWBills/node_modules/react-dom/cjs/react-dom.development.js:21626:16)
    at HTMLUnknownElement.callCallback (/home/runner/work/FLOWBills/FLOWBills/node_modules/react-dom/cjs/react-dom.development.js:4164:14)
    at HTMLUnknownElement.callTheUserObjectsOperation (/home/runner/work/FLOWBills/FLOWBills/node_modules/jsdom/lib/jsdom/living/generated/EventListener.js:26:30)
    at innerInvokeEventListeners (/home/runner/work/FLOWBills/FLOWBills/node_modules/jsdom/lib/jsdom/living/events/EventTarget-impl.js:360:16)
    at invokeEventListeners (/home/runner/work/FLOWBills/FLOWBills/node_modules/jsdom/lib/jsdom/living/events/EventTarget-impl.js:296:3)
    at HTMLUnknownElementImpl._dispatch (/home/runner/work/FLOWBills/FLOWBills/node_modules/jsdom/lib/jsdom/living/events/EventTarget-impl.js:243:9)
    at HTMLUnknownElementImpl.dispatchEvent (/home/runner/work/FLOWBills/FLOWBills/node_modules/jsdom/lib/jsdom/living/events/EventTarget-impl.js:114:17)
The above error occurred in the <ThrowError> component:

    at ThrowError (/home/runner/work/FLOWBills/FLOWBills/src/__tests__/integration/app-functionality.test.tsx:161:19)
    at ErrorBoundary (/home/runner/work/FLOWBills/FLOWBills/src/components/error-boundary/ErrorBoundary.tsx:210:5)
    at AuthProvider (/home/runner/work/FLOWBills/FLOWBills/src/hooks/useAuth.tsx:10:25)
    at Router (/home/runner/work/FLOWBills/FLOWBills/node_modules/react-router/dist/umd/react-router.development.js:1207:17)
    at MemoryRouter (/home/runner/work/FLOWBills/FLOWBills/node_modules/react-router/dist/umd/react-router.development.js:1101:7)
    at Provider (file:///home/runner/work/FLOWBills/FLOWBills/node_modules/@radix-ui/react-context/dist/index.mjs:27:15)
    at TooltipProvider (file:///home/runner/work/FLOWBills/FLOWBills/node_modules/@radix-ui/react-tooltip/dist/index.mjs:29:5)
    at QueryClientProvider (file:///home/runner/work/FLOWBills/FLOWBills/node_modules/@tanstack/react-query/build/modern/QueryClientProvider.js:20:3)

React will try to recreate this component tree from scratch using the error boundary you provided, ErrorBoundary.
============================================
[FlowBills ErrorBoundary] Caught an error!
Error: Error: Test error
    at ThrowError (/home/runner/work/FLOWBills/FLOWBills/src/__tests__/integration/app-functionality.test.tsx:115:13)
    at renderWithHooks (/home/runner/work/FLOWBills/FLOWBills/node_modules/react-dom/cjs/react-dom.development.js:15486:18)
    at mountIndeterminateComponent (/home/runner/work/FLOWBills/FLOWBills/node_modules/react-dom/cjs/react-dom.development.js:20103:13)
    at beginWork (/home/runner/work/FLOWBills/FLOWBills/node_modules/react-dom/cjs/react-dom.development.js:21626:16)
    at beginWork$1 (/home/runner/work/FLOWBills/FLOWBills/node_modules/react-dom/cjs/react-dom.development.js:27465:14)
    at performUnitOfWork (/home/runner/work/FLOWBills/FLOWBills/node_modules/react-dom/cjs/react-dom.development.js:26599:12)
    at workLoopSync (/home/runner/work/FLOWBills/FLOWBills/node_modules/react-dom/cjs/react-dom.development.js:26505:5)
    at renderRootSync (/home/runner/work/FLOWBills/FLOWBills/node_modules/react-dom/cjs/react-dom.development.js:26473:7)
    at recoverFromConcurrentError (/home/runner/work/FLOWBills/FLOWBills/node_modules/react-dom/cjs/react-dom.development.js:25889:20)
    at performConcurrentWorkOnRoot (/home/runner/work/FLOWBills/FLOWBills/node_modules/react-dom/cjs/react-dom.development.js:25789:22)
Error name: Error
Error message: Test error
Error stack: Error: Test error
    at ThrowError (/home/runner/work/FLOWBills/FLOWBills/src/__tests__/integration/app-functionality.test.tsx:115:13)
    at renderWithHooks (/home/runner/work/FLOWBills/FLOWBills/node_modules/react-dom/cjs/react-dom.development.js:15486:18)
    at mountIndeterminateComponent (/home/runner/work/FLOWBills/FLOWBills/node_modules/react-dom/cjs/react-dom.development.js:20103:13)
    at beginWork (/home/runner/work/FLOWBills/FLOWBills/node_modules/react-dom/cjs/react-dom.development.js:21626:16)
    at beginWork$1 (/home/runner/work/FLOWBills/FLOWBills/node_modules/react-dom/cjs/react-dom.development.js:27465:14)
    at performUnitOfWork (/home/runner/work/FLOWBills/FLOWBills/node_modules/react-dom/cjs/react-dom.development.js:26599:12)
    at workLoopSync (/home/runner/work/FLOWBills/FLOWBills/node_modules/react-dom/cjs/react-dom.development.js:26505:5)
    at renderRootSync (/home/runner/work/FLOWBills/FLOWBills/node_modules/react-dom/cjs/react-dom.development.js:26473:7)
    at recoverFromConcurrentError (/home/runner/work/FLOWBills/FLOWBills/node_modules/react-dom/cjs/react-dom.development.js:25889:20)
    at performConcurrentWorkOnRoot (/home/runner/work/FLOWBills/FLOWBills/node_modules/react-dom/cjs/react-dom.development.js:25789:22)
Component stack: 
    at ThrowError (/home/runner/work/FLOWBills/FLOWBills/src/__tests__/integration/app-functionality.test.tsx:161:19)
    at ErrorBoundary (/home/runner/work/FLOWBills/FLOWBills/src/components/error-boundary/ErrorBoundary.tsx:210:5)
    at AuthProvider (/home/runner/work/FLOWBills/FLOWBills/src/hooks/useAuth.tsx:10:25)
    at Router (/home/runner/work/FLOWBills/FLOWBills/node_modules/react-router/dist/umd/react-router.development.js:1207:17)
    at MemoryRouter (/home/runner/work/FLOWBills/FLOWBills/node_modules/react-router/dist/umd/react-router.development.js:1101:7)
    at Provider (file:///home/runner/work/FLOWBills/FLOWBills/node_modules/@radix-ui/react-context/dist/index.mjs:27:15)
    at TooltipProvider (file:///home/runner/work/FLOWBills/FLOWBills/node_modules/@radix-ui/react-tooltip/dist/index.mjs:29:5)
    at QueryClientProvider (file:///home/runner/work/FLOWBills/FLOWBills/node_modules/@tanstack/react-query/build/modern/QueryClientProvider.js:20:3)
Timestamp: 2026-01-13T04:46:29.049Z
URL: http://localhost:3000/
User agent: Mozilla/5.0 (linux) AppleWebKit/537.36 (KHTML, like Gecko) jsdom/27.0.0
============================================

stderr | src/__tests__/integration/app-functionality.test.tsx > Application Integration Tests > should handle errors gracefully with ErrorBoundary
Warning: An update to AuthProvider inside a test was not wrapped in act(...).

When testing, code that causes React state updates should be wrapped into act(...):

act(() => {
  /* fire events that update state */
});
/* assert on the output */

This ensures that you're testing the behavior the user would see in the browser. Learn more at https://reactjs.org/link/wrap-tests-with-act
    at AuthProvider (/home/runner/work/FLOWBills/FLOWBills/src/hooks/useAuth.tsx:10:25)
    at Router (/home/runner/work/FLOWBills/FLOWBills/node_modules/react-router/dist/umd/react-router.development.js:1207:17)
    at MemoryRouter (/home/runner/work/FLOWBills/FLOWBills/node_modules/react-router/dist/umd/react-router.development.js:1101:7)
    at Provider (file:///home/runner/work/FLOWBills/FLOWBills/node_modules/@radix-ui/react-context/dist/index.mjs:27:15)
    at TooltipProvider (file:///home/runner/work/FLOWBills/FLOWBills/node_modules/@radix-ui/react-tooltip/dist/index.mjs:29:5)
    at QueryClientProvider (file:///home/runner/work/FLOWBills/FLOWBills/node_modules/@tanstack/react-query/build/modern/QueryClientProvider.js:20:3)
Warning: An update to AuthProvider inside a test was not wrapped in act(...).

When testing, code that causes React state updates should be wrapped into act(...):

act(() => {
  /* fire events that update state */
});
/* assert on the output */

This ensures that you're testing the behavior the user would see in the browser. Learn more at https://reactjs.org/link/wrap-tests-with-act
    at AuthProvider (/home/runner/work/FLOWBills/FLOWBills/src/hooks/useAuth.tsx:10:25)
    at Router (/home/runner/work/FLOWBills/FLOWBills/node_modules/react-router/dist/umd/react-router.development.js:1207:17)
    at MemoryRouter (/home/runner/work/FLOWBills/FLOWBills/node_modules/react-router/dist/umd/react-router.development.js:1101:7)
    at Provider (file:///home/runner/work/FLOWBills/FLOWBills/node_modules/@radix-ui/react-context/dist/index.mjs:27:15)
    at TooltipProvider (file:///home/runner/work/FLOWBills/FLOWBills/node_modules/@radix-ui/react-tooltip/dist/index.mjs:29:5)
    at QueryClientProvider (file:///home/runner/work/FLOWBills/FLOWBills/node_modules/@tanstack/react-query/build/modern/QueryClientProvider.js:20:3)
Warning: An update to AuthProvider inside a test was not wrapped in act(...).

When testing, code that causes React state updates should be wrapped into act(...):

act(() => {
  /* fire events that update state */
});
/* assert on the output */

This ensures that you're testing the behavior the user would see in the browser. Learn more at https://reactjs.org/link/wrap-tests-with-act
    at AuthProvider (/home/runner/work/FLOWBills/FLOWBills/src/hooks/useAuth.tsx:10:25)
    at Router (/home/runner/work/FLOWBills/FLOWBills/node_modules/react-router/dist/umd/react-router.development.js:1207:17)
    at MemoryRouter (/home/runner/work/FLOWBills/FLOWBills/node_modules/react-router/dist/umd/react-router.development.js:1101:7)
    at Provider (file:///home/runner/work/FLOWBills/FLOWBills/node_modules/@radix-ui/react-context/dist/index.mjs:27:15)
    at TooltipProvider (file:///home/runner/work/FLOWBills/FLOWBills/node_modules/@radix-ui/react-tooltip/dist/index.mjs:29:5)
    at QueryClientProvider (file:///home/runner/work/FLOWBills/FLOWBills/node_modules/@tanstack/react-query/build/modern/QueryClientProvider.js:20:3)

stdout | src/__tests__/integration/app-functionality.test.tsx > Application Integration Tests > should initialize health monitoring every 5 minutes
[Auth] State changed: INITIAL_SESSION User: undefined

stderr | src/__tests__/integration/app-functionality.test.tsx > Application Integration Tests > should initialize health monitoring every 5 minutes
Warning: An update to AuthProvider inside a test was not wrapped in act(...).

When testing, code that causes React state updates should be wrapped into act(...):

act(() => {
  /* fire events that update state */
});
/* assert on the output */

This ensures that you're testing the behavior the user would see in the browser. Learn more at https://reactjs.org/link/wrap-tests-with-act
    at AuthProvider (/home/runner/work/FLOWBills/FLOWBills/src/hooks/useAuth.tsx:10:25)
    at BrowserRouter (/home/runner/work/FLOWBills/FLOWBills/src/__tests__/integration/app-functionality.test.tsx:7:27)
    at ErrorBoundary (/home/runner/work/FLOWBills/FLOWBills/src/components/error-boundary/ErrorBoundary.tsx:210:5)
    at Provider (file:///home/runner/work/FLOWBills/FLOWBills/node_modules/@radix-ui/react-context/dist/index.mjs:27:15)
    at TooltipProvider (file:///home/runner/work/FLOWBills/FLOWBills/node_modules/@radix-ui/react-tooltip/dist/index.mjs:29:5)
    at G (/home/runner/work/FLOWBills/FLOWBills/node_modules/next-themes/dist/index.js:1:947)
    at B (/home/runner/work/FLOWBills/FLOWBills/node_modules/next-themes/dist/index.js:1:861)
    at QueryClientProvider (file:///home/runner/work/FLOWBills/FLOWBills/node_modules/@tanstack/react-query/build/modern/QueryClientProvider.js:20:3)
    at App (/home/runner/work/FLOWBills/FLOWBills/src/App.tsx:701:27)
    at ErrorBoundary (/home/runner/work/FLOWBills/FLOWBills/src/components/error-boundary/ErrorBoundary.tsx:210:5)
    at AuthProvider (/home/runner/work/FLOWBills/FLOWBills/src/hooks/useAuth.tsx:10:25)
    at Router (/home/runner/work/FLOWBills/FLOWBills/node_modules/react-router/dist/umd/react-router.development.js:1207:17)
    at MemoryRouter (/home/runner/work/FLOWBills/FLOWBills/node_modules/react-router/dist/umd/react-router.development.js:1101:7)
    at Provider (file:///home/runner/work/FLOWBills/FLOWBills/node_modules/@radix-ui/react-context/dist/index.mjs:27:15)
    at TooltipProvider (file:///home/runner/work/FLOWBills/FLOWBills/node_modules/@radix-ui/react-tooltip/dist/index.mjs:29:5)
    at QueryClientProvider (file:///home/runner/work/FLOWBills/FLOWBills/node_modules/@tanstack/react-query/build/modern/QueryClientProvider.js:20:3)
Warning: An update to AuthProvider inside a test was not wrapped in act(...).

When testing, code that causes React state updates should be wrapped into act(...):

act(() => {
  /* fire events that update state */
});
/* assert on the output */

This ensures that you're testing the behavior the user would see in the browser. Learn more at https://reactjs.org/link/wrap-tests-with-act
    at AuthProvider (/home/runner/work/FLOWBills/FLOWBills/src/hooks/useAuth.tsx:10:25)
    at BrowserRouter (/home/runner/work/FLOWBills/FLOWBills/src/__tests__/integration/app-functionality.test.tsx:7:27)
    at ErrorBoundary (/home/runner/work/FLOWBills/FLOWBills/src/components/error-boundary/ErrorBoundary.tsx:210:5)
    at Provider (file:///home/runner/work/FLOWBills/FLOWBills/node_modules/@radix-ui/react-context/dist/index.mjs:27:15)
    at TooltipProvider (file:///home/runner/work/FLOWBills/FLOWBills/node_modules/@radix-ui/react-tooltip/dist/index.mjs:29:5)
    at G (/home/runner/work/FLOWBills/FLOWBills/node_modules/next-themes/dist/index.js:1:947)
    at B (/home/runner/work/FLOWBills/FLOWBills/node_modules/next-themes/dist/index.js:1:861)
    at QueryClientProvider (file:///home/runner/work/FLOWBills/FLOWBills/node_modules/@tanstack/react-query/build/modern/QueryClientProvider.js:20:3)
    at App (/home/runner/work/FLOWBills/FLOWBills/src/App.tsx:701:27)
    at ErrorBoundary (/home/runner/work/FLOWBills/FLOWBills/src/components/error-boundary/ErrorBoundary.tsx:210:5)
    at AuthProvider (/home/runner/work/FLOWBills/FLOWBills/src/hooks/useAuth.tsx:10:25)
    at Router (/home/runner/work/FLOWBills/FLOWBills/node_modules/react-router/dist/umd/react-router.development.js:1207:17)
    at MemoryRouter (/home/runner/work/FLOWBills/FLOWBills/node_modules/react-router/dist/umd/react-router.development.js:1101:7)
    at Provider (file:///home/runner/work/FLOWBills/FLOWBills/node_modules/@radix-ui/react-context/dist/index.mjs:27:15)
    at TooltipProvider (file:///home/runner/work/FLOWBills/FLOWBills/node_modules/@radix-ui/react-tooltip/dist/index.mjs:29:5)
    at QueryClientProvider (file:///home/runner/work/FLOWBills/FLOWBills/node_modules/@tanstack/react-query/build/modern/QueryClientProvider.js:20:3)
Warning: An update to AuthProvider inside a test was not wrapped in act(...).

When testing, code that causes React state updates should be wrapped into act(...):

act(() => {
  /* fire events that update state */
});
/* assert on the output */

This ensures that you're testing the behavior the user would see in the browser. Learn more at https://reactjs.org/link/wrap-tests-with-act
    at AuthProvider (/home/runner/work/FLOWBills/FLOWBills/src/hooks/useAuth.tsx:10:25)
    at BrowserRouter (/home/runner/work/FLOWBills/FLOWBills/src/__tests__/integration/app-functionality.test.tsx:7:27)
    at ErrorBoundary (/home/runner/work/FLOWBills/FLOWBills/src/components/error-boundary/ErrorBoundary.tsx:210:5)
    at Provider (file:///home/runner/work/FLOWBills/FLOWBills/node_modules/@radix-ui/react-context/dist/index.mjs:27:15)
    at TooltipProvider (file:///home/runner/work/FLOWBills/FLOWBills/node_modules/@radix-ui/react-tooltip/dist/index.mjs:29:5)
    at G (/home/runner/work/FLOWBills/FLOWBills/node_modules/next-themes/dist/index.js:1:947)
    at B (/home/runner/work/FLOWBills/FLOWBills/node_modules/next-themes/dist/index.js:1:861)
    at QueryClientProvider (file:///home/runner/work/FLOWBills/FLOWBills/node_modules/@tanstack/react-query/build/modern/QueryClientProvider.js:20:3)
    at App (/home/runner/work/FLOWBills/FLOWBills/src/App.tsx:701:27)
    at ErrorBoundary (/home/runner/work/FLOWBills/FLOWBills/src/components/error-boundary/ErrorBoundary.tsx:210:5)
    at AuthProvider (/home/runner/work/FLOWBills/FLOWBills/src/hooks/useAuth.tsx:10:25)
    at Router (/home/runner/work/FLOWBills/FLOWBills/node_modules/react-router/dist/umd/react-router.development.js:1207:17)
    at MemoryRouter (/home/runner/work/FLOWBills/FLOWBills/node_modules/react-router/dist/umd/react-router.development.js:1101:7)
    at Provider (file:///home/runner/work/FLOWBills/FLOWBills/node_modules/@radix-ui/react-context/dist/index.mjs:27:15)
    at TooltipProvider (file:///home/runner/work/FLOWBills/FLOWBills/node_modules/@radix-ui/react-tooltip/dist/index.mjs:29:5)
    at QueryClientProvider (file:///home/runner/work/FLOWBills/FLOWBills/node_modules/@tanstack/react-query/build/modern/QueryClientProvider.js:20:3)

 ✓ src/__tests__/integration/app-functionality.test.tsx (4 tests) 437ms
   ✓ Application Integration Tests > should render application without crashing  331ms
 ✓ src/__tests__/lib/logger.test.ts (3 tests) 10ms
 ✓ src/__tests__/lib/performance-monitor.test.ts (7 tests) 12ms
stderr | src/__tests__/components/dashboard/DashboardHeader.test.tsx > DashboardHeader > renders dashboard header with user greeting
⚠️ React Router Future Flag Warning: React Router will begin wrapping state updates in `React.startTransition` in v7. You can use the `v7_startTransition` future flag to opt-in early. For more information, see https://reactrouter.com/v6/upgrading/future#v7_starttransition.
⚠️ React Router Future Flag Warning: Relative route resolution within Splat routes is changing in v7. You can use the `v7_relativeSplatPath` future flag to opt-in early. For more information, see https://reactrouter.com/v6/upgrading/future#v7_relativesplatpath.

stdout | src/__tests__/components/dashboard/DashboardHeader.test.tsx > DashboardHeader > renders dashboard header with user greeting
[Auth] State changed: INITIAL_SESSION User: undefined

stderr | src/__tests__/components/dashboard/DashboardHeader.test.tsx > DashboardHeader > renders dashboard header with user greeting
Warning: An update to AuthProvider inside a test was not wrapped in act(...).

When testing, code that causes React state updates should be wrapped into act(...):

act(() => {
  /* fire events that update state */
});
/* assert on the output */

This ensures that you're testing the behavior the user would see in the browser. Learn more at https://reactjs.org/link/wrap-tests-with-act
    at AuthProvider (/home/runner/work/FLOWBills/FLOWBills/src/hooks/useAuth.tsx:10:25)
    at Provider (file:///home/runner/work/FLOWBills/FLOWBills/node_modules/@radix-ui/react-context/dist/index.mjs:27:15)
    at TooltipProvider (file:///home/runner/work/FLOWBills/FLOWBills/node_modules/@radix-ui/react-tooltip/dist/index.mjs:29:5)
    at Router (/home/runner/work/FLOWBills/FLOWBills/node_modules/react-router/dist/umd/react-router.development.js:1207:17)
    at MemoryRouter (/home/runner/work/FLOWBills/FLOWBills/node_modules/react-router/dist/umd/react-router.development.js:1101:7)
    at QueryClientProvider (file:///home/runner/work/FLOWBills/FLOWBills/node_modules/@tanstack/react-query/build/modern/QueryClientProvider.js:20:3)
    at Wrapper (/home/runner/work/FLOWBills/FLOWBills/src/lib/test-utils.tsx:60:24)
Warning: An update to AuthProvider inside a test was not wrapped in act(...).

When testing, code that causes React state updates should be wrapped into act(...):

act(() => {
  /* fire events that update state */
});
/* assert on the output */

This ensures that you're testing the behavior the user would see in the browser. Learn more at https://reactjs.org/link/wrap-tests-with-act
    at AuthProvider (/home/runner/work/FLOWBills/FLOWBills/src/hooks/useAuth.tsx:10:25)
    at Provider (file:///home/runner/work/FLOWBills/FLOWBills/node_modules/@radix-ui/react-context/dist/index.mjs:27:15)
    at TooltipProvider (file:///home/runner/work/FLOWBills/FLOWBills/node_modules/@radix-ui/react-tooltip/dist/index.mjs:29:5)
    at Router (/home/runner/work/FLOWBills/FLOWBills/node_modules/react-router/dist/umd/react-router.development.js:1207:17)
    at MemoryRouter (/home/runner/work/FLOWBills/FLOWBills/node_modules/react-router/dist/umd/react-router.development.js:1101:7)
    at QueryClientProvider (file:///home/runner/work/FLOWBills/FLOWBills/node_modules/@tanstack/react-query/build/modern/QueryClientProvider.js:20:3)
    at Wrapper (/home/runner/work/FLOWBills/FLOWBills/src/lib/test-utils.tsx:60:24)
Warning: An update to AuthProvider inside a test was not wrapped in act(...).

When testing, code that causes React state updates should be wrapped into act(...):

act(() => {
  /* fire events that update state */
});
/* assert on the output */

This ensures that you're testing the behavior the user would see in the browser. Learn more at https://reactjs.org/link/wrap-tests-with-act
    at AuthProvider (/home/runner/work/FLOWBills/FLOWBills/src/hooks/useAuth.tsx:10:25)
    at Provider (file:///home/runner/work/FLOWBills/FLOWBills/node_modules/@radix-ui/react-context/dist/index.mjs:27:15)
    at TooltipProvider (file:///home/runner/work/FLOWBills/FLOWBills/node_modules/@radix-ui/react-tooltip/dist/index.mjs:29:5)
    at Router (/home/runner/work/FLOWBills/FLOWBills/node_modules/react-router/dist/umd/react-router.development.js:1207:17)
    at MemoryRouter (/home/runner/work/FLOWBills/FLOWBills/node_modules/react-router/dist/umd/react-router.development.js:1101:7)
    at QueryClientProvider (file:///home/runner/work/FLOWBills/FLOWBills/node_modules/@tanstack/react-query/build/modern/QueryClientProvider.js:20:3)
    at Wrapper (/home/runner/work/FLOWBills/FLOWBills/src/lib/test-utils.tsx:60:24)

 ✓ src/__tests__/lib/health-check.test.ts (5 tests) 8ms
stdout | src/__tests__/components/dashboard/DashboardHeader.test.tsx > DashboardHeader > opens user menu on click
[Auth] State changed: INITIAL_SESSION User: undefined

stderr | src/__tests__/components/invoices/InvoiceList.test.tsx > InvoiceList > renders list of invoices
stdout | src/__tests__/components/invoices/InvoiceList.test.tsx > InvoiceList > renders list of invoices
⚠️ React Router Future Flag Warning: React Router will begin wrapping state updates in `React.startTransition` in v7. You can use the `v7_startTransition` future flag to opt-in early. For more information, see https://reactrouter.com/v6/upgrading/future#v7_starttransition.
⚠️ React Router Future Flag Warning: Relative route resolution within Splat routes is changing in v7. You can use the `v7_relativeSplatPath` future flag to opt-in early. For more information, see https://reactrouter.com/v6/upgrading/future#v7_relativesplatpath.

[Auth] State changed: INITIAL_SESSION User: undefined

stdout | src/__tests__/components/invoices/InvoiceList.test.tsx > InvoiceList > displays invoice amounts correctly
[Auth] State changed: INITIAL_SESSION User: undefined

stdout | src/__tests__/components/invoices/InvoiceList.test.tsx > InvoiceList > shows loading state
stderr | src/__tests__/components/invoices/InvoiceList.test.tsx > InvoiceList > shows loading state
Warning: An update to AuthProvider inside a test was not wrapped in act(...).

When testing, code that causes React state updates should be wrapped into act(...):

act(() => {
  /* fire events that update state */
});
/* assert on the output */

This ensures that you're testing the behavior the user would see in the browser. Learn more at https://reactjs.org/link/wrap-tests-with-act
    at AuthProvider (/home/runner/work/FLOWBills/FLOWBills/src/hooks/useAuth.tsx:10:25)
    at Provider (file:///home/runner/work/FLOWBills/FLOWBills/node_modules/@radix-ui/react-context/dist/index.mjs:27:15)
    at TooltipProvider (file:///home/runner/work/FLOWBills/FLOWBills/node_modules/@radix-ui/react-tooltip/dist/index.mjs:29:5)
    at Router (/home/runner/work/FLOWBills/FLOWBills/node_modules/react-router/dist/umd/react-router.development.js:1207:17)
    at MemoryRouter (/home/runner/work/FLOWBills/FLOWBills/node_modules/react-router/dist/umd/react-router.development.js:1101:7)
    at QueryClientProvider (file:///home/runner/work/FLOWBills/FLOWBills/node_modules/@tanstack/react-query/build/modern/QueryClientProvider.js:20:3)
    at Wrapper (/home/runner/work/FLOWBills/FLOWBills/src/lib/test-utils.tsx:60:24)
Warning: An update to AuthProvider inside a test was not wrapped in act(...).

When testing, code that causes React state updates should be wrapped into act(...):

act(() => {
  /* fire events that update state */
});
/* assert on the output */

This ensures that you're testing the behavior the user would see in the browser. Learn more at https://reactjs.org/link/wrap-tests-with-act
    at AuthProvider (/home/runner/work/FLOWBills/FLOWBills/src/hooks/useAuth.tsx:10:25)
    at Provider (file:///home/runner/work/FLOWBills/FLOWBills/node_modules/@radix-ui/react-context/dist/index.mjs:27:15)
    at TooltipProvider (file:///home/runner/work/FLOWBills/FLOWBills/node_modules/@radix-ui/react-tooltip/dist/index.mjs:29:5)
    at Router (/home/runner/work/FLOWBills/FLOWBills/node_modules/react-router/dist/umd/react-router.development.js:1207:17)
    at MemoryRouter (/home/runner/work/FLOWBills/FLOWBills/node_modules/react-router/dist/umd/react-router.development.js:1101:7)
    at QueryClientProvider (file:///home/runner/work/FLOWBills/FLOWBills/node_modules/@tanstack/react-query/build/modern/QueryClientProvider.js:20:3)
    at Wrapper (/home/runner/work/FLOWBills/FLOWBills/src/lib/test-utils.tsx:60:24)
Warning: An update to AuthProvider inside a test was not wrapped in act(...).

When testing, code that causes React state updates should be wrapped into act(...):

act(() => {
  /* fire events that update state */
});
/* assert on the output */

This ensures that you're testing the behavior the user would see in the browser. Learn more at https://reactjs.org/link/wrap-tests-with-act
    at AuthProvider (/home/runner/work/FLOWBills/FLOWBills/src/hooks/useAuth.tsx:10:25)
    at Provider (file:///home/runner/work/FLOWBills/FLOWBills/node_modules/@radix-ui/react-context/dist/index.mjs:27:15)
    at TooltipProvider (file:///home/runner/work/FLOWBills/FLOWBills/node_modules/@radix-ui/react-tooltip/dist/index.mjs:29:5)
    at Router (/home/runner/work/FLOWBills/FLOWBills/node_modules/react-router/dist/umd/react-router.development.js:1207:17)
    at MemoryRouter (/home/runner/work/FLOWBills/FLOWBills/node_modules/react-router/dist/umd/react-router.development.js:1101:7)
    at QueryClientProvider (file:///home/runner/work/FLOWBills/FLOWBills/node_modules/@tanstack/react-query/build/modern/QueryClientProvider.js:20:3)
    at Wrapper (/home/runner/work/FLOWBills/FLOWBills/src/lib/test-utils.tsx:60:24)

[Auth] State changed: INITIAL_SESSION User: undefined

stdout | src/__tests__/components/invoices/InvoiceList.test.tsx > InvoiceList > shows empty state when no invoices exist
[Auth] State changed: INITIAL_SESSION User: undefined

stderr | src/__tests__/components/invoices/InvoiceList.test.tsx > InvoiceList > shows empty state when no invoices exist
Warning: An update to AuthProvider inside a test was not wrapped in act(...).

When testing, code that causes React state updates should be wrapped into act(...):

act(() => {
  /* fire events that update state */
});
/* assert on the output */

This ensures that you're testing the behavior the user would see in the browser. Learn more at https://reactjs.org/link/wrap-tests-with-act
    at AuthProvider (/home/runner/work/FLOWBills/FLOWBills/src/hooks/useAuth.tsx:10:25)
    at Provider (file:///home/runner/work/FLOWBills/FLOWBills/node_modules/@radix-ui/react-context/dist/index.mjs:27:15)
    at TooltipProvider (file:///home/runner/work/FLOWBills/FLOWBills/node_modules/@radix-ui/react-tooltip/dist/index.mjs:29:5)
    at Router (/home/runner/work/FLOWBills/FLOWBills/node_modules/react-router/dist/umd/react-router.development.js:1207:17)
    at MemoryRouter (/home/runner/work/FLOWBills/FLOWBills/node_modules/react-router/dist/umd/react-router.development.js:1101:7)
    at QueryClientProvider (file:///home/runner/work/FLOWBills/FLOWBills/node_modules/@tanstack/react-query/build/modern/QueryClientProvider.js:20:3)
    at Wrapper (/home/runner/work/FLOWBills/FLOWBills/src/lib/test-utils.tsx:60:24)
Warning: An update to AuthProvider inside a test was not wrapped in act(...).

When testing, code that causes React state updates should be wrapped into act(...):

act(() => {
  /* fire events that update state */
});
/* assert on the output */

This ensures that you're testing the behavior the user would see in the browser. Learn more at https://reactjs.org/link/wrap-tests-with-act
    at AuthProvider (/home/runner/work/FLOWBills/FLOWBills/src/hooks/useAuth.tsx:10:25)
    at Provider (file:///home/runner/work/FLOWBills/FLOWBills/node_modules/@radix-ui/react-context/dist/index.mjs:27:15)
    at TooltipProvider (file:///home/runner/work/FLOWBills/FLOWBills/node_modules/@radix-ui/react-tooltip/dist/index.mjs:29:5)
    at Router (/home/runner/work/FLOWBills/FLOWBills/node_modules/react-router/dist/umd/react-router.development.js:1207:17)
    at MemoryRouter (/home/runner/work/FLOWBills/FLOWBills/node_modules/react-router/dist/umd/react-router.development.js:1101:7)
    at QueryClientProvider (file:///home/runner/work/FLOWBills/FLOWBills/node_modules/@tanstack/react-query/build/modern/QueryClientProvider.js:20:3)
    at Wrapper (/home/runner/work/FLOWBills/FLOWBills/src/lib/test-utils.tsx:60:24)
Warning: An update to AuthProvider inside a test was not wrapped in act(...).

When testing, code that causes React state updates should be wrapped into act(...):

act(() => {
  /* fire events that update state */
});
/* assert on the output */

This ensures that you're testing the behavior the user would see in the browser. Learn more at https://reactjs.org/link/wrap-tests-with-act
    at AuthProvider (/home/runner/work/FLOWBills/FLOWBills/src/hooks/useAuth.tsx:10:25)
    at Provider (file:///home/runner/work/FLOWBills/FLOWBills/node_modules/@radix-ui/react-context/dist/index.mjs:27:15)
    at TooltipProvider (file:///home/runner/work/FLOWBills/FLOWBills/node_modules/@radix-ui/react-tooltip/dist/index.mjs:29:5)
    at Router (/home/runner/work/FLOWBills/FLOWBills/node_modules/react-router/dist/umd/react-router.development.js:1207:17)
    at MemoryRouter (/home/runner/work/FLOWBills/FLOWBills/node_modules/react-router/dist/umd/react-router.development.js:1101:7)
    at QueryClientProvider (file:///home/runner/work/FLOWBills/FLOWBills/node_modules/@tanstack/react-query/build/modern/QueryClientProvider.js:20:3)
    at Wrapper (/home/runner/work/FLOWBills/FLOWBills/src/lib/test-utils.tsx:60:24)

stdout | src/__tests__/components/dashboard/DashboardHeader.test.tsx > DashboardHeader > calls signOut when logout is clicked
[Auth] State changed: INITIAL_SESSION User: undefined

 ✓ src/__tests__/components/invoices/InvoiceList.test.tsx (4 tests) 417ms
stderr | src/__tests__/components/dashboard/DashboardHeader.test.tsx > DashboardHeader > displays search functionality
Warning: An update to AuthProvider inside a test was not wrapped in act(...).

When testing, code that causes React state updates should be wrapped into act(...):

act(() => {
  /* fire events that update state */
});
/* assert on the output */

This ensures that you're testing the behavior the user would see in the browser. Learn more at https://reactjs.org/link/wrap-tests-with-act
    at AuthProvider (/home/runner/work/FLOWBills/FLOWBills/src/hooks/useAuth.tsx:10:25)
    at Provider (file:///home/runner/work/FLOWBills/FLOWBills/node_modules/@radix-ui/react-context/dist/index.mjs:27:15)
    at TooltipProvider (file:///home/runner/work/FLOWBills/FLOWBills/node_modules/@radix-ui/react-tooltip/dist/index.mjs:29:5)
    at Router (/home/runner/work/FLOWBills/FLOWBills/node_modules/react-router/dist/umd/react-router.development.js:1207:17)
    at MemoryRouter (/home/runner/work/FLOWBills/FLOWBills/node_modules/react-router/dist/umd/react-router.development.js:1101:7)
    at QueryClientProvider (file:///home/runner/work/FLOWBills/FLOWBills/node_modules/@tanstack/react-query/build/modern/QueryClientProvider.js:20:3)
    at Wrapper (/home/runner/work/FLOWBills/FLOWBills/src/lib/test-utils.tsx:60:24)
Warning: An update to AuthProvider inside a test was not wrapped in act(...).

When testing, code that causes React state updates should be wrapped into act(...):

act(() => {
  /* fire events that update state */
});
/* assert on the output */

This ensures that you're testing the behavior the user would see in the browser. Learn more at https://reactjs.org/link/wrap-tests-with-act
    at AuthProvider (/home/runner/work/FLOWBills/FLOWBills/src/hooks/useAuth.tsx:10:25)
    at Provider (file:///home/runner/work/FLOWBills/FLOWBills/node_modules/@radix-ui/react-context/dist/index.mjs:27:15)
    at TooltipProvider (file:///home/runner/work/FLOWBills/FLOWBills/node_modules/@radix-ui/react-tooltip/dist/index.mjs:29:5)
    at Router (/home/runner/work/FLOWBills/FLOWBills/node_modules/react-router/dist/umd/react-router.development.js:1207:17)
    at MemoryRouter (/home/runner/work/FLOWBills/FLOWBills/node_modules/react-router/dist/umd/react-router.development.js:1101:7)
    at QueryClientProvider (file:///home/runner/work/FLOWBills/FLOWBills/node_modules/@tanstack/react-query/build/modern/QueryClientProvider.js:20:3)
    at Wrapper (/home/runner/work/FLOWBills/FLOWBills/src/lib/test-utils.tsx:60:24)
Warning: An update to AuthProvider inside a test was not wrapped in act(...).

When testing, code that causes React state updates should be wrapped into act(...):

act(() => {
  /* fire events that update state */
});
/* assert on the output */

This ensures that you're testing the behavior the user would see in the browser. Learn more at https://reactjs.org/link/wrap-tests-with-act
    at AuthProvider (/home/runner/work/FLOWBills/FLOWBills/src/hooks/useAuth.tsx:10:25)
    at Provider (file:///home/runner/work/FLOWBills/FLOWBills/node_modules/@radix-ui/react-context/dist/index.mjs:27:15)
    at TooltipProvider (file:///home/runner/work/FLOWBills/FLOWBills/node_modules/@radix-ui/react-tooltip/dist/index.mjs:29:5)
    at Router (/home/runner/work/FLOWBills/FLOWBills/node_modules/react-router/dist/umd/react-router.development.js:1207:17)
    at MemoryRouter (/home/runner/work/FLOWBills/FLOWBills/node_modules/react-router/dist/umd/react-router.development.js:1101:7)
    at QueryClientProvider (file:///home/runner/work/FLOWBills/FLOWBills/node_modules/@tanstack/react-query/build/modern/QueryClientProvider.js:20:3)
    at Wrapper (/home/runner/work/FLOWBills/FLOWBills/src/lib/test-utils.tsx:60:24)
Warning: An update to AuthProvider inside a test was not wrapped in act(...).

When testing, code that causes React state updates should be wrapped into act(...):

act(() => {
  /* fire events that update state */
});
/* assert on the output */

This ensures that you're testing the behavior the user would see in the browser. Learn more at https://reactjs.org/link/wrap-tests-with-act
    at AuthProvider (/home/runner/work/FLOWBills/FLOWBills/src/hooks/useAuth.tsx:10:25)
    at Provider (file:///home/runner/work/FLOWBills/FLOWBills/node_modules/@radix-ui/react-context/dist/index.mjs:27:15)
    at TooltipProvider (file:///home/runner/work/FLOWBills/FLOWBills/node_modules/@radix-ui/react-tooltip/dist/index.mjs:29:5)
    at Router (/home/runner/work/FLOWBills/FLOWBills/node_modules/react-router/dist/umd/react-router.development.js:1207:17)
    at MemoryRouter (/home/runner/work/FLOWBills/FLOWBills/node_modules/react-router/dist/umd/react-router.development.js:1101:7)
    at QueryClientProvider (file:///home/runner/work/FLOWBills/FLOWBills/node_modules/@tanstack/react-query/build/modern/QueryClientProvider.js:20:3)
    at Wrapper (/home/runner/work/FLOWBills/FLOWBills/src/lib/test-utils.tsx:60:24)

stdout | src/__tests__/components/dashboard/DashboardHeader.test.tsx > DashboardHeader > displays search functionality
[Auth] State changed: INITIAL_SESSION User: undefined

stdout | src/__tests__/components/dashboard/DashboardHeader.test.tsx > DashboardHeader > handles search input changes
[Auth] State changed: INITIAL_SESSION User: undefined

 ✓ src/__tests__/components/dashboard/DashboardHeader.test.tsx (6 tests) 1801ms
   ✓ DashboardHeader > displays user menu when user is authenticated  346ms
   ✓ DashboardHeader > opens user menu on click  563ms
   ✓ DashboardHeader > calls signOut when logout is clicked  548ms
stderr | src/__tests__/hooks/useAuth.test.tsx > useAuth > returns expected hook interface
⚠️ React Router Future Flag Warning: React Router will begin wrapping state updates in `React.startTransition` in v7. You can use the `v7_startTransition` future flag to opt-in early. For more information, see https://reactrouter.com/v6/upgrading/future#v7_starttransition.
⚠️ React Router Future Flag Warning: Relative route resolution within Splat routes is changing in v7. You can use the `v7_relativeSplatPath` future flag to opt-in early. For more information, see https://reactrouter.com/v6/upgrading/future#v7_relativesplatpath.

stdout | src/__tests__/hooks/useAuth.test.tsx > useAuth > returns expected hook interface
stderr | src/__tests__/hooks/useAuth.test.tsx > useAuth > returns expected hook interface
[Auth] State changed: INITIAL_SESSION User: undefined
Warning: An update to AuthProvider inside a test was not wrapped in act(...).


When testing, code that causes React state updates should be wrapped into act(...):

act(() => {
  /* fire events that update state */
});
/* assert on the output */

This ensures that you're testing the behavior the user would see in the browser. Learn more at https://reactjs.org/link/wrap-tests-with-act
    at AuthProvider (/home/runner/work/FLOWBills/FLOWBills/src/hooks/useAuth.tsx:10:25)
    at Provider (file:///home/runner/work/FLOWBills/FLOWBills/node_modules/@radix-ui/react-context/dist/index.mjs:27:15)
    at TooltipProvider (file:///home/runner/work/FLOWBills/FLOWBills/node_modules/@radix-ui/react-tooltip/dist/index.mjs:29:5)
    at Router (/home/runner/work/FLOWBills/FLOWBills/node_modules/react-router/dist/umd/react-router.development.js:1207:17)
    at MemoryRouter (/home/runner/work/FLOWBills/FLOWBills/node_modules/react-router/dist/umd/react-router.development.js:1101:7)
    at QueryClientProvider (file:///home/runner/work/FLOWBills/FLOWBills/node_modules/@tanstack/react-query/build/modern/QueryClientProvider.js:20:3)
    at Wrapper (/home/runner/work/FLOWBills/FLOWBills/src/lib/test-utils.tsx:98:24)
Warning: An update to AuthProvider inside a test was not wrapped in act(...).

When testing, code that causes React state updates should be wrapped into act(...):

act(() => {
  /* fire events that update state */
});
/* assert on the output */

This ensures that you're testing the behavior the user would see in the browser. Learn more at https://reactjs.org/link/wrap-tests-with-act
    at AuthProvider (/home/runner/work/FLOWBills/FLOWBills/src/hooks/useAuth.tsx:10:25)
    at Provider (file:///home/runner/work/FLOWBills/FLOWBills/node_modules/@radix-ui/react-context/dist/index.mjs:27:15)
    at TooltipProvider (file:///home/runner/work/FLOWBills/FLOWBills/node_modules/@radix-ui/react-tooltip/dist/index.mjs:29:5)
    at Router (/home/runner/work/FLOWBills/FLOWBills/node_modules/react-router/dist/umd/react-router.development.js:1207:17)
    at MemoryRouter (/home/runner/work/FLOWBills/FLOWBills/node_modules/react-router/dist/umd/react-router.development.js:1101:7)
    at QueryClientProvider (file:///home/runner/work/FLOWBills/FLOWBills/node_modules/@tanstack/react-query/build/modern/QueryClientProvider.js:20:3)
    at Wrapper (/home/runner/work/FLOWBills/FLOWBills/src/lib/test-utils.tsx:98:24)
Warning: An update to AuthProvider inside a test was not wrapped in act(...).

When testing, code that causes React state updates should be wrapped into act(...):

act(() => {
  /* fire events that update state */
});
/* assert on the output */

This ensures that you're testing the behavior the user would see in the browser. Learn more at https://reactjs.org/link/wrap-tests-with-act
    at AuthProvider (/home/runner/work/FLOWBills/FLOWBills/src/hooks/useAuth.tsx:10:25)
    at Provider (file:///home/runner/work/FLOWBills/FLOWBills/node_modules/@radix-ui/react-context/dist/index.mjs:27:15)
    at TooltipProvider (file:///home/runner/work/FLOWBills/FLOWBills/node_modules/@radix-ui/react-tooltip/dist/index.mjs:29:5)
    at Router (/home/runner/work/FLOWBills/FLOWBills/node_modules/react-router/dist/umd/react-router.development.js:1207:17)
    at MemoryRouter (/home/runner/work/FLOWBills/FLOWBills/node_modules/react-router/dist/umd/react-router.development.js:1101:7)
    at QueryClientProvider (file:///home/runner/work/FLOWBills/FLOWBills/node_modules/@tanstack/react-query/build/modern/QueryClientProvider.js:20:3)
    at Wrapper (/home/runner/work/FLOWBills/FLOWBills/src/lib/test-utils.tsx:98:24)

stdout | src/__tests__/hooks/useAuth.test.tsx > useAuth > hasRole returns boolean
[Auth] State changed: INITIAL_SESSION User: undefined
stderr | src/__tests__/hooks/useAuth.test.tsx > useAuth > hasRole returns boolean

Warning: An update to AuthProvider inside a test was not wrapped in act(...).

When testing, code that causes React state updates should be wrapped into act(...):

act(() => {
  /* fire events that update state */
});
/* assert on the output */

This ensures that you're testing the behavior the user would see in the browser. Learn more at https://reactjs.org/link/wrap-tests-with-act
    at AuthProvider (/home/runner/work/FLOWBills/FLOWBills/src/hooks/useAuth.tsx:10:25)
    at Provider (file:///home/runner/work/FLOWBills/FLOWBills/node_modules/@radix-ui/react-context/dist/index.mjs:27:15)
    at TooltipProvider (file:///home/runner/work/FLOWBills/FLOWBills/node_modules/@radix-ui/react-tooltip/dist/index.mjs:29:5)
    at Router (/home/runner/work/FLOWBills/FLOWBills/node_modules/react-router/dist/umd/react-router.development.js:1207:17)
    at MemoryRouter (/home/runner/work/FLOWBills/FLOWBills/node_modules/react-router/dist/umd/react-router.development.js:1101:7)
    at QueryClientProvider (file:///home/runner/work/FLOWBills/FLOWBills/node_modules/@tanstack/react-query/build/modern/QueryClientProvider.js:20:3)
    at Wrapper (/home/runner/work/FLOWBills/FLOWBills/src/lib/test-utils.tsx:98:24)
Warning: An update to AuthProvider inside a test was not wrapped in act(...).

When testing, code that causes React state updates should be wrapped into act(...):

act(() => {
  /* fire events that update state */
});
/* assert on the output */

This ensures that you're testing the behavior the user would see in the browser. Learn more at https://reactjs.org/link/wrap-tests-with-act
    at AuthProvider (/home/runner/work/FLOWBills/FLOWBills/src/hooks/useAuth.tsx:10:25)
    at Provider (file:///home/runner/work/FLOWBills/FLOWBills/node_modules/@radix-ui/react-context/dist/index.mjs:27:15)
    at TooltipProvider (file:///home/runner/work/FLOWBills/FLOWBills/node_modules/@radix-ui/react-tooltip/dist/index.mjs:29:5)
    at Router (/home/runner/work/FLOWBills/FLOWBills/node_modules/react-router/dist/umd/react-router.development.js:1207:17)
    at MemoryRouter (/home/runner/work/FLOWBills/FLOWBills/node_modules/react-router/dist/umd/react-router.development.js:1101:7)
    at QueryClientProvider (file:///home/runner/work/FLOWBills/FLOWBills/node_modules/@tanstack/react-query/build/modern/QueryClientProvider.js:20:3)
    at Wrapper (/home/runner/work/FLOWBills/FLOWBills/src/lib/test-utils.tsx:98:24)
Warning: An update to AuthProvider inside a test was not wrapped in act(...).

When testing, code that causes React state updates should be wrapped into act(...):

act(() => {
  /* fire events that update state */
});
/* assert on the output */

This ensures that you're testing the behavior the user would see in the browser. Learn more at https://reactjs.org/link/wrap-tests-with-act
    at AuthProvider (/home/runner/work/FLOWBills/FLOWBills/src/hooks/useAuth.tsx:10:25)
    at Provider (file:///home/runner/work/FLOWBills/FLOWBills/node_modules/@radix-ui/react-context/dist/index.mjs:27:15)
    at TooltipProvider (file:///home/runner/work/FLOWBills/FLOWBills/node_modules/@radix-ui/react-tooltip/dist/index.mjs:29:5)
    at Router (/home/runner/work/FLOWBills/FLOWBills/node_modules/react-router/dist/umd/react-router.development.js:1207:17)
    at MemoryRouter (/home/runner/work/FLOWBills/FLOWBills/node_modules/react-router/dist/umd/react-router.development.js:1101:7)
    at QueryClientProvider (file:///home/runner/work/FLOWBills/FLOWBills/node_modules/@tanstack/react-query/build/modern/QueryClientProvider.js:20:3)
    at Wrapper (/home/runner/work/FLOWBills/FLOWBills/src/lib/test-utils.tsx:98:24)

stderr | src/__tests__/hooks/useAuth.test.tsx > useAuth > signOut is callable
Warning: An update to AuthProvider inside a test was not wrapped in act(...).

When testing, code that causes React state updates should be wrapped into act(...):

act(() => {
  /* fire events that update state */
});
/* assert on the output */

This ensures that you're testing the behavior the user would see in the browser. Learn more at https://reactjs.org/link/wrap-tests-with-act
    at AuthProvider (/home/runner/work/FLOWBills/FLOWBills/src/hooks/useAuth.tsx:10:25)
    at Provider (file:///home/runner/work/FLOWBills/FLOWBills/node_modules/@radix-ui/react-context/dist/index.mjs:27:15)
    at TooltipProvider (file:///home/runner/work/FLOWBills/FLOWBills/node_modules/@radix-ui/react-tooltip/dist/index.mjs:29:5)
    at Router (/home/runner/work/FLOWBills/FLOWBills/node_modules/react-router/dist/umd/react-router.development.js:1207:17)
    at MemoryRouter (/home/runner/work/FLOWBills/FLOWBills/node_modules/react-router/dist/umd/react-router.development.js:1101:7)
    at QueryClientProvider (file:///home/runner/work/FLOWBills/FLOWBills/node_modules/@tanstack/react-query/build/modern/QueryClientProvider.js:20:3)
    at Wrapper (/home/runner/work/FLOWBills/FLOWBills/src/lib/test-utils.tsx:98:24)
Warning: An update to AuthProvider inside a test was not wrapped in act(...).

When testing, code that causes React state updates should be wrapped into act(...):

act(() => {
  /* fire events that update state */
});
/* assert on the output */

This ensures that you're testing the behavior the user would see in the browser. Learn more at https://reactjs.org/link/wrap-tests-with-act
    at AuthProvider (/home/runner/work/FLOWBills/FLOWBills/src/hooks/useAuth.tsx:10:25)
    at Provider (file:///home/runner/work/FLOWBills/FLOWBills/node_modules/@radix-ui/react-context/dist/index.mjs:27:15)
    at TooltipProvider (file:///home/runner/work/FLOWBills/FLOWBills/node_modules/@radix-ui/react-tooltip/dist/index.mjs:29:5)
    at Router (/home/runner/work/FLOWBills/FLOWBills/node_modules/react-router/dist/umd/react-router.development.js:1207:17)
    at MemoryRouter (/home/runner/work/FLOWBills/FLOWBills/node_modules/react-router/dist/umd/react-router.development.js:1101:7)
    at QueryClientProvider (file:///home/runner/work/FLOWBills/FLOWBills/node_modules/@tanstack/react-query/build/modern/QueryClientProvider.js:20:3)
    at Wrapper (/home/runner/work/FLOWBills/FLOWBills/src/lib/test-utils.tsx:98:24)
Warning: An update to AuthProvider inside a test was not wrapped in act(...).

When testing, code that causes React state updates should be wrapped into act(...):

act(() => {
  /* fire events that update state */
});
/* assert on the output */

This ensures that you're testing the behavior the user would see in the browser. Learn more at https://reactjs.org/link/wrap-tests-with-act
    at AuthProvider (/home/runner/work/FLOWBills/FLOWBills/src/hooks/useAuth.tsx:10:25)
    at Provider (file:///home/runner/work/FLOWBills/FLOWBills/node_modules/@radix-ui/react-context/dist/index.mjs:27:15)
    at TooltipProvider (file:///home/runner/work/FLOWBills/FLOWBills/node_modules/@radix-ui/react-tooltip/dist/index.mjs:29:5)
    at Router (/home/runner/work/FLOWBills/FLOWBills/node_modules/react-router/dist/umd/react-router.development.js:1207:17)
    at MemoryRouter (/home/runner/work/FLOWBills/FLOWBills/node_modules/react-router/dist/umd/react-router.development.js:1101:7)
    at QueryClientProvider (file:///home/runner/work/FLOWBills/FLOWBills/node_modules/@tanstack/react-query/build/modern/QueryClientProvider.js:20:3)
    at Wrapper (/home/runner/work/FLOWBills/FLOWBills/src/lib/test-utils.tsx:98:24)

stderr | src/__tests__/hooks/useAuth.test.tsx > useAuth > signOut is callable
Warning: An update to AuthProvider inside a test was not wrapped in act(...).

When testing, code that causes React state updates should be wrapped into act(...):

act(() => {
  /* fire events that update state */
});
/* assert on the output */

This ensures that you're testing the behavior the user would see in the browser. Learn more at https://reactjs.org/link/wrap-tests-with-act
    at AuthProvider (/home/runner/work/FLOWBills/FLOWBills/src/hooks/useAuth.tsx:10:25)
    at Provider (file:///home/runner/work/FLOWBills/FLOWBills/node_modules/@radix-ui/react-context/dist/index.mjs:27:15)
    at TooltipProvider (file:///home/runner/work/FLOWBills/FLOWBills/node_modules/@radix-ui/react-tooltip/dist/index.mjs:29:5)
    at Router (/home/runner/work/FLOWBills/FLOWBills/node_modules/react-router/dist/umd/react-router.development.js:1207:17)
    at MemoryRouter (/home/runner/work/FLOWBills/FLOWBills/node_modules/react-router/dist/umd/react-router.development.js:1101:7)
    at QueryClientProvider (file:///home/runner/work/FLOWBills/FLOWBills/node_modules/@tanstack/react-query/build/modern/QueryClientProvider.js:20:3)
    at Wrapper (/home/runner/work/FLOWBills/FLOWBills/src/lib/test-utils.tsx:98:24)
Warning: An update to AuthProvider inside a test was not wrapped in act(...).

When testing, code that causes React state updates should be wrapped into act(...):

act(() => {
  /* fire events that update state */
});
/* assert on the output */

This ensures that you're testing the behavior the user would see in the browser. Learn more at https://reactjs.org/link/wrap-tests-with-act
    at AuthProvider (/home/runner/work/FLOWBills/FLOWBills/src/hooks/useAuth.tsx:10:25)
    at Provider (file:///home/runner/work/FLOWBills/FLOWBills/node_modules/@radix-ui/react-context/dist/index.mjs:27:15)
    at TooltipProvider (file:///home/runner/work/FLOWBills/FLOWBills/node_modules/@radix-ui/react-tooltip/dist/index.mjs:29:5)
    at Router (/home/runner/work/FLOWBills/FLOWBills/node_modules/react-router/dist/umd/react-router.development.js:1207:17)
    at MemoryRouter (/home/runner/work/FLOWBills/FLOWBills/node_modules/react-router/dist/umd/react-router.development.js:1101:7)
    at QueryClientProvider (file:///home/runner/work/FLOWBills/FLOWBills/node_modules/@tanstack/react-query/build/modern/QueryClientProvider.js:20:3)
    at Wrapper (/home/runner/work/FLOWBills/FLOWBills/src/lib/test-utils.tsx:98:24)
Warning: An update to AuthProvider inside a test was not wrapped in act(...).

When testing, code that causes React state updates should be wrapped into act(...):

act(() => {
  /* fire events that update state */
});
/* assert on the output */

This ensures that you're testing the behavior the user would see in the browser. Learn more at https://reactjs.org/link/wrap-tests-with-act
    at AuthProvider (/home/runner/work/FLOWBills/FLOWBills/src/hooks/useAuth.tsx:10:25)
    at Provider (file:///home/runner/work/FLOWBills/FLOWBills/node_modules/@radix-ui/react-context/dist/index.mjs:27:15)
    at TooltipProvider (file:///home/runner/work/FLOWBills/FLOWBills/node_modules/@radix-ui/react-tooltip/dist/index.mjs:29:5)
    at Router (/home/runner/work/FLOWBills/FLOWBills/node_modules/react-router/dist/umd/react-router.development.js:1207:17)
    at MemoryRouter (/home/runner/work/FLOWBills/FLOWBills/node_modules/react-router/dist/umd/react-router.development.js:1101:7)
    at QueryClientProvider (file:///home/runner/work/FLOWBills/FLOWBills/node_modules/@tanstack/react-query/build/modern/QueryClientProvider.js:20:3)
    at Wrapper (/home/runner/work/FLOWBills/FLOWBills/src/lib/test-utils.tsx:98:24)
Warning: An update to AuthProvider inside a test was not wrapped in act(...).

When testing, code that causes React state updates should be wrapped into act(...):

act(() => {
  /* fire events that update state */
});
/* assert on the output */

This ensures that you're testing the behavior the user would see in the browser. Learn more at https://reactjs.org/link/wrap-tests-with-act
    at AuthProvider (/home/runner/work/FLOWBills/FLOWBills/src/hooks/useAuth.tsx:10:25)
    at Provider (file:///home/runner/work/FLOWBills/FLOWBills/node_modules/@radix-ui/react-context/dist/index.mjs:27:15)
    at TooltipProvider (file:///home/runner/work/FLOWBills/FLOWBills/node_modules/@radix-ui/react-tooltip/dist/index.mjs:29:5)
    at Router (/home/runner/work/FLOWBills/FLOWBills/node_modules/react-router/dist/umd/react-router.development.js:1207:17)
    at MemoryRouter (/home/runner/work/FLOWBills/FLOWBills/node_modules/react-router/dist/umd/react-router.development.js:1101:7)
    at QueryClientProvider (file:///home/runner/work/FLOWBills/FLOWBills/node_modules/@tanstack/react-query/build/modern/QueryClientProvider.js:20:3)
    at Wrapper (/home/runner/work/FLOWBills/FLOWBills/src/lib/test-utils.tsx:98:24)

stderr | src/__tests__/hooks/useAuth.test.tsx > useAuth > signOut is callable
Warning: An update to AuthProvider inside a test was not wrapped in act(...).

When testing, code that causes React state updates should be wrapped into act(...):

act(() => {
  /* fire events that update state */
});
/* assert on the output */

This ensures that you're testing the behavior the user would see in the browser. Learn more at https://reactjs.org/link/wrap-tests-with-act
    at AuthProvider (/home/runner/work/FLOWBills/FLOWBills/src/hooks/useAuth.tsx:10:25)
    at Provider (file:///home/runner/work/FLOWBills/FLOWBills/node_modules/@radix-ui/react-context/dist/index.mjs:27:15)
    at TooltipProvider (file:///home/runner/work/FLOWBills/FLOWBills/node_modules/@radix-ui/react-tooltip/dist/index.mjs:29:5)
    at Router (/home/runner/work/FLOWBills/FLOWBills/node_modules/react-router/dist/umd/react-router.development.js:1207:17)
    at MemoryRouter (/home/runner/work/FLOWBills/FLOWBills/node_modules/react-router/dist/umd/react-router.development.js:1101:7)
    at QueryClientProvider (file:///home/runner/work/FLOWBills/FLOWBills/node_modules/@tanstack/react-query/build/modern/QueryClientProvider.js:20:3)
    at Wrapper (/home/runner/work/FLOWBills/FLOWBills/src/lib/test-utils.tsx:98:24)
Warning: An update to AuthProvider inside a test was not wrapped in act(...).

When testing, code that causes React state updates should be wrapped into act(...):

act(() => {
  /* fire events that update state */
});
/* assert on the output */

This ensures that you're testing the behavior the user would see in the browser. Learn more at https://reactjs.org/link/wrap-tests-with-act
    at AuthProvider (/home/runner/work/FLOWBills/FLOWBills/src/hooks/useAuth.tsx:10:25)
    at Provider (file:///home/runner/work/FLOWBills/FLOWBills/node_modules/@radix-ui/react-context/dist/index.mjs:27:15)
    at TooltipProvider (file:///home/runner/work/FLOWBills/FLOWBills/node_modules/@radix-ui/react-tooltip/dist/index.mjs:29:5)
    at Router (/home/runner/work/FLOWBills/FLOWBills/node_modules/react-router/dist/umd/react-router.development.js:1207:17)
    at MemoryRouter (/home/runner/work/FLOWBills/FLOWBills/node_modules/react-router/dist/umd/react-router.development.js:1101:7)
    at QueryClientProvider (file:///home/runner/work/FLOWBills/FLOWBills/node_modules/@tanstack/react-query/build/modern/QueryClientProvider.js:20:3)
    at Wrapper (/home/runner/work/FLOWBills/FLOWBills/src/lib/test-utils.tsx:98:24)
Warning: An update to AuthProvider inside a test was not wrapped in act(...).

When testing, code that causes React state updates should be wrapped into act(...):

act(() => {
  /* fire events that update state */
});
/* assert on the output */

This ensures that you're testing the behavior the user would see in the browser. Learn more at https://reactjs.org/link/wrap-tests-with-act
    at AuthProvider (/home/runner/work/FLOWBills/FLOWBills/src/hooks/useAuth.tsx:10:25)
    at Provider (file:///home/runner/work/FLOWBills/FLOWBills/node_modules/@radix-ui/react-context/dist/index.mjs:27:15)
    at TooltipProvider (file:///home/runner/work/FLOWBills/FLOWBills/node_modules/@radix-ui/react-tooltip/dist/index.mjs:29:5)
    at Router (/home/runner/work/FLOWBills/FLOWBills/node_modules/react-router/dist/umd/react-router.development.js:1207:17)
    at MemoryRouter (/home/runner/work/FLOWBills/FLOWBills/node_modules/react-router/dist/umd/react-router.development.js:1101:7)
    at QueryClientProvider (file:///home/runner/work/FLOWBills/FLOWBills/node_modules/@tanstack/react-query/build/modern/QueryClientProvider.js:20:3)
    at Wrapper (/home/runner/work/FLOWBills/FLOWBills/src/lib/test-utils.tsx:98:24)
Warning: An update to AuthProvider inside a test was not wrapped in act(...).

When testing, code that causes React state updates should be wrapped into act(...):

act(() => {
  /* fire events that update state */
});
/* assert on the output */

This ensures that you're testing the behavior the user would see in the browser. Learn more at https://reactjs.org/link/wrap-tests-with-act
    at AuthProvider (/home/runner/work/FLOWBills/FLOWBills/src/hooks/useAuth.tsx:10:25)
    at Provider (file:///home/runner/work/FLOWBills/FLOWBills/node_modules/@radix-ui/react-context/dist/index.mjs:27:15)
    at TooltipProvider (file:///home/runner/work/FLOWBills/FLOWBills/node_modules/@radix-ui/react-tooltip/dist/index.mjs:29:5)
    at Router (/home/runner/work/FLOWBills/FLOWBills/node_modules/react-router/dist/umd/react-router.development.js:1207:17)
    at MemoryRouter (/home/runner/work/FLOWBills/FLOWBills/node_modules/react-router/dist/umd/react-router.development.js:1101:7)
    at QueryClientProvider (file:///home/runner/work/FLOWBills/FLOWBills/node_modules/@tanstack/react-query/build/modern/QueryClientProvider.js:20:3)
    at Wrapper (/home/runner/work/FLOWBills/FLOWBills/src/lib/test-utils.tsx:98:24)
Warning: An update to AuthProvider inside a test was not wrapped in act(...).

When testing, code that causes React state updates should be wrapped into act(...):

act(() => {
  /* fire events that update state */
});
/* assert on the output */

This ensures that you're testing the behavior the user would see in the browser. Learn more at https://reactjs.org/link/wrap-tests-with-act
    at AuthProvider (/home/runner/work/FLOWBills/FLOWBills/src/hooks/useAuth.tsx:10:25)
    at Provider (file:///home/runner/work/FLOWBills/FLOWBills/node_modules/@radix-ui/react-context/dist/index.mjs:27:15)
    at TooltipProvider (file:///home/runner/work/FLOWBills/FLOWBills/node_modules/@radix-ui/react-tooltip/dist/index.mjs:29:5)
    at Router (/home/runner/work/FLOWBills/FLOWBills/node_modules/react-router/dist/umd/react-router.development.js:1207:17)
    at MemoryRouter (/home/runner/work/FLOWBills/FLOWBills/node_modules/react-router/dist/umd/react-router.development.js:1101:7)
    at QueryClientProvider (file:///home/runner/work/FLOWBills/FLOWBills/node_modules/@tanstack/react-query/build/modern/QueryClientProvider.js:20:3)
    at Wrapper (/home/runner/work/FLOWBills/FLOWBills/src/lib/test-utils.tsx:98:24)

stderr | src/__tests__/hooks/useAuth.test.tsx > useAuth > signOut is callable
Warning: An update to AuthProvider inside a test was not wrapped in act(...).

When testing, code that causes React state updates should be wrapped into act(...):
stdout | src/__tests__/hooks/useAuth.test.tsx > useAuth > signOut is callable
[Auth] State changed: INITIAL_SESSION User: undefined

stdout | src/__tests__/hooks/useAuth.test.tsx > useAuth > signOut is callable
[Auth] State changed: SIGNED_OUT User: undefined


act(() => {
  /* fire events that update state */
});
/* assert on the output */

This ensures that you're testing the behavior the user would see in the browser. Learn more at https://reactjs.org/link/wrap-tests-with-act
    at AuthProvider (/home/runner/work/FLOWBills/FLOWBills/src/hooks/useAuth.tsx:10:25)
    at Provider (file:///home/runner/work/FLOWBills/FLOWBills/node_modules/@radix-ui/react-context/dist/index.mjs:27:15)
    at TooltipProvider (file:///home/runner/work/FLOWBills/FLOWBills/node_modules/@radix-ui/react-tooltip/dist/index.mjs:29:5)
    at Router (/home/runner/work/FLOWBills/FLOWBills/node_modules/react-router/dist/umd/react-router.development.js:1207:17)
    at MemoryRouter (/home/runner/work/FLOWBills/FLOWBills/node_modules/react-router/dist/umd/react-router.development.js:1101:7)
    at QueryClientProvider (file:///home/runner/work/FLOWBills/FLOWBills/node_modules/@tanstack/react-query/build/modern/QueryClientProvider.js:20:3)
    at Wrapper (/home/runner/work/FLOWBills/FLOWBills/src/lib/test-utils.tsx:98:24)
Warning: An update to AuthProvider inside a test was not wrapped in act(...).

When testing, code that causes React state updates should be wrapped into act(...):

act(() => {
  /* fire events that update state */
});
/* assert on the output */

This ensures that you're testing the behavior the user would see in the browser. Learn more at https://reactjs.org/link/wrap-tests-with-act
    at AuthProvider (/home/runner/work/FLOWBills/FLOWBills/src/hooks/useAuth.tsx:10:25)
    at Provider (file:///home/runner/work/FLOWBills/FLOWBills/node_modules/@radix-ui/react-context/dist/index.mjs:27:15)
    at TooltipProvider (file:///home/runner/work/FLOWBills/FLOWBills/node_modules/@radix-ui/react-tooltip/dist/index.mjs:29:5)
    at Router (/home/runner/work/FLOWBills/FLOWBills/node_modules/react-router/dist/umd/react-router.development.js:1207:17)
    at MemoryRouter (/home/runner/work/FLOWBills/FLOWBills/node_modules/react-router/dist/umd/react-router.development.js:1101:7)
    at QueryClientProvider (file:///home/runner/work/FLOWBills/FLOWBills/node_modules/@tanstack/react-query/build/modern/QueryClientProvider.js:20:3)
    at Wrapper (/home/runner/work/FLOWBills/FLOWBills/src/lib/test-utils.tsx:98:24)
Warning: An update to AuthProvider inside a test was not wrapped in act(...).

When testing, code that causes React state updates should be wrapped into act(...):

act(() => {
  /* fire events that update state */
});
/* assert on the output */

This ensures that you're testing the behavior the user would see in the browser. Learn more at https://reactjs.org/link/wrap-tests-with-act
    at AuthProvider (/home/runner/work/FLOWBills/FLOWBills/src/hooks/useAuth.tsx:10:25)
    at Provider (file:///home/runner/work/FLOWBills/FLOWBills/node_modules/@radix-ui/react-context/dist/index.mjs:27:15)
    at TooltipProvider (file:///home/runner/work/FLOWBills/FLOWBills/node_modules/@radix-ui/react-tooltip/dist/index.mjs:29:5)
    at Router (/home/runner/work/FLOWBills/FLOWBills/node_modules/react-router/dist/umd/react-router.development.js:1207:17)
    at MemoryRouter (/home/runner/work/FLOWBills/FLOWBills/node_modules/react-router/dist/umd/react-router.development.js:1101:7)
    at QueryClientProvider (file:///home/runner/work/FLOWBills/FLOWBills/node_modules/@tanstack/react-query/build/modern/QueryClientProvider.js:20:3)
    at Wrapper (/home/runner/work/FLOWBills/FLOWBills/src/lib/test-utils.tsx:98:24)
Warning: An update to MemoryRouter inside a test was not wrapped in act(...).

When testing, code that causes React state updates should be wrapped into act(...):

act(() => {
  /* fire events that update state */
});
/* assert on the output */

This ensures that you're testing the behavior the user would see in the browser. Learn more at https://reactjs.org/link/wrap-tests-with-act
    at MemoryRouter (/home/runner/work/FLOWBills/FLOWBills/node_modules/react-router/dist/umd/react-router.development.js:1101:7)
    at QueryClientProvider (file:///home/runner/work/FLOWBills/FLOWBills/node_modules/@tanstack/react-query/build/modern/QueryClientProvider.js:20:3)
    at Wrapper (/home/runner/work/FLOWBills/FLOWBills/src/lib/test-utils.tsx:98:24)

 ✓ src/__tests__/hooks/useAuth.test.tsx (3 tests) 53ms
 ✓ src/__tests__/components/error-boundary/ErrorBoundary.test.tsx (3 tests) 107ms
 ✓ src/__tests__/lib/api-client.test.ts (3 tests) 5ms
stderr | src/__tests__/navigation.test.tsx > Navigation Pages > renders Features page
⚠️ React Router Future Flag Warning: React Router will begin wrapping state updates in `React.startTransition` in v7. You can use the `v7_startTransition` future flag to opt-in early. For more information, see https://reactrouter.com/v6/upgrading/future#v7_starttransition.
⚠️ React Router Future Flag Warning: Relative route resolution within Splat routes is changing in v7. You can use the `v7_relativeSplatPath` future flag to opt-in early. For more information, see https://reactrouter.com/v6/upgrading/future#v7_relativesplatpath.

stdout | src/__tests__/navigation.test.tsx > Navigation Pages > renders Features page
[Auth] State changed: INITIAL_SESSION User: undefined

stderr | src/__tests__/navigation.test.tsx > Navigation Pages > renders Features page
Warning: An update to AuthProvider inside a test was not wrapped in act(...).

When testing, code that causes React state updates should be wrapped into act(...):

act(() => {
  /* fire events that update state */
});
/* assert on the output */

This ensures that you're testing the behavior the user would see in the browser. Learn more at https://reactjs.org/link/wrap-tests-with-act
    at AuthProvider (/home/runner/work/FLOWBills/FLOWBills/src/hooks/useAuth.tsx:10:25)
    at Provider (file:///home/runner/work/FLOWBills/FLOWBills/node_modules/@radix-ui/react-context/dist/index.mjs:27:15)
    at TooltipProvider (file:///home/runner/work/FLOWBills/FLOWBills/node_modules/@radix-ui/react-tooltip/dist/index.mjs:29:5)
    at Router (/home/runner/work/FLOWBills/FLOWBills/node_modules/react-router/dist/umd/react-router.development.js:1207:17)
    at MemoryRouter (/home/runner/work/FLOWBills/FLOWBills/node_modules/react-router/dist/umd/react-router.development.js:1101:7)
    at QueryClientProvider (file:///home/runner/work/FLOWBills/FLOWBills/node_modules/@tanstack/react-query/build/modern/QueryClientProvider.js:20:3)
    at Wrapper (/home/runner/work/FLOWBills/FLOWBills/src/lib/test-utils.tsx:60:24)
Warning: An update to AuthProvider inside a test was not wrapped in act(...).

When testing, code that causes React state updates should be wrapped into act(...):

act(() => {
  /* fire events that update state */
});
/* assert on the output */

This ensures that you're testing the behavior the user would see in the browser. Learn more at https://reactjs.org/link/wrap-tests-with-act
    at AuthProvider (/home/runner/work/FLOWBills/FLOWBills/src/hooks/useAuth.tsx:10:25)
    at Provider (file:///home/runner/work/FLOWBills/FLOWBills/node_modules/@radix-ui/react-context/dist/index.mjs:27:15)
    at TooltipProvider (file:///home/runner/work/FLOWBills/FLOWBills/node_modules/@radix-ui/react-tooltip/dist/index.mjs:29:5)
    at Router (/home/runner/work/FLOWBills/FLOWBills/node_modules/react-router/dist/umd/react-router.development.js:1207:17)
    at MemoryRouter (/home/runner/work/FLOWBills/FLOWBills/node_modules/react-router/dist/umd/react-router.development.js:1101:7)
    at QueryClientProvider (file:///home/runner/work/FLOWBills/FLOWBills/node_modules/@tanstack/react-query/build/modern/QueryClientProvider.js:20:3)
    at Wrapper (/home/runner/work/FLOWBills/FLOWBills/src/lib/test-utils.tsx:60:24)
Warning: An update to AuthProvider inside a test was not wrapped in act(...).

When testing, code that causes React state updates should be wrapped into act(...):

act(() => {
  /* fire events that update state */
});
/* assert on the output */

This ensures that you're testing the behavior the user would see in the browser. Learn more at https://reactjs.org/link/wrap-tests-with-act
    at AuthProvider (/home/runner/work/FLOWBills/FLOWBills/src/hooks/useAuth.tsx:10:25)
    at Provider (file:///home/runner/work/FLOWBills/FLOWBills/node_modules/@radix-ui/react-context/dist/index.mjs:27:15)
    at TooltipProvider (file:///home/runner/work/FLOWBills/FLOWBills/node_modules/@radix-ui/react-tooltip/dist/index.mjs:29:5)
    at Router (/home/runner/work/FLOWBills/FLOWBills/node_modules/react-router/dist/umd/react-router.development.js:1207:17)
    at MemoryRouter (/home/runner/work/FLOWBills/FLOWBills/node_modules/react-router/dist/umd/react-router.development.js:1101:7)
    at QueryClientProvider (file:///home/runner/work/FLOWBills/FLOWBills/node_modules/@tanstack/react-query/build/modern/QueryClientProvider.js:20:3)
    at Wrapper (/home/runner/work/FLOWBills/FLOWBills/src/lib/test-utils.tsx:60:24)

stdout | src/__tests__/navigation.test.tsx > Navigation Pages > renders Pricing page
[Auth] State changed: INITIAL_SESSION User: undefined

stderr | src/__tests__/navigation.test.tsx > Navigation Pages > renders Pricing page
Warning: An update to AuthProvider inside a test was not wrapped in act(...).

When testing, code that causes React state updates should be wrapped into act(...):

act(() => {
  /* fire events that update state */
});
/* assert on the output */

This ensures that you're testing the behavior the user would see in the browser. Learn more at https://reactjs.org/link/wrap-tests-with-act
    at AuthProvider (/home/runner/work/FLOWBills/FLOWBills/src/hooks/useAuth.tsx:10:25)
    at Provider (file:///home/runner/work/FLOWBills/FLOWBills/node_modules/@radix-ui/react-context/dist/index.mjs:27:15)
    at TooltipProvider (file:///home/runner/work/FLOWBills/FLOWBills/node_modules/@radix-ui/react-tooltip/dist/index.mjs:29:5)
    at Router (/home/runner/work/FLOWBills/FLOWBills/node_modules/react-router/dist/umd/react-router.development.js:1207:17)
    at MemoryRouter (/home/runner/work/FLOWBills/FLOWBills/node_modules/react-router/dist/umd/react-router.development.js:1101:7)
    at QueryClientProvider (file:///home/runner/work/FLOWBills/FLOWBills/node_modules/@tanstack/react-query/build/modern/QueryClientProvider.js:20:3)
    at Wrapper (/home/runner/work/FLOWBills/FLOWBills/src/lib/test-utils.tsx:60:24)
Warning: An update to AuthProvider inside a test was not wrapped in act(...).

When testing, code that causes React state updates should be wrapped into act(...):

act(() => {
  /* fire events that update state */
});
/* assert on the output */

This ensures that you're testing the behavior the user would see in the browser. Learn more at https://reactjs.org/link/wrap-tests-with-act
    at AuthProvider (/home/runner/work/FLOWBills/FLOWBills/src/hooks/useAuth.tsx:10:25)
    at Provider (file:///home/runner/work/FLOWBills/FLOWBills/node_modules/@radix-ui/react-context/dist/index.mjs:27:15)
    at TooltipProvider (file:///home/runner/work/FLOWBills/FLOWBills/node_modules/@radix-ui/react-tooltip/dist/index.mjs:29:5)
    at Router (/home/runner/work/FLOWBills/FLOWBills/node_modules/react-router/dist/umd/react-router.development.js:1207:17)
    at MemoryRouter (/home/runner/work/FLOWBills/FLOWBills/node_modules/react-router/dist/umd/react-router.development.js:1101:7)
    at QueryClientProvider (file:///home/runner/work/FLOWBills/FLOWBills/node_modules/@tanstack/react-query/build/modern/QueryClientProvider.js:20:3)
    at Wrapper (/home/runner/work/FLOWBills/FLOWBills/src/lib/test-utils.tsx:60:24)
Warning: An update to AuthProvider inside a test was not wrapped in act(...).

When testing, code that causes React state updates should be wrapped into act(...):

act(() => {
  /* fire events that update state */
});
/* assert on the output */

This ensures that you're testing the behavior the user would see in the browser. Learn more at https://reactjs.org/link/wrap-tests-with-act
    at AuthProvider (/home/runner/work/FLOWBills/FLOWBills/src/hooks/useAuth.tsx:10:25)
    at Provider (file:///home/runner/work/FLOWBills/FLOWBills/node_modules/@radix-ui/react-context/dist/index.mjs:27:15)
    at TooltipProvider (file:///home/runner/work/FLOWBills/FLOWBills/node_modules/@radix-ui/react-tooltip/dist/index.mjs:29:5)
    at Router (/home/runner/work/FLOWBills/FLOWBills/node_modules/react-router/dist/umd/react-router.development.js:1207:17)
    at MemoryRouter (/home/runner/work/FLOWBills/FLOWBills/node_modules/react-router/dist/umd/react-router.development.js:1101:7)
    at QueryClientProvider (file:///home/runner/work/FLOWBills/FLOWBills/node_modules/@tanstack/react-query/build/modern/QueryClientProvider.js:20:3)
    at Wrapper (/home/runner/work/FLOWBills/FLOWBills/src/lib/test-utils.tsx:60:24)

stdout | src/__tests__/navigation.test.tsx > Navigation Pages > renders API page
[Auth] State changed: INITIAL_SESSION User: undefined

stderr | src/__tests__/navigation.test.tsx > Navigation Pages > renders API page
Warning: An update to AuthProvider inside a test was not wrapped in act(...).

When testing, code that causes React state updates should be wrapped into act(...):

act(() => {
  /* fire events that update state */
});
/* assert on the output */

This ensures that you're testing the behavior the user would see in the browser. Learn more at https://reactjs.org/link/wrap-tests-with-act
    at AuthProvider (/home/runner/work/FLOWBills/FLOWBills/src/hooks/useAuth.tsx:10:25)
    at Provider (file:///home/runner/work/FLOWBills/FLOWBills/node_modules/@radix-ui/react-context/dist/index.mjs:27:15)
    at TooltipProvider (file:///home/runner/work/FLOWBills/FLOWBills/node_modules/@radix-ui/react-tooltip/dist/index.mjs:29:5)
    at Router (/home/runner/work/FLOWBills/FLOWBills/node_modules/react-router/dist/umd/react-router.development.js:1207:17)
    at MemoryRouter (/home/runner/work/FLOWBills/FLOWBills/node_modules/react-router/dist/umd/react-router.development.js:1101:7)
    at QueryClientProvider (file:///home/runner/work/FLOWBills/FLOWBills/node_modules/@tanstack/react-query/build/modern/QueryClientProvider.js:20:3)
    at Wrapper (/home/runner/work/FLOWBills/FLOWBills/src/lib/test-utils.tsx:60:24)
Warning: An update to AuthProvider inside a test was not wrapped in act(...).

When testing, code that causes React state updates should be wrapped into act(...):

act(() => {
  /* fire events that update state */
});
/* assert on the output */

This ensures that you're testing the behavior the user would see in the browser. Learn more at https://reactjs.org/link/wrap-tests-with-act
    at AuthProvider (/home/runner/work/FLOWBills/FLOWBills/src/hooks/useAuth.tsx:10:25)
    at Provider (file:///home/runner/work/FLOWBills/FLOWBills/node_modules/@radix-ui/react-context/dist/index.mjs:27:15)
    at TooltipProvider (file:///home/runner/work/FLOWBills/FLOWBills/node_modules/@radix-ui/react-tooltip/dist/index.mjs:29:5)
    at Router (/home/runner/work/FLOWBills/FLOWBills/node_modules/react-router/dist/umd/react-router.development.js:1207:17)
    at MemoryRouter (/home/runner/work/FLOWBills/FLOWBills/node_modules/react-router/dist/umd/react-router.development.js:1101:7)
    at QueryClientProvider (file:///home/runner/work/FLOWBills/FLOWBills/node_modules/@tanstack/react-query/build/modern/QueryClientProvider.js:20:3)
    at Wrapper (/home/runner/work/FLOWBills/FLOWBills/src/lib/test-utils.tsx:60:24)
Warning: An update to AuthProvider inside a test was not wrapped in act(...).

When testing, code that causes React state updates should be wrapped into act(...):

act(() => {
  /* fire events that update state */
});
/* assert on the output */

This ensures that you're testing the behavior the user would see in the browser. Learn more at https://reactjs.org/link/wrap-tests-with-act
    at AuthProvider (/home/runner/work/FLOWBills/FLOWBills/src/hooks/useAuth.tsx:10:25)
    at Provider (file:///home/runner/work/FLOWBills/FLOWBills/node_modules/@radix-ui/react-context/dist/index.mjs:27:15)
    at TooltipProvider (file:///home/runner/work/FLOWBills/FLOWBills/node_modules/@radix-ui/react-tooltip/dist/index.mjs:29:5)
    at Router (/home/runner/work/FLOWBills/FLOWBills/node_modules/react-router/dist/umd/react-router.development.js:1207:17)
    at MemoryRouter (/home/runner/work/FLOWBills/FLOWBills/node_modules/react-router/dist/umd/react-router.development.js:1101:7)
    at QueryClientProvider (file:///home/runner/work/FLOWBills/FLOWBills/node_modules/@tanstack/react-query/build/modern/QueryClientProvider.js:20:3)
    at Wrapper (/home/runner/work/FLOWBills/FLOWBills/src/lib/test-utils.tsx:60:24)

stdout | src/__tests__/navigation.test.tsx > Navigation Pages > renders About page
[Auth] State changed: INITIAL_SESSION User: undefined

stderr | src/__tests__/navigation.test.tsx > Navigation Pages > renders About page
Warning: An update to AuthProvider inside a test was not wrapped in act(...).

When testing, code that causes React state updates should be wrapped into act(...):

act(() => {
  /* fire events that update state */
});
/* assert on the output */

This ensures that you're testing the behavior the user would see in the browser. Learn more at https://reactjs.org/link/wrap-tests-with-act
    at AuthProvider (/home/runner/work/FLOWBills/FLOWBills/src/hooks/useAuth.tsx:10:25)
    at Provider (file:///home/runner/work/FLOWBills/FLOWBills/node_modules/@radix-ui/react-context/dist/index.mjs:27:15)
    at TooltipProvider (file:///home/runner/work/FLOWBills/FLOWBills/node_modules/@radix-ui/react-tooltip/dist/index.mjs:29:5)
    at Router (/home/runner/work/FLOWBills/FLOWBills/node_modules/react-router/dist/umd/react-router.development.js:1207:17)
    at MemoryRouter (/home/runner/work/FLOWBills/FLOWBills/node_modules/react-router/dist/umd/react-router.development.js:1101:7)
    at QueryClientProvider (file:///home/runner/work/FLOWBills/FLOWBills/node_modules/@tanstack/react-query/build/modern/QueryClientProvider.js:20:3)
    at Wrapper (/home/runner/work/FLOWBills/FLOWBills/src/lib/test-utils.tsx:60:24)
Warning: An update to AuthProvider inside a test was not wrapped in act(...).

When testing, code that causes React state updates should be wrapped into act(...):

act(() => {
  /* fire events that update state */
});
/* assert on the output */

This ensures that you're testing the behavior the user would see in the browser. Learn more at https://reactjs.org/link/wrap-tests-with-act
    at AuthProvider (/home/runner/work/FLOWBills/FLOWBills/src/hooks/useAuth.tsx:10:25)
    at Provider (file:///home/runner/work/FLOWBills/FLOWBills/node_modules/@radix-ui/react-context/dist/index.mjs:27:15)
    at TooltipProvider (file:///home/runner/work/FLOWBills/FLOWBills/node_modules/@radix-ui/react-tooltip/dist/index.mjs:29:5)
    at Router (/home/runner/work/FLOWBills/FLOWBills/node_modules/react-router/dist/umd/react-router.development.js:1207:17)
    at MemoryRouter (/home/runner/work/FLOWBills/FLOWBills/node_modules/react-router/dist/umd/react-router.development.js:1101:7)
    at QueryClientProvider (file:///home/runner/work/FLOWBills/FLOWBills/node_modules/@tanstack/react-query/build/modern/QueryClientProvider.js:20:3)
    at Wrapper (/home/runner/work/FLOWBills/FLOWBills/src/lib/test-utils.tsx:60:24)
Warning: An update to AuthProvider inside a test was not wrapped in act(...).

When testing, code that causes React state updates should be wrapped into act(...):

act(() => {
  /* fire events that update state */
});
/* assert on the output */

This ensures that you're testing the behavior the user would see in the browser. Learn more at https://reactjs.org/link/wrap-tests-with-act
    at AuthProvider (/home/runner/work/FLOWBills/FLOWBills/src/hooks/useAuth.tsx:10:25)
    at Provider (file:///home/runner/work/FLOWBills/FLOWBills/node_modules/@radix-ui/react-context/dist/index.mjs:27:15)
    at TooltipProvider (file:///home/runner/work/FLOWBills/FLOWBills/node_modules/@radix-ui/react-tooltip/dist/index.mjs:29:5)
    at Router (/home/runner/work/FLOWBills/FLOWBills/node_modules/react-router/dist/umd/react-router.development.js:1207:17)
    at MemoryRouter (/home/runner/work/FLOWBills/FLOWBills/node_modules/react-router/dist/umd/react-router.development.js:1101:7)
    at QueryClientProvider (file:///home/runner/work/FLOWBills/FLOWBills/node_modules/@tanstack/react-query/build/modern/QueryClientProvider.js:20:3)
    at Wrapper (/home/runner/work/FLOWBills/FLOWBills/src/lib/test-utils.tsx:60:24)

stderr | src/__tests__/navigation.test.tsx > Navigation Pages > renders Contact page
stdout | src/__tests__/navigation.test.tsx > Navigation Pages > renders Contact page
[Auth] State changed: INITIAL_SESSION User: undefined

react-i18next:: useTranslation: You will need to pass in an i18next instance by using initReactI18next { code: 'NO_I18NEXT_INSTANCE' }

stderr | src/__tests__/navigation.test.tsx > Navigation Pages > renders Contact page
Warning: An update to AuthProvider inside a test was not wrapped in act(...).

When testing, code that causes React state updates should be wrapped into act(...):

act(() => {
  /* fire events that update state */
});
/* assert on the output */

This ensures that you're testing the behavior the user would see in the browser. Learn more at https://reactjs.org/link/wrap-tests-with-act
    at AuthProvider (/home/runner/work/FLOWBills/FLOWBills/src/hooks/useAuth.tsx:10:25)
    at Provider (file:///home/runner/work/FLOWBills/FLOWBills/node_modules/@radix-ui/react-context/dist/index.mjs:27:15)
    at TooltipProvider (file:///home/runner/work/FLOWBills/FLOWBills/node_modules/@radix-ui/react-tooltip/dist/index.mjs:29:5)
    at Router (/home/runner/work/FLOWBills/FLOWBills/node_modules/react-router/dist/umd/react-router.development.js:1207:17)
    at MemoryRouter (/home/runner/work/FLOWBills/FLOWBills/node_modules/react-router/dist/umd/react-router.development.js:1101:7)
    at QueryClientProvider (file:///home/runner/work/FLOWBills/FLOWBills/node_modules/@tanstack/react-query/build/modern/QueryClientProvider.js:20:3)
    at Wrapper (/home/runner/work/FLOWBills/FLOWBills/src/lib/test-utils.tsx:60:24)
Warning: An update to AuthProvider inside a test was not wrapped in act(...).

When testing, code that causes React state updates should be wrapped into act(...):

act(() => {
  /* fire events that update state */
});
/* assert on the output */

This ensures that you're testing the behavior the user would see in the browser. Learn more at https://reactjs.org/link/wrap-tests-with-act
    at AuthProvider (/home/runner/work/FLOWBills/FLOWBills/src/hooks/useAuth.tsx:10:25)
    at Provider (file:///home/runner/work/FLOWBills/FLOWBills/node_modules/@radix-ui/react-context/dist/index.mjs:27:15)
    at TooltipProvider (file:///home/runner/work/FLOWBills/FLOWBills/node_modules/@radix-ui/react-tooltip/dist/index.mjs:29:5)
    at Router (/home/runner/work/FLOWBills/FLOWBills/node_modules/react-router/dist/umd/react-router.development.js:1207:17)
    at MemoryRouter (/home/runner/work/FLOWBills/FLOWBills/node_modules/react-router/dist/umd/react-router.development.js:1101:7)
    at QueryClientProvider (file:///home/runner/work/FLOWBills/FLOWBills/node_modules/@tanstack/react-query/build/modern/QueryClientProvider.js:20:3)
    at Wrapper (/home/runner/work/FLOWBills/FLOWBills/src/lib/test-utils.tsx:60:24)
Warning: An update to AuthProvider inside a test was not wrapped in act(...).

When testing, code that causes React state updates should be wrapped into act(...):

act(() => {
  /* fire events that update state */
});
/* assert on the output */

This ensures that you're testing the behavior the user would see in the browser. Learn more at https://reactjs.org/link/wrap-tests-with-act
    at AuthProvider (/home/runner/work/FLOWBills/FLOWBills/src/hooks/useAuth.tsx:10:25)
    at Provider (file:///home/runner/work/FLOWBills/FLOWBills/node_modules/@radix-ui/react-context/dist/index.mjs:27:15)
    at TooltipProvider (file:///home/runner/work/FLOWBills/FLOWBills/node_modules/@radix-ui/react-tooltip/dist/index.mjs:29:5)
    at Router (/home/runner/work/FLOWBills/FLOWBills/node_modules/react-router/dist/umd/react-router.development.js:1207:17)
    at MemoryRouter (/home/runner/work/FLOWBills/FLOWBills/node_modules/react-router/dist/umd/react-router.development.js:1101:7)
    at QueryClientProvider (file:///home/runner/work/FLOWBills/FLOWBills/node_modules/@tanstack/react-query/build/modern/QueryClientProvider.js:20:3)
    at Wrapper (/home/runner/work/FLOWBills/FLOWBills/src/lib/test-utils.tsx:60:24)

stderr | src/__tests__/navigation.test.tsx > Navigation Pages > renders Security page
Warning: An update to AuthProvider inside a test was not wrapped in act(...).

When testing, code that causes React state updates should be wrapped into act(...):

act(() => {
  /* fire events that update state */
});
/* assert on the output */

This ensures that you're testing the behavior the user would see in the browser. Learn more at https://reactjs.org/link/wrap-tests-with-act
    at AuthProvider (/home/runner/work/FLOWBills/FLOWBills/src/hooks/useAuth.tsx:10:25)
    at Provider (file:///home/runner/work/FLOWBills/FLOWBills/node_modules/@radix-ui/react-context/dist/index.mjs:27:15)
    at TooltipProvider (file:///home/runner/work/FLOWBills/FLOWBills/node_modules/@radix-ui/react-tooltip/dist/index.mjs:29:5)
    at Router (/home/runner/work/FLOWBills/FLOWBills/node_modules/react-router/dist/umd/react-router.development.js:1207:17)
    at MemoryRouter (/home/runner/work/FLOWBills/FLOWBills/node_modules/react-router/dist/umd/react-router.development.js:1101:7)
    at QueryClientProvider (file:///home/runner/work/FLOWBills/FLOWBills/node_modules/@tanstack/react-query/build/modern/QueryClientProvider.js:20:3)
    at Wrapper (/home/runner/work/FLOWBills/FLOWBills/src/lib/test-utils.tsx:60:24)
Warning: An update to AuthProvider inside a test was not wrapped in act(...).
stdout | src/__tests__/navigation.test.tsx > Navigation Pages > renders Security page

When testing, code that causes React state updates should be wrapped into act(...):

act(() => {
  /* fire events that update state */
});
/* assert on the output */

This ensures that you're testing the behavior the user would see in the browser. Learn more at https://reactjs.org/link/wrap-tests-with-act
    at AuthProvider (/home/runner/work/FLOWBills/FLOWBills/src/hooks/useAuth.tsx:10:25)
    at Provider (file:///home/runner/work/FLOWBills/FLOWBills/node_modules/@radix-ui/react-context/dist/index.mjs:27:15)
    at TooltipProvider (file:///home/runner/work/FLOWBills/FLOWBills/node_modules/@radix-ui/react-tooltip/dist/index.mjs:29:5)
    at Router (/home/runner/work/FLOWBills/FLOWBills/node_modules/react-router/dist/umd/react-router.development.js:1207:17)
    at MemoryRouter (/home/runner/work/FLOWBills/FLOWBills/node_modules/react-router/dist/umd/react-router.development.js:1101:7)
    at QueryClientProvider (file:///home/runner/work/FLOWBills/FLOWBills/node_modules/@tanstack/react-query/build/modern/QueryClientProvider.js:20:3)
    at Wrapper (/home/runner/work/FLOWBills/FLOWBills/src/lib/test-utils.tsx:60:24)
Warning: An update to AuthProvider inside a test was not wrapped in act(...).

When testing, code that causes React state updates should be wrapped into act(...):

act(() => {
  /* fire events that update state */
});
/* assert on the output */

This ensures that you're testing the behavior the user would see in the browser. Learn more at https://reactjs.org/link/wrap-tests-with-act
    at AuthProvider (/home/runner/work/FLOWBills/FLOWBills/src/hooks/useAuth.tsx:10:25)
    at Provider (file:///home/runner/work/FLOWBills/FLOWBills/node_modules/@radix-ui/react-context/dist/index.mjs:27:15)
    at TooltipProvider (file:///home/runner/work/FLOWBills/FLOWBills/node_modules/@radix-ui/react-tooltip/dist/index.mjs:29:5)
    at Router (/home/runner/work/FLOWBills/FLOWBills/node_modules/react-router/dist/umd/react-router.development.js:1207:17)
    at MemoryRouter (/home/runner/work/FLOWBills/FLOWBills/node_modules/react-router/dist/umd/react-router.development.js:1101:7)
    at QueryClientProvider (file:///home/runner/work/FLOWBills/FLOWBills/node_modules/@tanstack/react-query/build/modern/QueryClientProvider.js:20:3)
    at Wrapper (/home/runner/work/FLOWBills/FLOWBills/src/lib/test-utils.tsx:60:24)

[Auth] State changed: INITIAL_SESSION User: undefined

stdout | src/__tests__/navigation.test.tsx > Navigation Pages > renders Privacy page
stderr | src/__tests__/navigation.test.tsx > Navigation Pages > renders Privacy page
Warning: An update to AuthProvider inside a test was not wrapped in act(...).

When testing, code that causes React state updates should be wrapped into act(...):

act(() => {
  /* fire events that update state */
});
/* assert on the output */

This ensures that you're testing the behavior the user would see in the browser. Learn more at https://reactjs.org/link/wrap-tests-with-act
    at AuthProvider (/home/runner/work/FLOWBills/FLOWBills/src/hooks/useAuth.tsx:10:25)
    at Provider (file:///home/runner/work/FLOWBills/FLOWBills/node_modules/@radix-ui/react-context/dist/index.mjs:27:15)
    at TooltipProvider (file:///home/runner/work/FLOWBills/FLOWBills/node_modules/@radix-ui/react-tooltip/dist/index.mjs:29:5)
    at Router (/home/runner/work/FLOWBills/FLOWBills/node_modules/react-router/dist/umd/react-router.development.js:1207:17)
    at MemoryRouter (/home/runner/work/FLOWBills/FLOWBills/node_modules/react-router/dist/umd/react-router.development.js:1101:7)
    at QueryClientProvider (file:///home/runner/work/FLOWBills/FLOWBills/node_modules/@tanstack/react-query/build/modern/QueryClientProvider.js:20:3)
    at Wrapper (/home/runner/work/FLOWBills/FLOWBills/src/lib/test-utils.tsx:60:24)
Warning: An update to AuthProvider inside a test was not wrapped in act(...).

When testing, code that causes React state updates should be wrapped into act(...):

act(() => {
  /* fire events that update state */
});
/* assert on the output */

This ensures that you're testing the behavior the user would see in the browser. Learn more at https://reactjs.org/link/wrap-tests-with-act
    at AuthProvider (/home/runner/work/FLOWBills/FLOWBills/src/hooks/useAuth.tsx:10:25)
    at Provider (file:///home/runner/work/FLOWBills/FLOWBills/node_modules/@radix-ui/react-context/dist/index.mjs:27:15)
    at TooltipProvider (file:///home/runner/work/FLOWBills/FLOWBills/node_modules/@radix-ui/react-tooltip/dist/index.mjs:29:5)
    at Router (/home/runner/work/FLOWBills/FLOWBills/node_modules/react-router/dist/umd/react-router.development.js:1207:17)
    at MemoryRouter (/home/runner/work/FLOWBills/FLOWBills/node_modules/react-router/dist/umd/react-router.development.js:1101:7)
    at QueryClientProvider (file:///home/runner/work/FLOWBills/FLOWBills/node_modules/@tanstack/react-query/build/modern/QueryClientProvider.js:20:3)
    at Wrapper (/home/runner/work/FLOWBills/FLOWBills/src/lib/test-utils.tsx:60:24)
Warning: An update to AuthProvider inside a test was not wrapped in act(...).

When testing, code that causes React state updates should be wrapped into act(...):

act(() => {
  /* fire events that update state */
});
/* assert on the output */

This ensures that you're testing the behavior the user would see in the browser. Learn more at https://reactjs.org/link/wrap-tests-with-act
    at AuthProvider (/home/runner/work/FLOWBills/FLOWBills/src/hooks/useAuth.tsx:10:25)
    at Provider (file:///home/runner/work/FLOWBills/FLOWBills/node_modules/@radix-ui/react-context/dist/index.mjs:27:15)
    at TooltipProvider (file:///home/runner/work/FLOWBills/FLOWBills/node_modules/@radix-ui/react-tooltip/dist/index.mjs:29:5)
    at Router (/home/runner/work/FLOWBills/FLOWBills/node_modules/react-router/dist/umd/react-router.development.js:1207:17)
    at MemoryRouter (/home/runner/work/FLOWBills/FLOWBills/node_modules/react-router/dist/umd/react-router.development.js:1101:7)
    at QueryClientProvider (file:///home/runner/work/FLOWBills/FLOWBills/node_modules/@tanstack/react-query/build/modern/QueryClientProvider.js:20:3)
    at Wrapper (/home/runner/work/FLOWBills/FLOWBills/src/lib/test-utils.tsx:60:24)

[Auth] State changed: INITIAL_SESSION User: undefined

stderr | src/__tests__/navigation.test.tsx > Navigation Pages > renders Terms page
stdout | src/__tests__/navigation.test.tsx > Navigation Pages > renders Terms page
Warning: An update to AuthProvider inside a test was not wrapped in act(...).

When testing, code that causes React state updates should be wrapped into act(...):

act(() => {
  /* fire events that update state */
});
/* assert on the output */

This ensures that you're testing the behavior the user would see in the browser. Learn more at https://reactjs.org/link/wrap-tests-with-act
    at AuthProvider (/home/runner/work/FLOWBills/FLOWBills/src/hooks/useAuth.tsx:10:25)
    at Provider (file:///home/runner/work/FLOWBills/FLOWBills/node_modules/@radix-ui/react-context/dist/index.mjs:27:15)
    at TooltipProvider (file:///home/runner/work/FLOWBills/FLOWBills/node_modules/@radix-ui/react-tooltip/dist/index.mjs:29:5)
    at Router (/home/runner/work/FLOWBills/FLOWBills/node_modules/react-router/dist/umd/react-router.development.js:1207:17)
    at MemoryRouter (/home/runner/work/FLOWBills/FLOWBills/node_modules/react-router/dist/umd/react-router.development.js:1101:7)
    at QueryClientProvider (file:///home/runner/work/FLOWBills/FLOWBills/node_modules/@tanstack/react-query/build/modern/QueryClientProvider.js:20:3)
    at Wrapper (/home/runner/work/FLOWBills/FLOWBills/src/lib/test-utils.tsx:60:24)
Warning: An update to AuthProvider inside a test was not wrapped in act(...).

When testing, code that causes React state updates should be wrapped into act(...):

act(() => {
  /* fire events that update state */
});
/* assert on the output */

This ensures that you're testing the behavior the user would see in the browser. Learn more at https://reactjs.org/link/wrap-tests-with-act
    at AuthProvider (/home/runner/work/FLOWBills/FLOWBills/src/hooks/useAuth.tsx:10:25)
    at Provider (file:///home/runner/work/FLOWBills/FLOWBills/node_modules/@radix-ui/react-context/dist/index.mjs:27:15)
    at TooltipProvider (file:///home/runner/work/FLOWBills/FLOWBills/node_modules/@radix-ui/react-tooltip/dist/index.mjs:29:5)
    at Router (/home/runner/work/FLOWBills/FLOWBills/node_modules/react-router/dist/umd/react-router.development.js:1207:17)
    at MemoryRouter (/home/runner/work/FLOWBills/FLOWBills/node_modules/react-router/dist/umd/react-router.development.js:1101:7)
    at QueryClientProvider (file:///home/runner/work/FLOWBills/FLOWBills/node_modules/@tanstack/react-query/build/modern/QueryClientProvider.js:20:3)
    at Wrapper (/home/runner/work/FLOWBills/FLOWBills/src/lib/test-utils.tsx:60:24)
Warning: An update to AuthProvider inside a test was not wrapped in act(...).

When testing, code that causes React state updates should be wrapped into act(...):

act(() => {
  /* fire events that update state */
});
/* assert on the output */

This ensures that you're testing the behavior the user would see in the browser. Learn more at https://reactjs.org/link/wrap-tests-with-act
    at AuthProvider (/home/runner/work/FLOWBills/FLOWBills/src/hooks/useAuth.tsx:10:25)
    at Provider (file:///home/runner/work/FLOWBills/FLOWBills/node_modules/@radix-ui/react-context/dist/index.mjs:27:15)
    at TooltipProvider (file:///home/runner/work/FLOWBills/FLOWBills/node_modules/@radix-ui/react-tooltip/dist/index.mjs:29:5)
    at Router (/home/runner/work/FLOWBills/FLOWBills/node_modules/react-router/dist/umd/react-router.development.js:1207:17)
    at MemoryRouter (/home/runner/work/FLOWBills/FLOWBills/node_modules/react-router/dist/umd/react-router.development.js:1101:7)
    at QueryClientProvider (file:///home/runner/work/FLOWBills/FLOWBills/node_modules/@tanstack/react-query/build/modern/QueryClientProvider.js:20:3)
    at Wrapper (/home/runner/work/FLOWBills/FLOWBills/src/lib/test-utils.tsx:60:24)

[Auth] State changed: INITIAL_SESSION User: undefined

 ✓ src/__tests__/navigation.test.tsx (8 tests) 758ms

⎯⎯⎯⎯⎯⎯ Failed Suites 2 ⎯⎯⎯⎯⎯⎯⎯

 FAIL  tests/e2e/smoke.spec.ts [ tests/e2e/smoke.spec.ts ]
Error: Playwright Test did not expect test.describe() to be called here.
Most common reasons include:
- You are calling test.describe() in a configuration file.
- You are calling test.describe() in a file that is imported by the configuration file.
- You have two different versions of @playwright/test. This usually happens
  when one of the dependencies in your package.json depends on @playwright/test.
 ❯ TestTypeImpl._currentSuite node_modules/playwright/lib/common/testType.js:75:13
 ❯ TestTypeImpl._describe node_modules/playwright/lib/common/testType.js:115:24
 ❯ Function.describe node_modules/playwright/lib/transform/transform.js:275:12
 ❯ tests/e2e/smoke.spec.ts:7:6
      5|  * These tests ensure the app renders and is functional.
      6|  */
      7| test.describe('Production Smoke Tests', () => {
       |      ^
      8|   const baseURL = process.env.PLAYWRIGHT_TEST_BASE_URL || 'http://loca…
      9| 

⎯⎯⎯⎯⎯⎯⎯⎯⎯⎯⎯⎯⎯⎯⎯⎯⎯⎯⎯⎯⎯⎯⎯⎯[1/2]⎯

 FAIL  supabase/functions/oil-gas-assistant/battery.test.ts [ supabase/functions/oil-gas-assistant/battery.test.ts ]
Error: Only URLs with a scheme in: file, data, and node are supported by the default ESM loader. Received protocol 'https:'
⎯⎯⎯⎯⎯⎯⎯⎯⎯⎯⎯⎯⎯⎯⎯⎯⎯⎯⎯⎯⎯⎯⎯⎯[2/2]⎯


 Test Files  2 failed | 12 passed (14)
      Tests  77 passed (77)
   Start at  04:46:23
   Duration  14.42s (transform 1.01s, setup 7.90s, collect 2.72s, tests 3.65s, environment 10.78s, prepare 1.69s)


Error: Error: Playwright Test did not expect test.describe() to be called here.
Most common reasons include:
- You are calling test.describe() in a configuration file.
- You are calling test.describe() in a file that is imported by the configuration file.
- You have two different versions of @playwright/test. This usually happens
  when one of the dependencies in your package.json depends on @playwright/test.
 ❯ TestTypeImpl._currentSuite node_modules/playwright/lib/common/testType.js:75:13
 ❯ TestTypeImpl._describe node_modules/playwright/lib/common/testType.js:115:24
 ❯ Function.describe node_modules/playwright/lib/transform/transform.js:275:12
 ❯ tests/e2e/smoke.spec.ts:7:6


Error: Process completed with exit code 1.
0s
0s
0s
1s
